<html>
<body>
<pre>
<h1>µVision Build Log</h1>
<h2>Project:</h2>
C:\1. Work Informations folder\b. WaterPlus Work information\26. SmallSizeMobileOmnidirectionnalChassis\2. Program\PassWalkController20151129_XuXx\Project\IO_TEST.uvproj
Project File Date:  12/04/2016

<h2>Output:</h2>
Build target 'MPU'
linking...
Program Size: Code=27564 RO-data=6008 RW-data=340 ZI-data=1868  
After Build - User command #1: C:\Keil\ARM\ARMCC\bin\fromelf.exe "..\Project\List\WP_ALL.axf" --bin --output "..\Project\List\WP_ALL.bin"
".\List\WP_ALL.axf" - 0 Error(s), 0 Warning(s).
</pre>
</body>
</html>
.
compiling Wp_Sys.c...
compiling Wp_TIMER.c...
compiling Wp_EXTI.c...
compiling UpRobot.c...
compiling CmdParse.c...
compiling Queue.c...
compiling Wp_Key.c...
compiling Wp_Ble.c...
compiling Wp_Motor.c...
compiling stdlib.c...
compiling Wp_Pwm.c...
compiling Wp_25F16.c...
compiling Wp_Flash.c...
compiling stm32f10x_rcc.c...
compiling misc.c...
compiling stm32f10x_gpio.c...
compiling stm32f10x_wwdg.c...
compiling stm32f10x_usart.c...
compiling stm32f10x_adc.c...
compiling stm32f10x_dma.c...
compiling stm32f10x_bkp.c...
compiling stm32f10x_can.c...
compiling stm32f10x_cec.c...
compiling stm32f10x_crc.c...
compiling stm32f10x_dac.c...
compiling stm32f10x_dbgmcu.c...
compiling stm32f10x_exti.c...
compiling stm32f10x_flash.c...
compiling stm32f10x_fsmc.c...
compiling stm32f10x_i2c.c...
compiling stm32f10x_iwdg.c...
compiling stm32f10x_pwr.c...
compiling stm32f10x_rtc.c...
compiling stm32f10x_sdio.c...
compiling stm32f10x_spi.c...
compiling stm32f10x_tim.c...
compiling system_stm32f10x.c...
assembling startup_stm32f10x_hd.s...
compiling inv_mpu.c...
compiling inv_mpu_dmp_motion_driver.c...
linking...
Program Size: Code=27564 RO-data=6008 RW-data=340 ZI-data=1868  
After Build - User command #1: C:\Keil\ARM\ARMCC\bin\fromelf.exe "..\Project\List\WP_ALL.axf" --bin --output "..\Project\List\WP_ALL.bin"
".\List\WP_ALL.axf" - 0 Error(s), 0 Warning(s).

