ARM Linker, 5.03 [Build 76] [MDK-ARM Standard]

==============================================================================

Section Cross References

    main.o(i.Wp_Sev_TimerPro) refers to stm32f10x_tim.o(i.TIM_GetITStatus) for TIM_GetITStatus
    main.o(i.Wp_Sev_TimerPro) refers to stm32f10x_tim.o(i.TIM_ClearITPendingBit) for TIM_ClearITPendingBit
    main.o(i.Wp_Sev_TimerPro) refers to wp_key.o(i.Wp_KeyRefreshState) for Wp_KeyRefreshState
    main.o(i.Wp_Sev_TimerPro) refers to wp_key.o(i.Wp_KeyAccessTimes) for Wp_KeyAccessTimes
    main.o(i.Wp_Sev_TimerPro) refers to wp_uart.o(i.Wp_Usart2_SendChar) for Wp_Usart2_SendChar
    main.o(i.Wp_Sev_TimerPro) refers to wp_uart.o(i.Wp_Usart2_SendInt) for Wp_Usart2_SendInt
    main.o(i.Wp_Sev_TimerPro) refers to f2d.o(.text) for __aeabi_f2d
    main.o(i.Wp_Sev_TimerPro) refers to dadd.o(.text) for __aeabi_dadd
    main.o(i.Wp_Sev_TimerPro) refers to cdrcmple.o(.text) for __aeabi_cdrcmple
    main.o(i.Wp_Sev_TimerPro) refers to wp_gpio.o(i.Wp_SetPortOutputValue) for Wp_SetPortOutputValue
    main.o(i.Wp_Sev_TimerPro) refers to wp_motor.o(i.Wp_SetMotorSpeed) for Wp_SetMotorSpeed
    main.o(i.Wp_Sev_TimerPro) refers to wp_globle.o(i.Wp_DelayUs) for Wp_DelayUs
    main.o(i.Wp_Sev_TimerPro) refers to wp_motor.o(i.UpMotorSlaveRxPacket) for UpMotorSlaveRxPacket
    main.o(i.Wp_Sev_TimerPro) refers to main.o(.data) for i
    main.o(i.Wp_Sev_TimerPro) refers to wp_globle.o(.data) for key_up
    main.o(i.Wp_Sev_TimerPro) refers to wp_globle.o(.bss) for analogvalue
    main.o(i.Wp_Sev_TimerPro) refers to uprobot.o(.bss) for str_cmd
    main.o(i.Wp_Sev_TimerPro) refers to wp_motor.o(.bss) for motor_data
    main.o(i.Wp_Sev_TimerPro) refers to queue.o(.bss) for motor_rx_buffer
    main.o(i.Wp_Sev_TimerPro) refers to wp_motor.o(i.Wp_ActiomMotorMode) for Wp_ActiomMotorMode
    main.o(i.Wp_Sev_TimerPro) refers to wp_gpio.o(i.Wp_GetInputValue) for Wp_GetInputValue
    main.o(i.Wp_Sev_TimerPro) refers to wp_gpio.o(i.Wp_GetOutputValue) for Wp_GetOutputValue
    main.o(i.Wp_Sev_TimerPro) refers to wp_adc.o(i.Wp_GetAdcVoltageValue) for Wp_GetAdcVoltageValue
    main.o(i.Wp_Sev_TimerPro) refers to wp_adc.o(i.Wp_FilterPower) for Wp_FilterPower
    main.o(i.Wp_Sev_TimerPro) refers to fmul.o(.text) for __aeabi_fmul
    main.o(i.Wp_Sev_TimerPro) refers to ffixui.o(.text) for __aeabi_f2uiz
    main.o(i.Wp_Sev_TimerPro) refers to wp_mpu6050.o(i.Wp_GetMpu6050Dmp) for Wp_GetMpu6050Dmp
    main.o(i.main) refers to wp_uart.o(i.Wp_SetUART1Hadler) for Wp_SetUART1Hadler
    main.o(i.main) refers to wp_uart.o(i.Wp_SetUART2Hadler) for Wp_SetUART2Hadler
    main.o(i.main) refers to wp_motor.o(i.Wp_SetUART3Hadler) for Wp_SetUART3Hadler
    main.o(i.main) refers to wp_sys.o(i.Wp_SystemConfigure) for Wp_SystemConfigure
    main.o(i.main) refers to wp_oled.o(i.Wp_ClearOled) for Wp_ClearOled
    main.o(i.main) refers to cfrcmple.o(.text) for __aeabi_cfrcmple
    main.o(i.main) refers to wp_oled.o(i.OLED_P8x16Str) for OLED_P8x16Str
    main.o(i.main) refers to wp_oled.o(i.Wp_Disfloat) for Wp_Disfloat
    main.o(i.main) refers to wp_oled.o(i.OLED_P8x16Char) for OLED_P8x16Char
    main.o(i.main) refers to wp_oled.o(i.Wp_DisfloatIntegerandDecimal) for Wp_DisfloatIntegerandDecimal
    main.o(i.main) refers to wp_oled.o(i.Wp_DisP16x16DotArray) for Wp_DisP16x16DotArray
    main.o(i.main) refers to printfb.o(i.__0printf$bare) for __2printf
    main.o(i.main) refers to wp_oled.o(i.OLED_Dis8x16CharNum) for OLED_Dis8x16CharNum
    main.o(i.main) refers to wp_oled.o(i.OLED_Dis6x8CharNum) for OLED_Dis6x8CharNum
    main.o(i.main) refers to wp_uart.o(i.ReceiveUart1Hadler) for ReceiveUart1Hadler
    main.o(i.main) refers to wp_uart.o(i.ReceiveUart2Hadler) for ReceiveUart2Hadler
    main.o(i.main) refers to wp_motor.o(i.ReceiveUart3Hadler) for ReceiveUart3Hadler
    main.o(i.main) refers to wp_globle.o(.data) for keyvalue
    main.o(i.main) refers to wp_mpu6050.o(.bss) for wp_dmp_data
    main.o(i.main) refers to wp_globle.o(.bss) for analogvalue
    main.o(i.main) refers to wp_oled.o(i.Wp_DisIntNum) for Wp_DisIntNum
    main.o(i.main) refers to wp_adc.o(i.Wp_CalculateDistanceChannel) for Wp_CalculateDistanceChannel
    main.o(i.main) refers to wp_adc.o(i.Wp_CalculateLuxChannel) for Wp_CalculateLuxChannel
    main.o(i.main) refers to wp_globle.o(i.Wp_DelayMs) for Wp_DelayMs
    wp_adc.o(i.Wp_AdcConfigure) refers to wp_adc.o(i.Wp_AdcDMAConfigure) for Wp_AdcDMAConfigure
    wp_adc.o(i.Wp_AdcConfigure) refers to stm32f10x_rcc.o(i.RCC_APB2PeriphClockCmd) for RCC_APB2PeriphClockCmd
    wp_adc.o(i.Wp_AdcConfigure) refers to stm32f10x_gpio.o(i.GPIO_Init) for GPIO_Init
    wp_adc.o(i.Wp_AdcConfigure) refers to stm32f10x_adc.o(i.ADC_Init) for ADC_Init
    wp_adc.o(i.Wp_AdcConfigure) refers to stm32f10x_adc.o(i.ADC_RegularChannelConfig) for ADC_RegularChannelConfig
    wp_adc.o(i.Wp_AdcConfigure) refers to stm32f10x_adc.o(i.ADC_DMACmd) for ADC_DMACmd
[...]
    i.__mathlib_dbl_underflow                0x08004710   Section        0  dunder.o(i.__mathlib_dbl_underflow)
    i.__scatterload_copy                     0x08004720   Section       14  handlers.o(i.__scatterload_copy)
    i.__scatterload_null                     0x0800472e   Section        2  handlers.o(i.__scatterload_null)
    i.__scatterload_zeroinit                 0x08004730   Section       14  handlers.o(i.__scatterload_zeroinit)
    i.__set_errno                            0x08004740   Section        0  errno.o(i.__set_errno)
    i._printf_core                           0x0800474c   Section        0  printfb.o(i._printf_core)
    _printf_core                             0x0800474d   Thumb Code    34  printfb.o(i._printf_core)
    i.accel_self_test                        0x08004770   Section        0  inv_mpu.o(i.accel_self_test)
    accel_self_test                          0x08004771   Thumb Code   160  inv_mpu.o(i.accel_self_test)
    i.asin                                   0x08004814   Section        0  asin.o(i.asin)
    i.atan                                   0x08004a90   Section        0  atan.o(i.atan)
    i.atan2                                  0x08004cb4   Section        0  atan2.o(i.atan2)
    i.decode_gesture                         0x08004e34   Section        0  inv_mpu_dmp_motion_driver.o(i.decode_gesture)
    decode_gesture                           0x08004e35   Thumb Code    94  inv_mpu_dmp_motion_driver.o(i.decode_gesture)
    i.delay_ms                               0x08004e98   Section        0  wp_globle.o(i.delay_ms)
    i.delay_us                               0x08004eb0   Section        0  wp_globle.o(i.delay_us)
    i.dmp_enable_6x_lp_quat                  0x08004ece   Section        0  inv_mpu_dmp_motion_driver.o(i.dmp_enable_6x_lp_quat)
    i.dmp_enable_feature                     0x08004f0c   Section        0  inv_mpu_dmp_motion_driver.o(i.dmp_enable_feature)
    i.dmp_enable_gyro_cal                    0x08005128   Section        0  inv_mpu_dmp_motion_driver.o(i.dmp_enable_gyro_cal)
    i.dmp_enable_lp_quat                     0x08005180   Section        0  inv_mpu_dmp_motion_driver.o(i.dmp_enable_lp_quat)
    i.dmp_load_motion_driver_firmware        0x080051bc   Section        0  inv_mpu_dmp_motion_driver.o(i.dmp_load_motion_driver_firmware)
    i.dmp_read_fifo                          0x080051d4   Section        0  inv_mpu_dmp_motion_driver.o(i.dmp_read_fifo)
    i.dmp_set_accel_bias                     0x080053a0   Section        0  inv_mpu_dmp_motion_driver.o(i.dmp_set_accel_bias)
    i.dmp_set_fifo_rate                      0x080054d0   Section        0  inv_mpu_dmp_motion_driver.o(i.dmp_set_fifo_rate)
    i.dmp_set_gyro_bias                      0x08005540   Section        0  inv_mpu_dmp_motion_driver.o(i.dmp_set_gyro_bias)
    i.dmp_set_orientation                    0x08005670   Section        0  inv_mpu_dmp_motion_driver.o(i.dmp_set_orientation)
    i.dmp_set_shake_reject_thresh            0x080057a8   Section        0  inv_mpu_dmp_motion_driver.o(i.dmp_set_shake_reject_thresh)
    i.dmp_set_shake_reject_time              0x080057e0   Section        0  inv_mpu_dmp_motion_driver.o(i.dmp_set_shake_reject_time)
    i.dmp_set_shake_reject_timeout           0x08005806   Section        0  inv_mpu_dmp_motion_driver.o(i.dmp_set_shake_reject_timeout)
    i.dmp_set_tap_axes                       0x0800582c   Section        0  inv_mpu_dmp_motion_driver.o(i.dmp_set_tap_axes)
    i.dmp_set_tap_count                      0x08005872   Section        0  inv_mpu_dmp_motion_driver.o(i.dmp_set_tap_count)
    i.dmp_set_tap_thresh                     0x08005898   Section        0  inv_mpu_dmp_motion_driver.o(i.dmp_set_tap_thresh)
    i.dmp_set_tap_time                       0x08005a38   Section        0  inv_mpu_dmp_motion_driver.o(i.dmp_set_tap_time)
    i.dmp_set_tap_time_multi                 0x08005a5e   Section        0  inv_mpu_dmp_motion_driver.o(i.dmp_set_tap_time_multi)
    i.fputc                                  0x08005a84   Section        0  wp_oled.o(i.fputc)
    i.get_accel_prod_shift                   0x08005af8   Section        0  inv_mpu.o(i.get_accel_prod_shift)
    get_accel_prod_shift                     0x08005af9   Thumb Code   168  inv_mpu.o(i.get_accel_prod_shift)
    i.get_ms                                 0x08005bac   Section        0  wp_globle.o(i.get_ms)
    i.get_st_biases                          0x08005bb0   Section        0  inv_mpu.o(i.get_st_biases)
    get_st_biases                            0x08005bb1   Thumb Code  1132  inv_mpu.o(i.get_st_biases)
    i.gyro_self_test                         0x08006020   Section        0  inv_mpu.o(i.gyro_self_test)
    gyro_self_test                           0x08006021   Thumb Code   252  inv_mpu.o(i.gyro_self_test)
    i.i2cRead                                0x0800612c   Section        0  wp_iic.o(i.i2cRead)
    i2cRead                                  0x0800612d   Thumb Code   120  wp_iic.o(i.i2cRead)
    i.i2cWriteBuffer                         0x080061a4   Section        0  wp_iic.o(i.i2cWriteBuffer)
    i2cWriteBuffer                           0x080061a5   Thumb Code   104  wp_iic.o(i.i2cWriteBuffer)
    i.i2cread                                0x0800620c   Section        0  wp_iic.o(i.i2cread)
    i.i2cwrite                               0x08006232   Section        0  wp_iic.o(i.i2cwrite)
    i.inv_orientation_matrix_to_scalar       0x08006258   Section        0  wp_mpu6050.o(i.inv_orientation_matrix_to_scalar)
    i.inv_row_2_scale                        0x08006280   Section        0  wp_mpu6050.o(i.inv_row_2_scale)
    inv_row_2_scale                          0x08006281   Thumb Code    78  wp_mpu6050.o(i.inv_row_2_scale)
    i.key_delay1ms                           0x080062ce   Section        0  wp_key.o(i.key_delay1ms)
    key_delay1ms                             0x080062cf   Thumb Code    26  wp_key.o(i.key_delay1ms)
    i.main                                   0x080062e8   Section        0  main.o(i.main)
    i.malloc                                 0x08006920   Section        0  malloc.o(i.malloc)
    i.mpu_configure_fifo                     0x0800698c   Section        0  inv_mpu.o(i.mpu_configure_fifo)
    i.mpu_get_accel_fsr                      0x080069fc   Section        0  inv_mpu.o(i.mpu_get_accel_fsr)
    i.mpu_get_accel_sens                     0x08006a48   Section        0  inv_mpu.o(i.mpu_get_accel_sens)
    i.mpu_get_fifo_config                    0x08006a9c   Section        0  inv_mpu.o(i.mpu_get_fifo_config)
    i.mpu_get_gyro_fsr                       0x08006aac   Section        0  inv_mpu.o(i.mpu_get_gyro_fsr)
    i.mpu_get_gyro_sens                      0x08006af0   Section        0  inv_mpu.o(i.mpu_get_gyro_sens)
    i.mpu_get_lpf                            0x08006b40   Section        0  inv_mpu.o(i.mpu_get_lpf)
    i.mpu_get_sample_rate                    0x08006b90   Section        0  inv_mpu.o(i.mpu_get_sample_rate)
    i.mpu_init                               0x08006bb0   Section        0  inv_mpu.o(i.mpu_init)
    i.mpu_load_firmware                      0x08006da0   Section        0  inv_mpu.o(i.mpu_load_firmware)
    i.mpu_lp_accel_mode                      0x08006e58   Section        0  inv_mpu.o(i.mpu_lp_accel_mode)
    i.mpu_read_fifo_stream                   0x08006f38   Section        0  inv_mpu.o(i.mpu_read_fifo_stream)
    i.mpu_read_mem                           0x08006ff8   Section        0  inv_mpu.o(i.mpu_read_mem)
    i.mpu_reset_fifo                         0x08007078   Section        0  inv_mpu.o(i.mpu_reset_fifo)
    i.mpu_run_self_test                      0x08007240   Section        0  inv_mpu.o(i.mpu_run_self_test)
    i.mpu_set_accel_fsr                      0x0800735c   Section        0  inv_mpu.o(i.mpu_set_accel_fsr)
    i.mpu_set_bypass                         0x080073e0   Section        0  inv_mpu.o(i.mpu_set_bypass)
    i.mpu_set_dmp_state                      0x0800752c   Section        0  inv_mpu.o(i.mpu_set_dmp_state)
    i.mpu_set_gyro_fsr                       0x080075bc   Section        0  inv_mpu.o(i.mpu_set_gyro_fsr)
    i.mpu_set_int_latched                    0x08007644   Section        0  inv_mpu.o(i.mpu_set_int_latched)
    i.mpu_set_lpf                            0x080076b0   Section        0  inv_mpu.o(i.mpu_set_lpf)
    i.mpu_set_sample_rate                    0x08007734   Section        0  inv_mpu.o(i.mpu_set_sample_rate)
    i.mpu_set_sensors                        0x080077d0   Section        0  inv_mpu.o(i.mpu_set_sensors)
    i.mpu_write_mem                          0x080078a0   Section        0  inv_mpu.o(i.mpu_write_mem)
    i.run_self_test                          0x08007920   Section        0  wp_mpu6050.o(i.run_self_test)
    i.set_int_enable                         0x080079b4   Section        0  inv_mpu.o(i.set_int_enable)
    set_int_enable                           0x080079b5   Thumb Code   138  inv_mpu.o(i.set_int_enable)
    i.sqrt                                   0x08007a44   Section        0  sqrt.o(i.sqrt)
    i.strcat                                 0x08007a90   Section        0  stdlib.o(i.strcat)
    i.strcpy                                 0x08007aba   Section        0  stdlib.o(i.strcpy)
    i.strlen                                 0x08007ada   Section        0  stdlib.o(i.strlen)
    .constdata                               0x08007af8   Section     2456  wp_oled.o(.constdata)
    .constdata                               0x08008490   Section      157  inv_mpu.o(.constdata)
    .constdata                               0x0800852d   Section     3062  inv_mpu_dmp_motion_driver.o(.constdata)
    dmp_memory                               0x0800852d   Data        3062  inv_mpu_dmp_motion_driver.o(.constdata)
    .constdata                               0x08009128   Section       80  asin.o(.constdata)
    pS                                       0x08009128   Data          48  asin.o(.constdata)
    qS                                       0x08009158   Data          32  asin.o(.constdata)
    .constdata                               0x08009178   Section      152  atan.o(.constdata)
    atanhi                                   0x08009178   Data          32  atan.o(.constdata)
    atanlo                                   0x08009198   Data          32  atan.o(.constdata)
    aTodd                                    0x080091b8   Data          40  atan.o(.constdata)
    aTeven                                   0x080091e0   Data          48  atan.o(.constdata)
    .constdata                               0x08009210   Section        8  qnan.o(.constdata)
    .conststring                             0x08009218   Section        9  wp_globle.o(.conststring)
    .data                                    0x20000000   Section       20  main.o(.data)
    gyro_orientation                         0x20000000   Data           9  main.o(.data)
    i                                        0x20000009   Data           1  main.o(.data)
    j                                        0x2000000a   Data           2  main.o(.data)
    k                                        0x2000000c   Data           1  main.o(.data)
    h                                        0x2000000d   Data           1  main.o(.data)
    n                                        0x2000000e   Data           1  main.o(.data)
    runflag                                  0x2000000f   Data           1  main.o(.data)
    floatleddismode                          0x20000010   Data           1  main.o(.data)
    runtimes                                 0x20000012   Data           2  main.o(.data)
    .data                                    0x20000014   Section        1  wp_adc.o(.data)
    i                                        0x20000014   Data           1  wp_adc.o(.data)
    .data                                    0x20000018   Section       96  wp_globle.o(.data)
    .data                                    0x20000078   Section        1  wp_oled.o(.data)
    s_bClearScreen                           0x20000078   Data           1  wp_oled.o(.data)
    .data                                    0x2000007c   Section       16  wp_mpu6050.o(.data)
    gyro_orientation                         0x2000007c   Data           9  wp_mpu6050.o(.data)
    .data                                    0x2000008c   Section       32  wp_timer.o(.data)
    .data                                    0x200000ac   Section        1  wp_motor.o(.data)
    count                                    0x200000ac   Data           1  wp_motor.o(.data)
    .data                                    0x200000ae   Section       36  wp_pwm.o(.data)
    .data                                    0x200000d2   Section       20  stm32f10x_rcc.o(.data)
    APBAHBPrescTable                         0x200000d2   Data          16  stm32f10x_rcc.o(.data)
    ADCPrescTable                            0x200000e2   Data           4  stm32f10x_rcc.o(.data)
    .data                                    0x200000e8   Section       20  system_stm32f10x.o(.data)
    .data                                    0x200000fc   Section       44  inv_mpu.o(.data)
    st                                       0x200000fc   Data          44  inv_mpu.o(.data)
    .data                                    0x20000128   Section        4  stdout.o(.data)
    .data                                    0x2000012c   Section        4  mvars.o(.data)
    .data                                    0x20000130   Section        4  mvars.o(.data)
    .data                                    0x20000134   Section        4  errno.o(.data)
    _errno                                   0x20000134   Data           4  errno.o(.data)
    .bss                                     0x20000138   Section      244  wp_globle.o(.bss)
    .bss                                     0x2000022c   Section       64  wp_mpu6050.o(.bss)
    hal                                      0x2000022c   Data          14  wp_mpu6050.o(.bss)
    .bss                                     0x2000026c   Section      144  uprobot.o(.bss)
    hal                                      0x2000026c   Data          14  uprobot.o(.bss)
    .bss                                     0x200002fc   Section       48  queue.o(.bss)
    .bss                                     0x2000032c   Section      128  wp_motor.o(.bss)
    .bss                                     0x200003ac   Section       16  inv_mpu_dmp_motion_driver.o(.bss)
    dmp                                      0x200003ac   Data          16  inv_mpu_dmp_motion_driver.o(.bss)
    HEAP                                     0x200003c0   Section      512  startup_stm32f10x_hd.o(HEAP)
    STACK                                    0x200005c0   Section     1024  startup_stm32f10x_hd.o(STACK)

    Global Symbols

    Symbol Name                              Value     Ov Type        Size  Object(Section)

    BuildAttributes$$THM_ISAv4$P$D$K$B$S$PE$A:L22UL41UL21$X:L11$S22US41US21$IEEE1$IW$USESV6$~STKCKD$USESV7$~SHL$OTIME$ROPI$IEEEX$EBA8$MICROLIB$REQ8$PRES8$EABIv2 0x00000000   Number         0  anon$$obj.o ABSOLUTE
    __ARM_use_no_argv                        0x00000000   Number         0  main.o ABSOLUTE
    __cpp_initialize__aeabi_                  - Undefined Weak Reference
    __cxa_finalize                            - Undefined Weak Reference
    _clock_init                               - Undefined Weak Reference
    _microlib_exit                            - Undefined Weak Reference
    __Vectors_Size                           0x00000130   Number         0  startup_stm32f10x_hd.o ABSOLUTE
    __Vectors                                0x08000000   Data           4  startup_stm32f10x_hd.o(RESET)
    __Vectors_End                            0x08000130   Data           0  startup_stm32f10x_hd.o(RESET)
    __main                                   0x08000131   Thumb Code     0  entry.o(.ARM.Collect$$$$00000000)
    _main_stk                                0x08000131   Thumb Code     0  entry2.o(.ARM.Collect$$$$00000001)
    _main_scatterload                        0x08000135   Thumb Code     0  entry5.o(.ARM.Collect$$$$00000004)
    __main_after_scatterload                 0x08000139   Thumb Code     0  entry5.o(.ARM.Collect$$$$00000004)
    _main_clock                              0x08000139   Thumb Code     0  entry7b.o(.ARM.Collect$$$$00000008)
    _main_cpp_init                           0x08000139   Thumb Code     0  entry8b.o(.ARM.Collect$$$$0000000A)
    _main_init                               0x08000139   Thumb Code     0  entry9a.o(.ARM.Collect$$$$0000000B)
    __rt_final_cpp                           0x08000141   Thumb Code     0  entry10a.o(.ARM.Collect$$$$0000000D)
    __rt_final_exit                          0x08000141   Thumb Code     0  entry11a.o(.ARM.Collect$$$$0000000F)
    Reset_Handler                            0x08000145   Thumb Code     8  startup_stm32f10x_hd.o(.text)
    NMI_Handler                              0x0800014d   Thumb Code     2  startup_stm32f10x_hd.o(.text)
    HardFault_Handler                        0x0800014f   Thumb Code     2  startup_stm32f10x_hd.o(.text)
    MemManage_Handler                        0x08000151   Thumb Code     2  startup_stm32f10x_hd.o(.text)
    BusFault_Handler                         0x08000153   Thumb Code     2  startup_stm32f10x_hd.o(.text)
    UsageFault_Handler                       0x08000155   Thumb Code     2  startup_stm32f10x_hd.o(.text)
    SVC_Handler                              0x08000157   Thumb Code     2  startup_stm32f10x_hd.o(.text)
    DebugMon_Handler                         0x08000159   Thumb Code     2  startup_stm32f10x_hd.o(.text)
    PendSV_Handler                           0x0800015b   Thumb Code     2  startup_stm32f10x_hd.o(.text)
    ADC1_2_IRQHandler                        0x0800015f   Thumb Code     0  startup_stm32f10x_hd.o(.text)
    ADC3_IRQHandler                          0x0800015f   Thumb Code     0  startup_stm32f10x_hd.o(.text)
    CAN1_RX1_IRQHandler                      0x0800015f   Thumb Code     0  startup_stm32f10x_hd.o(.text)
    CAN1_SCE_IRQHandler                      0x0800015f   Thumb Code     0  startup_stm32f10x_hd.o(.text)
    DMA1_Channel2_IRQHandler                 0x0800015f   Thumb Code     0  startup_stm32f10x_hd.o(.text)
    DMA1_Channel3_IRQHandler                 0x0800015f   Thumb Code     0  startup_stm32f10x_hd.o(.text)
    DMA1_Channel6_IRQHandler                 0x0800015f   Thumb Code     0  startup_stm32f10x_hd.o(.text)
    DMA1_Channel7_IRQHandler                 0x0800015f   Thumb Code     0  startup_stm32f10x_hd.o(.text)
    DMA2_Channel1_IRQHandler                 0x0800015f   Thumb Code     0  startup_stm32f10x_hd.o(.text)
    DMA2_Channel2_IRQHandler                 0x0800015f   Thumb Code     0  startup_stm32f10x_hd.o(.text)
    DMA2_Channel3_IRQHandler                 0x0800015f   Thumb Code     0  startup_stm32f10x_hd.o(.text)
    DMA2_Channel4_5_IRQHandler               0x0800015f   Thumb Code     0  startup_stm32f10x_hd.o(.text)
    FLASH_IRQHandler                         0x0800015f   Thumb Code     0  startup_stm32f10x_hd.o(.text)
    FSMC_IRQHandler                          0x0800015f   Thumb Code     0  startup_stm32f10x_hd.o(.text)
    I2C1_ER_IRQHandler                       0x0800015f   Thumb Code     0  startup_stm32f10x_hd.o(.text)
    I2C1_EV_IRQHandler                       0x0800015f   Thumb Code     0  startup_stm32f10x_hd.o(.text)
    I2C2_ER_IRQHandler                       0x0800015f   Thumb Code     0  startup_stm32f10x_hd.o(.text)
    I2C2_EV_IRQHandler                       0x0800015f   Thumb Code     0  startup_stm32f10x_hd.o(.text)
    PVD_IRQHandler                           0x0800015f   Thumb Code     0  startup_stm32f10x_hd.o(.text)
    RCC_IRQHandler                           0x0800015f   Thumb Code     0  startup_stm32f10x_hd.o(.text)
    RTCAlarm_IRQHandler                      0x0800015f   Thumb Code     0  startup_stm32f10x_hd.o(.text)
    RTC_IRQHandler                           0x0800015f   Thumb Code     0  startup_stm32f10x_hd.o(.text)
    SDIO_IRQHandler                          0x0800015f   Thumb Code     0  startup_stm32f10x_hd.o(.text)
    SPI1_IRQHandler                          0x0800015f   Thumb Code     0  startup_stm32f10x_hd.o(.text)
    SPI2_IRQHandler                          0x0800015f   Thumb Code     0  startup_stm32f10x_hd.o(.text)
    SPI3_IRQHandler                          0x0800015f   Thumb Code     0  startup_stm32f10x_hd.o(.text)
    TAMPER_IRQHandler                        0x0800015f   Thumb Code     0  startup_stm32f10x_hd.o(.text)
    TIM1_BRK_IRQHandler                      0x0800015f   Thumb Code     0  startup_stm32f10x_hd.o(.text)
    TIM1_CC_IRQHandler                       0x0800015f   Thumb Code     0  startup_stm32f10x_hd.o(.text)
    TIM1_TRG_COM_IRQHandler                  0x0800015f   Thumb Code     0  startup_stm32f10x_hd.o(.text)
    TIM1_UP_IRQHandler                       0x0800015f   Thumb Code     0  startup_stm32f10x_hd.o(.text)
    TIM5_IRQHandler                          0x0800015f   Thumb Code     0  startup_stm32f10x_hd.o(.text)
    TIM6_IRQHandler                          0x0800015f   Thumb Code     0  startup_stm32f10x_hd.o(.text)
    TIM7_IRQHandler                          0x0800015f   Thumb Code     0  startup_stm32f10x_hd.o(.text)
    TIM8_BRK_IRQHandler                      0x0800015f   Thumb Code     0  startup_stm32f10x_hd.o(.text)
    TIM8_CC_IRQHandler                       0x0800015f   Thumb Code     0  startup_stm32f10x_hd.o(.text)
    TIM8_TRG_COM_IRQHandler                  0x0800015f   Thumb Code     0  startup_stm32f10x_hd.o(.text)
    TIM8_UP_IRQHandler                       0x0800015f   Thumb Code     0  startup_stm32f10x_hd.o(.text)
    UART4_IRQHandler                         0x0800015f   Thumb Code     0  startup_stm32f10x_hd.o(.text)
    UART5_IRQHandler                         0x0800015f   Thumb Code     0  startup_stm32f10x_hd.o(.text)
    USBWakeUp_IRQHandler                     0x0800015f   Thumb Code     0  startup_stm32f10x_hd.o(.text)
    USB_HP_CAN1_TX_IRQHandler                0x0800015f   Thumb Code     0  startup_stm32f10x_hd.o(.text)
    USB_LP_CAN1_RX0_IRQHandler               0x0800015f   Thumb Code     0  startup_stm32f10x_hd.o(.text)
    WWDG_IRQHandler                          0x0800015f   Thumb Code     0  startup_stm32f10x_hd.o(.text)
    __aeabi_ldivmod                          0x08000169   Thumb Code    90  ldiv.o(.text)
    __aeabi_memset                           0x080001c3   Thumb Code    14  memseta.o(.text)
    __aeabi_memset4                          0x080001c3   Thumb Code     0  memseta.o(.text)
    __aeabi_memset8                          0x080001c3   Thumb Code     0  memseta.o(.text)
    __aeabi_memclr                           0x080001d1   Thumb Code     4  memseta.o(.text)
    __aeabi_memclr4                          0x080001d1   Thumb Code     0  memseta.o(.text)
    __aeabi_memclr8                          0x080001d1   Thumb Code     0  memseta.o(.text)
    _memset$wrapper                          0x080001d5   Thumb Code    18  memseta.o(.text)
    memcmp                                   0x080001e7   Thumb Code    26  memcmp.o(.text)
    __aeabi_fadd                             0x08000201   Thumb Code   164  fadd.o(.text)
    __aeabi_fsub                             0x080002a5   Thumb Code     6  fadd.o(.text)
    __aeabi_frsub                            0x080002ab   Thumb Code     6  fadd.o(.text)
    __aeabi_fmul                             0x080002b1   Thumb Code   108  fmul.o(.text)
    __aeabi_fdiv                             0x0800031d   Thumb Code   128  fdiv.o(.text)
    __aeabi_dadd                             0x0800039d   Thumb Code   322  dadd.o(.text)
    __aeabi_dsub                             0x080004df   Thumb Code     6  dadd.o(.text)
    __aeabi_drsub                            0x080004e5   Thumb Code     6  dadd.o(.text)
    __aeabi_dmul                             0x080004eb   Thumb Code   228  dmul.o(.text)
    __aeabi_ddiv                             0x080005cf   Thumb Code   222  ddiv.o(.text)
    __aeabi_i2f                              0x080006ad   Thumb Code    18  fflti.o(.text)
    __aeabi_ui2f                             0x080006bf   Thumb Code    10  ffltui.o(.text)
    __aeabi_f2iz                             0x080006c9   Thumb Code    50  ffixi.o(.text)
    __aeabi_f2uiz                            0x080006fb   Thumb Code    40  ffixui.o(.text)
    __aeabi_d2uiz                            0x08000723   Thumb Code    50  dfixui.o(.text)
    __aeabi_f2d                              0x08000755   Thumb Code    38  f2d.o(.text)
    __aeabi_cdcmpeq                          0x0800077d   Thumb Code     0  cdcmple.o(.text)
    __aeabi_cdcmple                          0x0800077d   Thumb Code    38  cdcmple.o(.text)
    __aeabi_cdrcmple                         0x080007a5   Thumb Code    38  cdrcmple.o(.text)
    __aeabi_d2f                              0x080007cd   Thumb Code    56  d2f.o(.text)
    __aeabi_cfcmpeq                          0x08000805   Thumb Code     0  cfcmple.o(.text)
    __aeabi_cfcmple                          0x08000805   Thumb Code    20  cfcmple.o(.text)
    __aeabi_cfrcmple                         0x08000819   Thumb Code    20  cfrcmple.o(.text)
    __aeabi_uldivmod                         0x0800082d   Thumb Code    98  uldiv.o(.text)
    __aeabi_llsl                             0x0800088f   Thumb Code    30  llshl.o(.text)
    _ll_shift_l                              0x0800088f   Thumb Code     0  llshl.o(.text)
    __aeabi_llsr                             0x080008ad   Thumb Code    32  llushr.o(.text)
    _ll_ushift_r                             0x080008ad   Thumb Code     0  llushr.o(.text)
    __aeabi_lasr                             0x080008cd   Thumb Code    36  llsshr.o(.text)
    _ll_sshift_r                             0x080008cd   Thumb Code     0  llsshr.o(.text)
    __I$use$fp                               0x080008f1   Thumb Code     0  iusefp.o(.text)
    _float_round                             0x080008f1   Thumb Code    18  fepilogue.o(.text)
    _float_epilogue                          0x08000903   Thumb Code    90  fepilogue.o(.text)
    _double_round                            0x0800095d   Thumb Code    26  depilogue.o(.text)
    _double_epilogue                         0x08000977   Thumb Code   164  depilogue.o(.text)
    __ARM_scalbn                             0x08000a1b   Thumb Code    46  dscalb.o(.text)
    scalbn                                   0x08000a1b   Thumb Code     0  dscalb.o(.text)
    __scatterload                            0x08000a49   Thumb Code    28  init.o(.text)
    __scatterload_rt2                        0x08000a49   Thumb Code     0  init.o(.text)
    _dsqrt                                   0x08000a6d   Thumb Code   162  dsqrt.o(.text)
    __decompress                             0x08000b0f   Thumb Code     0  __dczerorl2.o(.text)
    __decompress1                            0x08000b0f   Thumb Code    92  __dczerorl2.o(.text)
    ADC_Cmd                                  0x08000b6b   Thumb Code    22  stm32f10x_adc.o(i.ADC_Cmd)
    ADC_DMACmd                               0x08000b81   Thumb Code    22  stm32f10x_adc.o(i.ADC_DMACmd)
    ADC_GetCalibrationStatus                 0x08000b97   Thumb Code    20  stm32f10x_adc.o(i.ADC_GetCalibrationStatus)
    ADC_GetResetCalibrationStatus            0x08000bab   Thumb Code    20  stm32f10x_adc.o(i.ADC_GetResetCalibrationStatus)
    ADC_Init                                 0x08000bc1   Thumb Code    70  stm32f10x_adc.o(i.ADC_Init)
    ADC_RegularChannelConfig                 0x08000c11   Thumb Code   184  stm32f10x_adc.o(i.ADC_RegularChannelConfig)
    ADC_ResetCalibration                     0x08000cc9   Thumb Code    10  stm32f10x_adc.o(i.ADC_ResetCalibration)
    ADC_SoftwareStartConvCmd                 0x08000cd3   Thumb Code    22  stm32f10x_adc.o(i.ADC_SoftwareStartConvCmd)
    ADC_StartCalibration                     0x08000ce9   Thumb Code    10  stm32f10x_adc.o(i.ADC_StartCalibration)
    AddBufferQueue                           0x08000cf3   Thumb Code    28  queue.o(i.AddBufferQueue)
    DMA1_Channel1_IRQHandler                 0x08000d0f   Thumb Code    18  wp_it.o(i.DMA1_Channel1_IRQHandler)
    DMA1_Channel4_IRQHandler                 0x08000d21   Thumb Code    20  wp_it.o(i.DMA1_Channel4_IRQHandler)
    DMA1_Channel5_IRQHandler                 0x08000d39   Thumb Code    12  wp_it.o(i.DMA1_Channel5_IRQHandler)
    DMA_ClearFlag                            0x08000d45   Thumb Code    18  stm32f10x_dma.o(i.DMA_ClearFlag)
    DMA_ClearITPendingBit                    0x08000d61   Thumb Code    18  stm32f10x_dma.o(i.DMA_ClearITPendingBit)
    DMA_Cmd                                  0x08000d7d   Thumb Code    24  stm32f10x_dma.o(i.DMA_Cmd)
    DMA_DeInit                               0x08000d95   Thumb Code   324  stm32f10x_dma.o(i.DMA_DeInit)
    DMA_GetITStatus                          0x08000ee1   Thumb Code    34  stm32f10x_dma.o(i.DMA_GetITStatus)
    DMA_ITConfig                             0x08000f0d   Thumb Code    18  stm32f10x_dma.o(i.DMA_ITConfig)
    DMA_Init                                 0x08000f1f   Thumb Code    60  stm32f10x_dma.o(i.DMA_Init)
    EXTI0_IRQHandler                         0x08000f5b   Thumb Code    16  wp_it.o(i.EXTI0_IRQHandler)
    EXTI15_10_IRQHandler                     0x08000f6b   Thumb Code   170  wp_it.o(i.EXTI15_10_IRQHandler)
    EXTI1_IRQHandler                         0x08001015   Thumb Code    16  wp_it.o(i.EXTI1_IRQHandler)
    EXTI2_IRQHandler                         0x08001025   Thumb Code    16  wp_it.o(i.EXTI2_IRQHandler)
    EXTI3_IRQHandler                         0x08001035   Thumb Code    16  wp_it.o(i.EXTI3_IRQHandler)
    EXTI4_IRQHandler                         0x08001045   Thumb Code    16  wp_it.o(i.EXTI4_IRQHandler)
    EXTI9_5_IRQHandler                       0x08001055   Thumb Code   124  wp_it.o(i.EXTI9_5_IRQHandler)
    EXTI_ClearITPendingBit                   0x080010d1   Thumb Code     6  stm32f10x_exti.o(i.EXTI_ClearITPendingBit)
    EXTI_GetITStatus                         0x080010dd   Thumb Code    34  stm32f10x_exti.o(i.EXTI_GetITStatus)
    EXTI_IRQHandler                          0x08001105   Thumb Code    20  wp_it.o(i.EXTI_IRQHandler)
    GPIO_Init                                0x0800111d   Thumb Code   274  stm32f10x_gpio.o(i.GPIO_Init)
    GPIO_PinRemapConfig                      0x08001231   Thumb Code   138  stm32f10x_gpio.o(i.GPIO_PinRemapConfig)
    GPIO_ReadInputDataBit                    0x080012c1   Thumb Code    18  stm32f10x_gpio.o(i.GPIO_ReadInputDataBit)
    GPIO_ReadOutputDataBit                   0x080012d3   Thumb Code    18  stm32f10x_gpio.o(i.GPIO_ReadOutputDataBit)
    GPIO_ResetBits                           0x080012e5   Thumb Code     4  stm32f10x_gpio.o(i.GPIO_ResetBits)
    GPIO_SetBits                             0x080012e9   Thumb Code     4  stm32f10x_gpio.o(i.GPIO_SetBits)
    InitBufferQueue                          0x080014f3   Thumb Code    48  queue.o(i.InitBufferQueue)
    NVIC_Init                                0x08001595   Thumb Code   102  misc.o(i.NVIC_Init)
    NVIC_PriorityGroupConfig                 0x08001609   Thumb Code    10  misc.o(i.NVIC_PriorityGroupConfig)
    OLED_Dis6x8CharNum                       0x08001637   Thumb Code    40  wp_oled.o(i.OLED_Dis6x8CharNum)
    OLED_Dis8x16CharNum                      0x0800165f   Thumb Code    40  wp_oled.o(i.OLED_Dis8x16CharNum)
    OLED_P6x8Char                            0x08001689   Thumb Code    92  wp_oled.o(i.OLED_P6x8Char)
    OLED_P8x16Char                           0x080016e9   Thumb Code   170  wp_oled.o(i.OLED_P8x16Char)
    OLED_P8x16Str                            0x08001799   Thumb Code   206  wp_oled.o(i.OLED_P8x16Str)
    OutBufferQueue                           0x08001959   Thumb Code    50  queue.o(i.OutBufferQueue)
    RCC_AHBPeriphClockCmd                    0x0800198d   Thumb Code    26  stm32f10x_rcc.o(i.RCC_AHBPeriphClockCmd)
    RCC_APB1PeriphClockCmd                   0x080019ad   Thumb Code    26  stm32f10x_rcc.o(i.RCC_APB1PeriphClockCmd)
    RCC_APB2PeriphClockCmd                   0x080019cd   Thumb Code    26  stm32f10x_rcc.o(i.RCC_APB2PeriphClockCmd)
    RCC_GetClocksFreq                        0x08001a61   Thumb Code   192  stm32f10x_rcc.o(i.RCC_GetClocksFreq)
    ReceiveUart1Hadler                       0x08001b35   Thumb Code    14  wp_uart.o(i.ReceiveUart1Hadler)
    ReceiveUart2Hadler                       0x08001b49   Thumb Code     6  wp_uart.o(i.ReceiveUart2Hadler)
    ReceiveUart3Hadler                       0x08001b55   Thumb Code    14  wp_motor.o(i.ReceiveUart3Hadler)
    SPI_Cmd                                  0x08001b69   Thumb Code    24  stm32f10x_spi.o(i.SPI_Cmd)
    SPI_Init                                 0x08001b81   Thumb Code    60  stm32f10x_spi.o(i.SPI_Init)
    SimulateI2cInit                          0x08001ca1   Thumb Code    32  wp_iic.o(i.SimulateI2cInit)
    SysTick_Handler                          0x08001cc5   Thumb Code    18  wp_it.o(i.SysTick_Handler)
    SystemInit                               0x08001cdd   Thumb Code    78  system_stm32f10x.o(i.SystemInit)
    TIM2_IRQHandler                          0x08001d3d   Thumb Code     8  wp_it.o(i.TIM2_IRQHandler)
    TIM3_IRQHandler                          0x08001d45   Thumb Code     8  wp_it.o(i.TIM3_IRQHandler)
    TIM4_IRQHandler                          0x08001d4d   Thumb Code     8  wp_it.o(i.TIM4_IRQHandler)
    TIM_ARRPreloadConfig                     0x08001d55   Thumb Code    24  stm32f10x_tim.o(i.TIM_ARRPreloadConfig)
    TIM_ClearITPendingBit                    0x08001d6d   Thumb Code     6  stm32f10x_tim.o(i.TIM_ClearITPendingBit)
    TIM_Cmd                                  0x08001d73   Thumb Code    24  stm32f10x_tim.o(i.TIM_Cmd)
    TIM_GetITStatus                          0x08001d8b   Thumb Code    34  stm32f10x_tim.o(i.TIM_GetITStatus)
    TIM_ITConfig                             0x08001dad   Thumb Code    18  stm32f10x_tim.o(i.TIM_ITConfig)
    TIM_OC1Init                              0x08001dc1   Thumb Code   132  stm32f10x_tim.o(i.TIM_OC1Init)
    TIM_OC1PreloadConfig                     0x08001e59   Thumb Code    18  stm32f10x_tim.o(i.TIM_OC1PreloadConfig)
    TIM_TimeBaseInit                         0x08001e6d   Thumb Code   122  stm32f10x_tim.o(i.TIM_TimeBaseInit)
    TestEmptyBufferQueue                     0x08001f11   Thumb Code    18  queue.o(i.TestEmptyBufferQueue)
    USART1_IRQHandler                        0x08001f25   Thumb Code    76  wp_it.o(i.USART1_IRQHandler)
    USART2_IRQHandler                        0x08001f79   Thumb Code    76  wp_it.o(i.USART2_IRQHandler)
    USART3_IRQHandler                        0x08001fcd   Thumb Code    76  wp_it.o(i.USART3_IRQHandler)
    USART_ClearFlag                          0x08002021   Thumb Code    18  stm32f10x_usart.o(i.USART_ClearFlag)
    USART_ClearITPendingBit                  0x08002033   Thumb Code    30  stm32f10x_usart.o(i.USART_ClearITPendingBit)
    USART_ClockInit                          0x08002051   Thumb Code    34  stm32f10x_usart.o(i.USART_ClockInit)
    USART_Cmd                                0x08002073   Thumb Code    24  stm32f10x_usart.o(i.USART_Cmd)
    USART_DMACmd                             0x0800208b   Thumb Code    18  stm32f10x_usart.o(i.USART_DMACmd)
    USART_GetFlagStatus                      0x0800209d   Thumb Code    26  stm32f10x_usart.o(i.USART_GetFlagStatus)
    USART_GetITStatus                        0x080020b7   Thumb Code    84  stm32f10x_usart.o(i.USART_GetITStatus)
    USART_ITConfig                           0x0800210b   Thumb Code    74  stm32f10x_usart.o(i.USART_ITConfig)
    USART_Init                               0x08002155   Thumb Code   210  stm32f10x_usart.o(i.USART_Init)
    USART_ReceiveData                        0x0800222d   Thumb Code    10  stm32f10x_usart.o(i.USART_ReceiveData)
    USART_SendData                           0x08002237   Thumb Code     8  stm32f10x_usart.o(i.USART_SendData)
    UpMotorSlaveRxPacket                     0x08002241   Thumb Code   228  wp_motor.o(i.UpMotorSlaveRxPacket)
    UpMotorSlaveTxPacket                     0x08002329   Thumb Code   122  wp_motor.o(i.UpMotorSlaveTxPacket)
    Wp_ActiomMotorMode                       0x080023a5   Thumb Code    66  wp_motor.o(i.Wp_ActiomMotorMode)
    Wp_AdcConfigure                          0x080023f1   Thumb Code   382  wp_adc.o(i.Wp_AdcConfigure)
    Wp_BleKeyInit                            0x080025e1   Thumb Code    44  wp_ble.o(i.Wp_BleKeyInit)
    Wp_CalculateDistanceChannel              0x08002611   Thumb Code   516  wp_adc.o(i.Wp_CalculateDistanceChannel)
    Wp_CalculateLuxChannel                   0x0800287d   Thumb Code   102  wp_adc.o(i.Wp_CalculateLuxChannel)
    Wp_ClearOled                             0x080028fd   Thumb Code    70  wp_oled.o(i.Wp_ClearOled)
    Wp_DelayMs                               0x0800294d   Thumb Code    16  wp_globle.o(i.Wp_DelayMs)
    Wp_DelayUs                               0x08002961   Thumb Code    26  wp_globle.o(i.Wp_DelayUs)
    Wp_DisIntNum                             0x0800297b   Thumb Code   156  wp_oled.o(i.Wp_DisIntNum)
    Wp_DisP16x16DotArray                     0x08002a19   Thumb Code   136  wp_oled.o(i.Wp_DisP16x16DotArray)
    Wp_DisP16x16HanZiArray                   0x08002aa5   Thumb Code   138  wp_oled.o(i.Wp_DisP16x16HanZiArray)
    Wp_Disfloat                              0x08002b31   Thumb Code   266  wp_oled.o(i.Wp_Disfloat)
    Wp_DisfloatIntegerandDecimal             0x08002c41   Thumb Code   302  wp_oled.o(i.Wp_DisfloatIntegerandDecimal)
    Wp_FilterPower                           0x08002d75   Thumb Code   110  wp_adc.o(i.Wp_FilterPower)
    Wp_FlashSpiConfigure                     0x08002df9   Thumb Code   188  wp_25f16.o(i.Wp_FlashSpiConfigure)
    Wp_GetAdcChannelSamplingValue            0x08002ebd   Thumb Code    18  wp_adc.o(i.Wp_GetAdcChannelSamplingValue)
    Wp_GetAdcVoltageValue                    0x08002ed5   Thumb Code    88  wp_adc.o(i.Wp_GetAdcVoltageValue)
    Wp_GetInputValue                         0x08002f39   Thumb Code    64  wp_gpio.o(i.Wp_GetInputValue)
    Wp_GetMpu6050Dmp                         0x08002f7d   Thumb Code   544  wp_mpu6050.o(i.Wp_GetMpu6050Dmp)
    Wp_GetOutputValue                        0x080031a5   Thumb Code   120  wp_gpio.o(i.Wp_GetOutputValue)
    Wp_GpioConfigure                         0x08003259   Thumb Code   134  wp_gpio.o(i.Wp_GpioConfigure)
    Wp_KeyAccessTimes                        0x080032f1   Thumb Code    78  wp_key.o(i.Wp_KeyAccessTimes)
    Wp_KeyInit                               0x08003341   Thumb Code    66  wp_key.o(i.Wp_KeyInit)
    Wp_KeyObjectInit                         0x080033a9   Thumb Code    12  wp_key.o(i.Wp_KeyObjectInit)
    Wp_KeyRefreshState                       0x080033b5   Thumb Code    86  wp_key.o(i.Wp_KeyRefreshState)
    Wp_MPU6050DMP_Init                       0x0800340d   Thumb Code    80  wp_mpu6050.o(i.Wp_MPU6050DMP_Init)
    Wp_NVIC_Configuration                    0x0800348d   Thumb Code   188  wp_nvic.o(i.Wp_NVIC_Configuration)
    Wp_OledInit                              0x08003549   Thumb Code   238  wp_oled.o(i.Wp_OledInit)
    Wp_Pwm_TimerPro                          0x0800363d   Thumb Code   266  wp_pwm.o(i.Wp_Pwm_TimerPro)
    Wp_SetBleBaud                            0x08003759   Thumb Code    36  wp_ble.o(i.Wp_SetBleBaud)
    Wp_SetBleName                            0x08003795   Thumb Code    40  wp_ble.o(i.Wp_SetBleName)
    Wp_SetMotorSpeed                         0x080037c5   Thumb Code   106  wp_motor.o(i.Wp_SetMotorSpeed)
    Wp_SetPortOutputValue                    0x08003839   Thumb Code    78  wp_gpio.o(i.Wp_SetPortOutputValue)
    Wp_SetUART1Hadler                        0x08003891   Thumb Code     8  wp_uart.o(i.Wp_SetUART1Hadler)
    Wp_SetUART2Hadler                        0x0800389d   Thumb Code     8  wp_uart.o(i.Wp_SetUART2Hadler)
    Wp_SetUART3Hadler                        0x080038a9   Thumb Code     8  wp_motor.o(i.Wp_SetUART3Hadler)
    Wp_Sev_TimerPro                          0x080038b5   Thumb Code  1288  main.o(i.Wp_Sev_TimerPro)
    Wp_SystemConfigure                       0x08003dd5   Thumb Code   392  wp_sys.o(i.Wp_SystemConfigure)
    Wp_Timer2Configure                       0x08003f81   Thumb Code   118  wp_timer.o(i.Wp_Timer2Configure)
    Wp_Uart1RxDmaInit                        0x08003ff9   Thumb Code   102  wp_dma.o(i.Wp_Uart1RxDmaInit)
    Wp_Uart1TxDmaInit                        0x0800406d   Thumb Code   104  wp_dma.o(i.Wp_Uart1TxDmaInit)
    Wp_Usart1Configure                       0x080040e1   Thumb Code   202  wp_uart.o(i.Wp_Usart1Configure)
    Wp_Usart1_SendStr                        0x080041b9   Thumb Code    38  wp_uart.o(i.Wp_Usart1_SendStr)
    Wp_Usart2Configure                       0x080041e5   Thumb Code   174  wp_uart.o(i.Wp_Usart2Configure)
    Wp_Usart2_SendChar                       0x080042a1   Thumb Code    28  wp_uart.o(i.Wp_Usart2_SendChar)
    Wp_Usart2_SendInt                        0x080042c1   Thumb Code    20  wp_uart.o(i.Wp_Usart2_SendInt)
    Wp_Usart2_SendStr                        0x080042d5   Thumb Code    38  wp_uart.o(i.Wp_Usart2_SendStr)
    Wp_Usart3Configure                       0x08004301   Thumb Code   210  wp_motor.o(i.Wp_Usart3Configure)
    Wp_Usart3_SendChar                       0x080043e5   Thumb Code    28  wp_motor.o(i.Wp_Usart3_SendChar)
    Wp_User_TimerPro                         0x08004405   Thumb Code   526  wp_timer.o(i.Wp_User_TimerPro)
    __0printf$bare                           0x0800462d   Thumb Code     8  printfb.o(i.__0printf$bare)
    __1printf$bare                           0x0800462d   Thumb Code     0  printfb.o(i.__0printf$bare)
    __2printf                                0x0800462d   Thumb Code     0  printfb.o(i.__0printf$bare)
    __ARM_fpclassify                         0x0800463d   Thumb Code    40  fpclassify.o(i.__ARM_fpclassify)
    __kernel_poly                            0x08004665   Thumb Code   170  poly.o(i.__kernel_poly)
    __mathlib_dbl_underflow                  0x08004711   Thumb Code    10  dunder.o(i.__mathlib_dbl_underflow)
    __scatterload_copy                       0x08004721   Thumb Code    14  handlers.o(i.__scatterload_copy)
    __scatterload_null                       0x0800472f   Thumb Code     2  handlers.o(i.__scatterload_null)
    __scatterload_zeroinit                   0x08004731   Thumb Code    14  handlers.o(i.__scatterload_zeroinit)
    __set_errno                              0x08004741   Thumb Code     6  errno.o(i.__set_errno)
    asin                                     0x08004815   Thumb Code   584  asin.o(i.asin)
    atan                                     0x08004a91   Thumb Code   478  atan.o(i.atan)
    atan2                                    0x08004cb5   Thumb Code   346  atan2.o(i.atan2)
    delay_ms                                 0x08004e99   Thumb Code    24  wp_globle.o(i.delay_ms)
    delay_us                                 0x08004eb1   Thumb Code    30  wp_globle.o(i.delay_us)
    dmp_enable_6x_lp_quat                    0x08004ecf   Thumb Code    60  inv_mpu_dmp_motion_driver.o(i.dmp_enable_6x_lp_quat)
    dmp_enable_feature                       0x08004f0d   Thumb Code   530  inv_mpu_dmp_motion_driver.o(i.dmp_enable_feature)
    dmp_enable_gyro_cal                      0x08005129   Thumb Code    62  inv_mpu_dmp_motion_driver.o(i.dmp_enable_gyro_cal)
    dmp_enable_lp_quat                       0x08005181   Thumb Code    60  inv_mpu_dmp_motion_driver.o(i.dmp_enable_lp_quat)
    dmp_load_motion_driver_firmware          0x080051bd   Thumb Code    20  inv_mpu_dmp_motion_driver.o(i.dmp_load_motion_driver_firmware)
    dmp_read_fifo                            0x080051d5   Thumb Code   454  inv_mpu_dmp_motion_driver.o(i.dmp_read_fifo)
    dmp_set_accel_bias                       0x080053a1   Thumb Code   300  inv_mpu_dmp_motion_driver.o(i.dmp_set_accel_bias)
    dmp_set_fifo_rate                        0x080054d1   Thumb Code    96  inv_mpu_dmp_motion_driver.o(i.dmp_set_fifo_rate)
    dmp_set_gyro_bias                        0x08005541   Thumb Code   294  inv_mpu_dmp_motion_driver.o(i.dmp_set_gyro_bias)
    dmp_set_orientation                      0x08005671   Thumb Code   290  inv_mpu_dmp_motion_driver.o(i.dmp_set_orientation)
    dmp_set_shake_reject_thresh              0x080057a9   Thumb Code    56  inv_mpu_dmp_motion_driver.o(i.dmp_set_shake_reject_thresh)
    dmp_set_shake_reject_time                0x080057e1   Thumb Code    38  inv_mpu_dmp_motion_driver.o(i.dmp_set_shake_reject_time)
    dmp_set_shake_reject_timeout             0x08005807   Thumb Code    38  inv_mpu_dmp_motion_driver.o(i.dmp_set_shake_reject_timeout)
    dmp_set_tap_axes                         0x0800582d   Thumb Code    70  inv_mpu_dmp_motion_driver.o(i.dmp_set_tap_axes)
    dmp_set_tap_count                        0x08005873   Thumb Code    38  inv_mpu_dmp_motion_driver.o(i.dmp_set_tap_count)
    dmp_set_tap_thresh                       0x08005899   Thumb Code   396  inv_mpu_dmp_motion_driver.o(i.dmp_set_tap_thresh)
    dmp_set_tap_time                         0x08005a39   Thumb Code    38  inv_mpu_dmp_motion_driver.o(i.dmp_set_tap_time)
    dmp_set_tap_time_multi                   0x08005a5f   Thumb Code    38  inv_mpu_dmp_motion_driver.o(i.dmp_set_tap_time_multi)
    fputc                                    0x08005a85   Thumb Code   104  wp_oled.o(i.fputc)
    get_ms                                   0x08005bad   Thumb Code     2  wp_globle.o(i.get_ms)
    i2cread                                  0x0800620d   Thumb Code    38  wp_iic.o(i.i2cread)
    i2cwrite                                 0x08006233   Thumb Code    38  wp_iic.o(i.i2cwrite)
    inv_orientation_matrix_to_scalar         0x08006259   Thumb Code    40  wp_mpu6050.o(i.inv_orientation_matrix_to_scalar)
    main                                     0x080062e9   Thumb Code  1522  main.o(i.main)
    malloc                                   0x08006921   Thumb Code    92  malloc.o(i.malloc)
    mpu_configure_fifo                       0x0800698d   Thumb Code   106  inv_mpu.o(i.mpu_configure_fifo)
    mpu_get_accel_fsr                        0x080069fd   Thumb Code    72  inv_mpu.o(i.mpu_get_accel_fsr)
    mpu_get_accel_sens                       0x08006a49   Thumb Code    78  inv_mpu.o(i.mpu_get_accel_sens)
    mpu_get_fifo_config                      0x08006a9d   Thumb Code    12  inv_mpu.o(i.mpu_get_fifo_config)
    mpu_get_gyro_fsr                         0x08006aad   Thumb Code    64  inv_mpu.o(i.mpu_get_gyro_fsr)
    mpu_get_gyro_sens                        0x08006af1   Thumb Code    58  inv_mpu.o(i.mpu_get_gyro_sens)
    mpu_get_lpf                              0x08006b41   Thumb Code    74  inv_mpu.o(i.mpu_get_lpf)
    mpu_get_sample_rate                      0x08006b91   Thumb Code    26  inv_mpu.o(i.mpu_get_sample_rate)
    mpu_init                                 0x08006bb1   Thumb Code   414  inv_mpu.o(i.mpu_init)
    mpu_load_firmware                        0x08006da1   Thumb Code   180  inv_mpu.o(i.mpu_load_firmware)
    mpu_lp_accel_mode                        0x08006e59   Thumb Code   218  inv_mpu.o(i.mpu_lp_accel_mode)
    mpu_read_fifo_stream                     0x08006f39   Thumb Code   186  inv_mpu.o(i.mpu_read_fifo_stream)
    mpu_read_mem                             0x08006ff9   Thumb Code   122  inv_mpu.o(i.mpu_read_mem)
    mpu_reset_fifo                           0x08007079   Thumb Code   450  inv_mpu.o(i.mpu_reset_fifo)
    mpu_run_self_test                        0x08007241   Thumb Code   278  inv_mpu.o(i.mpu_run_self_test)
    mpu_set_accel_fsr                        0x0800735d   Thumb Code   126  inv_mpu.o(i.mpu_set_accel_fsr)
    mpu_set_bypass                           0x080073e1   Thumb Code   328  inv_mpu.o(i.mpu_set_bypass)
    mpu_set_dmp_state                        0x0800752d   Thumb Code   138  inv_mpu.o(i.mpu_set_dmp_state)
    mpu_set_gyro_fsr                         0x080075bd   Thumb Code   132  inv_mpu.o(i.mpu_set_gyro_fsr)
    mpu_set_int_latched                      0x08007645   Thumb Code   102  inv_mpu.o(i.mpu_set_int_latched)
    mpu_set_lpf                              0x080076b1   Thumb Code   126  inv_mpu.o(i.mpu_set_lpf)
    mpu_set_sample_rate                      0x08007735   Thumb Code   152  inv_mpu.o(i.mpu_set_sample_rate)
    mpu_set_sensors                          0x080077d1   Thumb Code   202  inv_mpu.o(i.mpu_set_sensors)
    mpu_write_mem                            0x080078a1   Thumb Code   122  inv_mpu.o(i.mpu_write_mem)
    run_self_test                            0x08007921   Thumb Code   146  wp_mpu6050.o(i.run_self_test)
    sqrt                                     0x08007a45   Thumb Code    76  sqrt.o(i.sqrt)
    strcat                                   0x08007a91   Thumb Code    42  stdlib.o(i.strcat)
    strcpy                                   0x08007abb   Thumb Code    32  stdlib.o(i.strcpy)
    strlen                                   0x08007adb   Thumb Code    30  stdlib.o(i.strlen)
    Name16x16                                0x08007af8   Data         256  wp_oled.o(.constdata)
    Atti16x16                                0x08007bf8   Data         128  wp_oled.o(.constdata)
    F6x8                                     0x08007c78   Data         552  wp_oled.o(.constdata)
    F8X16                                    0x08007ea0   Data        1520  wp_oled.o(.constdata)
    hw                                       0x08008490   Data          12  inv_mpu.o(.constdata)
    reg                                      0x0800849c   Data          27  inv_mpu.o(.constdata)
    test                                     0x080084b8   Data          40  inv_mpu.o(.constdata)
    __mathlib_zero                           0x08009210   Data           8  qnan.o(.constdata)
    Region$$Table$$Base                      0x08009224   Number         0  anon$$obj.o(Region$$Table)
    Region$$Table$$Limit                     0x08009244   Number         0  anon$$obj.o(Region$$Table)
    g_SysTickTimer                           0x20000018   Data           4  wp_globle.o(.data)
    g_UP_Uart1ITAddress                      0x2000001c   Data           4  wp_globle.o(.data)
    g_UP_Uart2ITAddress                      0x20000020   Data           4  wp_globle.o(.data)
    g_UP_Uart3ITAddress                      0x20000024   Data           4  wp_globle.o(.data)
    g_UP_ExtiFlag                            0x20000028   Data           4  wp_globle.o(.data)
    g_UP_ExtiITAddress                       0x2000002c   Data           4  wp_globle.o(.data)
    g_UP_bTimerIT                            0x20000030   Data           4  wp_globle.o(.data)
    g_UP_TimerITAddress                      0x20000034   Data           4  wp_globle.o(.data)
    powervalue                               0x20000038   Data           4  wp_globle.o(.data)
    powervalueint                            0x2000003c   Data           2  wp_globle.o(.data)
    positionvalue                            0x2000003e   Data           6  wp_globle.o(.data)
    sendtemp                                 0x20000044   Data           8  wp_globle.o(.data)
    keyvalue                                 0x2000004c   Data           1  wp_globle.o(.data)
    UART2_data                               0x2000004d   Data           1  wp_globle.o(.data)
    gpioinputvalue                           0x2000004e   Data           1  wp_globle.o(.data)
    gpiooutputvalue                          0x2000004f   Data           1  wp_globle.o(.data)
    blename                                  0x20000050   Data           4  wp_globle.o(.data)
    oled_x                                   0x20000054   Data           1  wp_globle.o(.data)
    oled_y                                   0x20000055   Data           1  wp_globle.o(.data)
    exflashid                                0x20000056   Data           2  wp_globle.o(.data)
    key_up                                   0x20000058   Data           8  wp_globle.o(.data)
    key_down                                 0x20000060   Data           8  wp_globle.o(.data)
    key_back                                 0x20000068   Data           8  wp_globle.o(.data)
    key_ok                                   0x20000070   Data           8  wp_globle.o(.data)
    type_conv                                0x20000088   Data           4  wp_mpu6050.o(.data)
    g_UP_TimerCCRVal_L16                     0x2000008c   Data           8  wp_timer.o(.data)
    g_UP_TimerCCRVal_H16                     0x20000094   Data           8  wp_timer.o(.data)
    g_UP_TempCCRVal_L16                      0x2000009c   Data           8  wp_timer.o(.data)
    g_UP_TempCCRVal_H16                      0x200000a4   Data           8  wp_timer.o(.data)
    g_UP_PWMDutyTime                         0x200000ae   Data           8  wp_pwm.o(.data)
    g_UP_bPWM_L                              0x200000b6   Data           4  wp_pwm.o(.data)
    g_UP_PWMCCRVal_H                         0x200000ba   Data           8  wp_pwm.o(.data)
    g_UP_PWMCCRVal_L                         0x200000c2   Data           8  wp_pwm.o(.data)
    g_UP_bPWMMode                            0x200000ca   Data           4  wp_pwm.o(.data)
    g_UP_PWMIOVal                            0x200000ce   Data           4  wp_pwm.o(.data)
    SystemCoreClock                          0x200000e8   Data           4  system_stm32f10x.o(.data)
    AHBPrescTable                            0x200000ec   Data          16  system_stm32f10x.o(.data)
    __stdout                                 0x20000128   Data           4  stdout.o(.data)
    __microlib_freelist                      0x2000012c   Data           4  mvars.o(.data)
    __microlib_freelist_initialised          0x20000130   Data           4  mvars.o(.data)
    g_ADValue                                0x20000138   Data          32  wp_globle.o(.bss)
    analogvalue                              0x20000158   Data          60  wp_globle.o(.bss)
    powertemp                                0x20000194   Data          64  wp_globle.o(.bss)
    receivebuf                               0x200001d4   Data          20  wp_globle.o(.bss)
    luxvalue                                 0x200001e8   Data          12  wp_globle.o(.bss)
    grayscaleSensor                          0x200001f4   Data          24  wp_globle.o(.bss)
    infrareddistance                         0x2000020c   Data          16  wp_globle.o(.bss)
    motorspeedbuffer                         0x2000021c   Data          16  wp_globle.o(.bss)
    wp_dmp_data                              0x2000023c   Data          48  wp_mpu6050.o(.bss)
    str_cmd                                  0x2000027c   Data          64  uprobot.o(.bss)
    str_reply                                0x200002bc   Data          64  uprobot.o(.bss)
    str_rx_buffer                            0x200002fc   Data          16  queue.o(.bss)
    ble_rx_buffer                            0x2000030c   Data          16  queue.o(.bss)
    motor_rx_buffer                          0x2000031c   Data          16  queue.o(.bss)
    str_motor_cmd                            0x2000032c   Data          40  wp_motor.o(.bss)
    str_motor_reply                          0x20000354   Data          40  wp_motor.o(.bss)
    motor_data                               0x2000037c   Data          48  wp_motor.o(.bss)
    __heap_base                              0x200003c0   Data           0  startup_stm32f10x_hd.o(HEAP)
    __heap_limit                             0x200005c0   Data           0  startup_stm32f10x_hd.o(HEAP)
    __initial_sp                             0x200009c0   Data           0  startup_stm32f10x_hd.o(STACK)



==============================================================================

Memory Map of the image

  Image Entry point : 0x08000131

  Load Region LR_IROM1 (Base: 0x08000000, Size: 0x0000937c, Max: 0x00040000, ABSOLUTE, COMPRESSED[0x0000927c])

    Execution Region ER_IROM1 (Base: 0x08000000, Size: 0x00009244, Max: 0x00040000, ABSOLUTE)

    Base Addr    Size         Type   Attr      Idx    E Section Name        Object

    0x08000000   0x00000130   Data   RO         4730    RESET               startup_stm32f10x_hd.o
    0x08000130   0x00000000   Code   RO         5229  * .ARM.Collect$$$$00000000  mc_w.l(entry.o)
    0x08000130   0x00000004   Code   RO         5603    .ARM.Collect$$$$00000001  mc_w.l(entry2.o)
    0x08000134   0x00000004   Code   RO         5606    .ARM.Collect$$$$00000004  mc_w.l(entry5.o)
    0x08000138   0x00000000   Code   RO         5608    .ARM.Collect$$$$00000008  mc_w.l(entry7b.o)
    0x08000138   0x00000000   Code   RO         5610    .ARM.Collect$$$$0000000A  mc_w.l(entry8b.o)
    0x08000138   0x00000008   Code   RO         5611    .ARM.Collect$$$$0000000B  mc_w.l(entry9a.o)
    0x08000140   0x00000000   Code   RO         5613    .ARM.Collect$$$$0000000D  mc_w.l(entry10a.o)
    0x08000140   0x00000000   Code   RO         5615    .ARM.Collect$$$$0000000F  mc_w.l(entry11a.o)
    0x08000140   0x00000004   Code   RO         5604    .ARM.Collect$$$$00002712  mc_w.l(entry2.o)
    0x08000144   0x00000024   Code   RO         4731    .text               startup_stm32f10x_hd.o
    0x08000168   0x0000005a   Code   RO         5232    .text               mc_w.l(ldiv.o)
    0x080001c2   0x00000024   Code   RO         5234    .text               mc_w.l(memseta.o)
    0x080001e6   0x0000001a   Code   RO         5236    .text               mc_w.l(memcmp.o)
    0x08000200   0x000000b0   Code   RO         5526    .text               mf_w.l(fadd.o)
    0x080002b0   0x0000006c   Code   RO         5528    .text               mf_w.l(fmul.o)
    0x0800031c   0x00000080   Code   RO         5530    .text               mf_w.l(fdiv.o)
    0x0800039c   0x0000014e   Code   RO         5532    .text               mf_w.l(dadd.o)
    0x080004ea   0x000000e4   Code   RO         5534    .text               mf_w.l(dmul.o)
    0x080005ce   0x000000de   Code   RO         5536    .text               mf_w.l(ddiv.o)
    0x080006ac   0x00000012   Code   RO         5538    .text               mf_w.l(fflti.o)
    0x080006be   0x0000000a   Code   RO         5540    .text               mf_w.l(ffltui.o)
    0x080006c8   0x00000032   Code   RO         5544    .text               mf_w.l(ffixi.o)
    0x080006fa   0x00000028   Code   RO         5546    .text               mf_w.l(ffixui.o)
    0x08000722   0x00000032   Code   RO         5550    .text               mf_w.l(dfixui.o)
    0x08000754   0x00000026   Code   RO         5552    .text               mf_w.l(f2d.o)
    0x0800077a   0x00000002   PAD
    0x0800077c   0x00000028   Code   RO         5554    .text               mf_w.l(cdcmple.o)
    0x080007a4   0x00000028   Code   RO         5556    .text               mf_w.l(cdrcmple.o)
    0x080007cc   0x00000038   Code   RO         5558    .text               mf_w.l(d2f.o)
    0x08000804   0x00000014   Code   RO         5560    .text               mf_w.l(cfcmple.o)
    0x08000818   0x00000014   Code   RO         5562    .text               mf_w.l(cfrcmple.o)
    0x0800082c   0x00000062   Code   RO         5620    .text               mc_w.l(uldiv.o)
    0x0800088e   0x0000001e   Code   RO         5622    .text               mc_w.l(llshl.o)
    0x080008ac   0x00000020   Code   RO         5624    .text               mc_w.l(llushr.o)
    0x080008cc   0x00000024   Code   RO         5626    .text               mc_w.l(llsshr.o)
    0x080008f0   0x00000000   Code   RO         5641    .text               mc_w.l(iusefp.o)
    0x080008f0   0x0000006c   Code   RO         5642    .text               mf_w.l(fepilogue.o)
    0x0800095c   0x000000be   Code   RO         5644    .text               mf_w.l(depilogue.o)
    0x08000a1a   0x0000002e   Code   RO         5646    .text               mf_w.l(dscalb.o)
    0x08000a48   0x00000024   Code   RO         5650    .text               mc_w.l(init.o)
    0x08000a6c   0x000000a2   Code   RO         5652    .text               mf_w.l(dsqrt.o)
    0x08000b0e   0x0000005c   Code   RO         5664    .text               mc_w.l(__dczerorl2.o)
    0x08000b6a   0x00000016   Code   RO         2317    i.ADC_Cmd           stm32f10x_adc.o
    0x08000b80   0x00000016   Code   RO         2318    i.ADC_DMACmd        stm32f10x_adc.o
    0x08000b96   0x00000014   Code   RO         2325    i.ADC_GetCalibrationStatus  stm32f10x_adc.o
    0x08000baa   0x00000014   Code   RO         2331    i.ADC_GetResetCalibrationStatus  stm32f10x_adc.o
    0x08000bbe   0x00000002   PAD
    0x08000bc0   0x00000050   Code   RO         2335    i.ADC_Init          stm32f10x_adc.o
    0x08000c10   0x000000b8   Code   RO         2339    i.ADC_RegularChannelConfig  stm32f10x_adc.o
    0x08000cc8   0x0000000a   Code   RO         2340    i.ADC_ResetCalibration  stm32f10x_adc.o
    0x08000cd2   0x00000016   Code   RO         2342    i.ADC_SoftwareStartConvCmd  stm32f10x_adc.o
    0x08000ce8   0x0000000a   Code   RO         2344    i.ADC_StartCalibration  stm32f10x_adc.o
    0x08000cf2   0x0000001c   Code   RO         1181    i.AddBufferQueue    queue.o
    0x08000d0e   0x00000012   Code   RO          786    i.DMA1_Channel1_IRQHandler  wp_it.o
    0x08000d20   0x00000018   Code   RO          787    i.DMA1_Channel4_IRQHandler  wp_it.o
    0x08000d38   0x0000000c   Code   RO          788    i.DMA1_Channel5_IRQHandler  wp_it.o
    0x08000d44   0x0000001c   Code   RO         2533    i.DMA_ClearFlag     stm32f10x_dma.o
    0x08000d60   0x0000001c   Code   RO         2534    i.DMA_ClearITPendingBit  stm32f10x_dma.o
    0x08000d7c   0x00000018   Code   RO         2535    i.DMA_Cmd           stm32f10x_dma.o
    0x08000d94   0x0000014c   Code   RO         2536    i.DMA_DeInit        stm32f10x_dma.o
    0x08000ee0   0x0000002c   Code   RO         2539    i.DMA_GetITStatus   stm32f10x_dma.o
    0x08000f0c   0x00000012   Code   RO         2540    i.DMA_ITConfig      stm32f10x_dma.o
    0x08000f1e   0x0000003c   Code   RO         2541    i.DMA_Init          stm32f10x_dma.o
    0x08000f5a   0x00000010   Code   RO          790    i.EXTI0_IRQHandler  wp_it.o
    0x08000f6a   0x000000aa   Code   RO          791    i.EXTI15_10_IRQHandler  wp_it.o
    0x08001014   0x00000010   Code   RO          792    i.EXTI1_IRQHandler  wp_it.o
    0x08001024   0x00000010   Code   RO          793    i.EXTI2_IRQHandler  wp_it.o
    0x08001034   0x00000010   Code   RO          794    i.EXTI3_IRQHandler  wp_it.o
    0x08001044   0x00000010   Code   RO          795    i.EXTI4_IRQHandler  wp_it.o
    0x08001054   0x0000007c   Code   RO          796    i.EXTI9_5_IRQHandler  wp_it.o
    0x080010d0   0x0000000c   Code   RO         3061    i.EXTI_ClearITPendingBit  stm32f10x_exti.o
    0x080010dc   0x00000028   Code   RO         3065    i.EXTI_GetITStatus  stm32f10x_exti.o
    0x08001104   0x00000018   Code   RO          797    i.EXTI_IRQHandler   wp_it.o
    0x0800111c   0x00000112   Code   RO         1966    i.GPIO_Init         stm32f10x_gpio.o
    0x0800122e   0x00000002   PAD
    0x08001230   0x00000090   Code   RO         1968    i.GPIO_PinRemapConfig  stm32f10x_gpio.o
    0x080012c0   0x00000012   Code   RO         1970    i.GPIO_ReadInputDataBit  stm32f10x_gpio.o
    0x080012d2   0x00000012   Code   RO         1972    i.GPIO_ReadOutputDataBit  stm32f10x_gpio.o
    0x080012e4   0x00000004   Code   RO         1973    i.GPIO_ResetBits    stm32f10x_gpio.o
    0x080012e8   0x00000004   Code   RO         1974    i.GPIO_SetBits      stm32f10x_gpio.o
    0x080012ec   0x00000038   Code   RO          409    i.I2C_Ack           wp_iic.o
    0x08001324   0x00000038   Code   RO          410    i.I2C_NoAck         wp_iic.o
    0x0800135c   0x00000054   Code   RO          411    i.I2C_ReceiveByte   wp_iic.o
    0x080013b0   0x00000058   Code   RO          412    i.I2C_SendByte      wp_iic.o
    0x08001408   0x00000058   Code   RO          413    i.I2C_Start         wp_iic.o
    0x08001460   0x00000038   Code   RO          414    i.I2C_Stop          wp_iic.o
    0x08001498   0x0000004c   Code   RO          415    i.I2C_WaitAck       wp_iic.o
    0x080014e4   0x0000000e   Code   RO          416    i.I2C_delay         wp_iic.o
    0x080014f2   0x00000030   Code   RO         1185    i.InitBufferQueue   queue.o
    0x08001522   0x00000002   PAD
    0x08001524   0x0000001c   Code   RO         1248    i.KeyBack_state     wp_key.o
    0x08001540   0x0000001c   Code   RO         1249    i.KeyDown_state     wp_key.o
    0x0800155c   0x0000001c   Code   RO         1250    i.KeyOk_state       wp_key.o
    0x08001578   0x0000001c   Code   RO         1251    i.KeyUp_state       wp_key.o
    0x08001594   0x00000074   Code   RO         1924    i.NVIC_Init         misc.o
    0x08001608   0x00000014   Code   RO         1925    i.NVIC_PriorityGroupConfig  misc.o
    0x0800161c   0x0000001a   Code   RO          533    i.OLED_DLY_ms       wp_oled.o
    0x08001636   0x00000028   Code   RO          534    i.OLED_Dis6x8CharNum  wp_oled.o
    0x0800165e   0x00000028   Code   RO          535    i.OLED_Dis8x16CharNum  wp_oled.o
    0x08001686   0x00000002   PAD
    0x08001688   0x00000060   Code   RO          536    i.OLED_P6x8Char     wp_oled.o
    0x080016e8   0x000000b0   Code   RO          538    i.OLED_P8x16Char    wp_oled.o
    0x08001798   0x000000d4   Code   RO          539    i.OLED_P8x16Str     wp_oled.o
    0x0800186c   0x00000028   Code   RO          540    i.OLED_Set_Pos      wp_oled.o
    0x08001894   0x00000060   Code   RO          541    i.OLED_WrCmd        wp_oled.o
    0x080018f4   0x00000064   Code   RO          542    i.OLED_WrDat        wp_oled.o
    0x08001958   0x00000032   Code   RO         1186    i.OutBufferQueue    queue.o
    0x0800198a   0x00000002   PAD
    0x0800198c   0x00000020   Code   RO         1725    i.RCC_AHBPeriphClockCmd  stm32f10x_rcc.o
    0x080019ac   0x00000020   Code   RO         1726    i.RCC_APB1PeriphClockCmd  stm32f10x_rcc.o
    0x080019cc   0x00000020   Code   RO         1728    i.RCC_APB2PeriphClockCmd  stm32f10x_rcc.o
    0x080019ec   0x00000074   Code   RO          966    i.RCC_Configuration  wp_sys.o
    0x08001a60   0x000000d4   Code   RO         1736    i.RCC_GetClocksFreq  stm32f10x_rcc.o
    0x08001b34   0x00000014   Code   RO          321    i.ReceiveUart1Hadler  wp_uart.o
    0x08001b48   0x0000000c   Code   RO          322    i.ReceiveUart2Hadler  wp_uart.o
    0x08001b54   0x00000014   Code   RO         1332    i.ReceiveUart3Hadler  wp_motor.o
    0x08001b68   0x00000018   Code   RO         4007    i.SPI_Cmd           stm32f10x_spi.o
    0x08001b80   0x0000003c   Code   RO         4020    i.SPI_Init          stm32f10x_spi.o
    0x08001bbc   0x00000008   Code   RO         4694    i.SetSysClock       system_stm32f10x.o
    0x08001bc4   0x000000dc   Code   RO         4695    i.SetSysClockTo72   system_stm32f10x.o
    0x08001ca0   0x00000024   Code   RO          417    i.SimulateI2cInit   wp_iic.o
    0x08001cc4   0x00000018   Code   RO          803    i.SysTick_Handler   wp_it.o
    0x08001cdc   0x00000060   Code   RO         4697    i.SystemInit        system_stm32f10x.o
    0x08001d3c   0x00000008   Code   RO          804    i.TIM2_IRQHandler   wp_it.o
    0x08001d44   0x00000008   Code   RO          805    i.TIM3_IRQHandler   wp_it.o
    0x08001d4c   0x00000008   Code   RO          806    i.TIM4_IRQHandler   wp_it.o
    0x08001d54   0x00000018   Code   RO         4150    i.TIM_ARRPreloadConfig  stm32f10x_tim.o
    0x08001d6c   0x00000006   Code   RO         4157    i.TIM_ClearITPendingBit  stm32f10x_tim.o
    0x08001d72   0x00000018   Code   RO         4162    i.TIM_Cmd           stm32f10x_tim.o
    0x08001d8a   0x00000022   Code   RO         4183    i.TIM_GetITStatus   stm32f10x_tim.o
    0x08001dac   0x00000012   Code   RO         4187    i.TIM_ITConfig      stm32f10x_tim.o
    0x08001dbe   0x00000002   PAD
    0x08001dc0   0x00000098   Code   RO         4191    i.TIM_OC1Init       stm32f10x_tim.o
    0x08001e58   0x00000012   Code   RO         4194    i.TIM_OC1PreloadConfig  stm32f10x_tim.o
    0x08001e6a   0x00000002   PAD
    0x08001e6c   0x000000a4   Code   RO         4233    i.TIM_TimeBaseInit  stm32f10x_tim.o
    0x08001f10   0x00000012   Code   RO         1187    i.TestEmptyBufferQueue  queue.o
    0x08001f22   0x00000002   PAD
    0x08001f24   0x00000054   Code   RO          807    i.USART1_IRQHandler  wp_it.o
    0x08001f78   0x00000054   Code   RO          808    i.USART2_IRQHandler  wp_it.o
    0x08001fcc   0x00000054   Code   RO          809    i.USART3_IRQHandler  wp_it.o
    0x08002020   0x00000012   Code   RO         2131    i.USART_ClearFlag   stm32f10x_usart.o
    0x08002032   0x0000001e   Code   RO         2132    i.USART_ClearITPendingBit  stm32f10x_usart.o
    0x08002050   0x00000022   Code   RO         2133    i.USART_ClockInit   stm32f10x_usart.o
    0x08002072   0x00000018   Code   RO         2135    i.USART_Cmd         stm32f10x_usart.o
    0x0800208a   0x00000012   Code   RO         2136    i.USART_DMACmd      stm32f10x_usart.o
    0x0800209c   0x0000001a   Code   RO         2138    i.USART_GetFlagStatus  stm32f10x_usart.o
    0x080020b6   0x00000054   Code   RO         2139    i.USART_GetITStatus  stm32f10x_usart.o
    0x0800210a   0x0000004a   Code   RO         2141    i.USART_ITConfig    stm32f10x_usart.o
    0x08002154   0x000000d8   Code   RO         2142    i.USART_Init        stm32f10x_usart.o
    0x0800222c   0x0000000a   Code   RO         2149    i.USART_ReceiveData  stm32f10x_usart.o
    0x08002236   0x00000008   Code   RO         2152    i.USART_SendData    stm32f10x_usart.o
    0x0800223e   0x00000002   PAD
    0x08002240   0x000000e8   Code   RO         1333    i.UpMotorSlaveRxPacket  wp_motor.o
    0x08002328   0x0000007a   Code   RO         1334    i.UpMotorSlaveTxPacket  wp_motor.o
    0x080023a2   0x00000002   PAD
    0x080023a4   0x0000004c   Code   RO         1336    i.Wp_ActiomMotorMode  wp_motor.o
    0x080023f0   0x00000190   Code   RO          187    i.Wp_AdcConfigure   wp_adc.o
    0x08002580   0x00000060   Code   RO          188    i.Wp_AdcDMAConfigure  wp_adc.o
    0x080025e0   0x00000030   Code   RO         1307    i.Wp_BleKeyInit     wp_ble.o
    0x08002610   0x0000026c   Code   RO          191    i.Wp_CalculateDistanceChannel  wp_adc.o
    0x0800287c   0x00000080   Code   RO          192    i.Wp_CalculateLuxChannel  wp_adc.o
    0x080028fc   0x00000050   Code   RO          543    i.Wp_ClearOled      wp_oled.o
    0x0800294c   0x00000014   Code   RO          258    i.Wp_DelayMs        wp_globle.o
    0x08002960   0x0000001a   Code   RO          259    i.Wp_DelayUs        wp_globle.o
    0x0800297a   0x0000009c   Code   RO          544    i.Wp_DisIntNum      wp_oled.o
    0x08002a16   0x00000002   PAD
    0x08002a18   0x0000008c   Code   RO          545    i.Wp_DisP16x16DotArray  wp_oled.o
    0x08002aa4   0x0000008a   Code   RO          546    i.Wp_DisP16x16HanZiArray  wp_oled.o
    0x08002b2e   0x00000002   PAD
    0x08002b30   0x00000110   Code   RO          547    i.Wp_Disfloat       wp_oled.o
    0x08002c40   0x00000134   Code   RO          548    i.Wp_DisfloatIntegerandDecimal  wp_oled.o
    0x08002d74   0x00000084   Code   RO          193    i.Wp_FilterPower    wp_adc.o
    0x08002df8   0x000000c4   Code   RO         1578    i.Wp_FlashSpiConfigure  wp_25f16.o
    0x08002ebc   0x00000018   Code   RO          194    i.Wp_GetAdcChannelSamplingValue  wp_adc.o
    0x08002ed4   0x00000064   Code   RO          195    i.Wp_GetAdcVoltageValue  wp_adc.o
    0x08002f38   0x00000044   Code   RO          654    i.Wp_GetInputValue  wp_gpio.o
    0x08002f7c   0x00000228   Code   RO          733    i.Wp_GetMpu6050Dmp  wp_mpu6050.o
    0x080031a4   0x00000080   Code   RO          655    i.Wp_GetOutputValue  wp_gpio.o
    0x08003224   0x00000034   Code   RO          197    i.Wp_GetPowerSamplingValue  wp_adc.o
    0x08003258   0x00000098   Code   RO          658    i.Wp_GpioConfigure  wp_gpio.o
    0x080032f0   0x0000004e   Code   RO         1252    i.Wp_KeyAccessTimes  wp_key.o
    0x0800333e   0x00000002   PAD
    0x08003340   0x00000068   Code   RO         1253    i.Wp_KeyInit        wp_key.o
    0x080033a8   0x0000000c   Code   RO         1254    i.Wp_KeyObjectInit  wp_key.o
    0x080033b4   0x00000056   Code   RO         1255    i.Wp_KeyRefreshState  wp_key.o
    0x0800340a   0x00000002   PAD
    0x0800340c   0x00000054   Code   RO          734    i.Wp_MPU6050DMP_Init  wp_mpu6050.o
    0x08003460   0x0000002c   Code   RO          735    i.Wp_Mpu6050Gpio    wp_mpu6050.o
    0x0800348c   0x000000bc   Code   RO          954    i.Wp_NVIC_Configuration  wp_nvic.o
    0x08003548   0x000000f4   Code   RO          550    i.Wp_OledInit       wp_oled.o
    0x0800363c   0x0000011c   Code   RO         1512    i.Wp_Pwm_TimerPro   wp_pwm.o
    0x08003758   0x0000003c   Code   RO         1308    i.Wp_SetBleBaud     wp_ble.o
    0x08003794   0x00000030   Code   RO         1309    i.Wp_SetBleName     wp_ble.o
    0x080037c4   0x00000074   Code   RO         1337    i.Wp_SetMotorSpeed  wp_motor.o
    0x08003838   0x00000058   Code   RO          660    i.Wp_SetPortOutputValue  wp_gpio.o
    0x08003890   0x0000000c   Code   RO          323    i.Wp_SetUART1Hadler  wp_uart.o
    0x0800389c   0x0000000c   Code   RO          324    i.Wp_SetUART2Hadler  wp_uart.o
    0x080038a8   0x0000000c   Code   RO         1338    i.Wp_SetUART3Hadler  wp_motor.o
    0x080038b4   0x00000520   Code   RO           17    i.Wp_Sev_TimerPro   main.o
    0x08003dd4   0x000001ac   Code   RO          967    i.Wp_SystemConfigure  wp_sys.o
    0x08003f80   0x00000076   Code   RO          991    i.Wp_Timer2Configure  wp_timer.o
    0x08003ff6   0x00000002   PAD
    0x08003ff8   0x00000074   Code   RO         1703    i.Wp_Uart1RxDmaInit  wp_dma.o
    0x0800406c   0x00000074   Code   RO         1704    i.Wp_Uart1TxDmaInit  wp_dma.o
    0x080040e0   0x000000d8   Code   RO          325    i.Wp_Usart1Configure  wp_uart.o
    0x080041b8   0x0000002c   Code   RO          328    i.Wp_Usart1_SendStr  wp_uart.o
    0x080041e4   0x000000bc   Code   RO          329    i.Wp_Usart2Configure  wp_uart.o
    0x080042a0   0x00000020   Code   RO          330    i.Wp_Usart2_SendChar  wp_uart.o
    0x080042c0   0x00000014   Code   RO          331    i.Wp_Usart2_SendInt  wp_uart.o
    0x080042d4   0x0000002c   Code   RO          332    i.Wp_Usart2_SendStr  wp_uart.o
    0x08004300   0x000000e4   Code   RO         1339    i.Wp_Usart3Configure  wp_motor.o
    0x080043e4   0x00000020   Code   RO         1340    i.Wp_Usart3_SendChar  wp_motor.o
    0x08004404   0x00000228   Code   RO          997    i.Wp_User_TimerPro  wp_timer.o
    0x0800462c   0x00000010   Code   RO         5239    i.__0printf$bare    mc_w.l(printfb.o)
    0x0800463c   0x00000028   Code   RO         5579    i.__ARM_fpclassify  m_ws.l(fpclassify.o)
    0x08004664   0x000000aa   Code   RO         5581    i.__kernel_poly     m_ws.l(poly.o)
    0x0800470e   0x00000002   PAD
    0x08004710   0x00000010   Code   RO         5577    i.__mathlib_dbl_underflow  m_ws.l(dunder.o)
    0x08004720   0x0000000e   Code   RO         5658    i.__scatterload_copy  mc_w.l(handlers.o)
    0x0800472e   0x00000002   Code   RO         5659    i.__scatterload_null  mc_w.l(handlers.o)
    0x08004730   0x0000000e   Code   RO         5660    i.__scatterload_zeroinit  mc_w.l(handlers.o)
    0x0800473e   0x00000002   PAD
    0x08004740   0x0000000c   Code   RO         5636    i.__set_errno       mc_w.l(errno.o)
    0x0800474c   0x00000022   Code   RO         5246    i._printf_core      mc_w.l(printfb.o)
    0x0800476e   0x00000002   PAD
    0x08004770   0x000000a4   Code   RO         4735    i.accel_self_test   inv_mpu.o
    0x08004814   0x0000027c   Code   RO         5204    i.asin              m_ws.l(asin.o)
    0x08004a90   0x00000224   Code   RO         5565    i.atan              m_ws.l(atan.o)
    0x08004cb4   0x00000180   Code   RO         5214    i.atan2             m_ws.l(atan2.o)
    0x08004e34   0x00000064   Code   RO         5021    i.decode_gesture    inv_mpu_dmp_motion_driver.o
    0x08004e98   0x00000018   Code   RO          262    i.delay_ms          wp_globle.o
    0x08004eb0   0x0000001e   Code   RO          263    i.delay_us          wp_globle.o
    0x08004ece   0x0000003c   Code   RO         5022    i.dmp_enable_6x_lp_quat  inv_mpu_dmp_motion_driver.o
    0x08004f0a   0x00000002   PAD
    0x08004f0c   0x0000021c   Code   RO         5023    i.dmp_enable_feature  inv_mpu_dmp_motion_driver.o
    0x08005128   0x00000058   Code   RO         5024    i.dmp_enable_gyro_cal  inv_mpu_dmp_motion_driver.o
    0x08005180   0x0000003c   Code   RO         5025    i.dmp_enable_lp_quat  inv_mpu_dmp_motion_driver.o
    0x080051bc   0x00000018   Code   RO         5030    i.dmp_load_motion_driver_firmware  inv_mpu_dmp_motion_driver.o
    0x080051d4   0x000001cc   Code   RO         5031    i.dmp_read_fifo     inv_mpu_dmp_motion_driver.o
    0x080053a0   0x00000130   Code   RO         5034    i.dmp_set_accel_bias  inv_mpu_dmp_motion_driver.o
    0x080054d0   0x00000070   Code   RO         5035    i.dmp_set_fifo_rate  inv_mpu_dmp_motion_driver.o
    0x08005540   0x00000130   Code   RO         5036    i.dmp_set_gyro_bias  inv_mpu_dmp_motion_driver.o
    0x08005670   0x00000138   Code   RO         5038    i.dmp_set_orientation  inv_mpu_dmp_motion_driver.o
    0x080057a8   0x00000038   Code   RO         5041    i.dmp_set_shake_reject_thresh  inv_mpu_dmp_motion_driver.o
    0x080057e0   0x00000026   Code   RO         5042    i.dmp_set_shake_reject_time  inv_mpu_dmp_motion_driver.o
    0x08005806   0x00000026   Code   RO         5043    i.dmp_set_shake_reject_timeout  inv_mpu_dmp_motion_driver.o
    0x0800582c   0x00000046   Code   RO         5044    i.dmp_set_tap_axes  inv_mpu_dmp_motion_driver.o
    0x08005872   0x00000026   Code   RO         5045    i.dmp_set_tap_count  inv_mpu_dmp_motion_driver.o
    0x08005898   0x000001a0   Code   RO         5046    i.dmp_set_tap_thresh  inv_mpu_dmp_motion_driver.o
    0x08005a38   0x00000026   Code   RO         5047    i.dmp_set_tap_time  inv_mpu_dmp_motion_driver.o
    0x08005a5e   0x00000026   Code   RO         5048    i.dmp_set_tap_time_multi  inv_mpu_dmp_motion_driver.o
    0x08005a84   0x00000074   Code   RO          551    i.fputc             wp_oled.o
    0x08005af8   0x000000b4   Code   RO         4736    i.get_accel_prod_shift  inv_mpu.o
    0x08005bac   0x00000002   Code   RO          265    i.get_ms            wp_globle.o
    0x08005bae   0x00000002   PAD
    0x08005bb0   0x00000470   Code   RO         4737    i.get_st_biases     inv_mpu.o
    0x08006020   0x0000010c   Code   RO         4738    i.gyro_self_test    inv_mpu.o
    0x0800612c   0x00000078   Code   RO          419    i.i2cRead           wp_iic.o
    0x080061a4   0x00000068   Code   RO          421    i.i2cWriteBuffer    wp_iic.o
    0x0800620c   0x00000026   Code   RO          422    i.i2cread           wp_iic.o
    0x08006232   0x00000026   Code   RO          423    i.i2cwrite          wp_iic.o
    0x08006258   0x00000028   Code   RO          736    i.inv_orientation_matrix_to_scalar  wp_mpu6050.o
    0x08006280   0x0000004e   Code   RO          737    i.inv_row_2_scale   wp_mpu6050.o
    0x080062ce   0x0000001a   Code   RO         1256    i.key_delay1ms      wp_key.o
    0x080062e8   0x00000638   Code   RO           18    i.main              main.o
    0x08006920   0x0000006c   Code   RO         5499    i.malloc            mc_w.l(malloc.o)
    0x0800698c   0x00000070   Code   RO         4739    i.mpu_configure_fifo  inv_mpu.o
    0x080069fc   0x0000004c   Code   RO         4740    i.mpu_get_accel_fsr  inv_mpu.o
    0x08006a48   0x00000054   Code   RO         4742    i.mpu_get_accel_sens  inv_mpu.o
    0x08006a9c   0x00000010   Code   RO         4747    i.mpu_get_fifo_config  inv_mpu.o
    0x08006aac   0x00000044   Code   RO         4748    i.mpu_get_gyro_fsr  inv_mpu.o
    0x08006af0   0x00000050   Code   RO         4750    i.mpu_get_gyro_sens  inv_mpu.o
    0x08006b40   0x00000050   Code   RO         4752    i.mpu_get_lpf       inv_mpu.o
    0x08006b90   0x00000020   Code   RO         4754    i.mpu_get_sample_rate  inv_mpu.o
    0x08006bb0   0x000001f0   Code   RO         4756    i.mpu_init          inv_mpu.o
    0x08006da0   0x000000b8   Code   RO         4757    i.mpu_load_firmware  inv_mpu.o
    0x08006e58   0x000000e0   Code   RO         4758    i.mpu_lp_accel_mode  inv_mpu.o
    0x08006f38   0x000000c0   Code   RO         4761    i.mpu_read_fifo_stream  inv_mpu.o
    0x08006ff8   0x00000080   Code   RO         4762    i.mpu_read_mem      inv_mpu.o
    0x08007078   0x000001c8   Code   RO         4765    i.mpu_reset_fifo    inv_mpu.o
    0x08007240   0x0000011c   Code   RO         4766    i.mpu_run_self_test  inv_mpu.o
    0x0800735c   0x00000084   Code   RO         4768    i.mpu_set_accel_fsr  inv_mpu.o
    0x080073e0   0x0000014c   Code   RO         4769    i.mpu_set_bypass    inv_mpu.o
    0x0800752c   0x00000090   Code   RO         4771    i.mpu_set_dmp_state  inv_mpu.o
    0x080075bc   0x00000088   Code   RO         4772    i.mpu_set_gyro_fsr  inv_mpu.o
    0x08007644   0x0000006c   Code   RO         4773    i.mpu_set_int_latched  inv_mpu.o
    0x080076b0   0x00000084   Code   RO         4775    i.mpu_set_lpf       inv_mpu.o
    0x08007734   0x0000009c   Code   RO         4776    i.mpu_set_sample_rate  inv_mpu.o
    0x080077d0   0x000000d0   Code   RO         4777    i.mpu_set_sensors   inv_mpu.o
    0x080078a0   0x00000080   Code   RO         4778    i.mpu_write_mem     inv_mpu.o
    0x08007920   0x00000092   Code   RO          738    i.run_self_test     wp_mpu6050.o
    0x080079b2   0x00000002   PAD
    0x080079b4   0x00000090   Code   RO         4779    i.set_int_enable    inv_mpu.o
    0x08007a44   0x0000004c   Code   RO         5596    i.sqrt              m_ws.l(sqrt.o)
    0x08007a90   0x0000002a   Code   RO         1416    i.strcat            stdlib.o
    0x08007aba   0x00000020   Code   RO         1418    i.strcpy            stdlib.o
    0x08007ada   0x0000001e   Code   RO         1419    i.strlen            stdlib.o
    0x08007af8   0x00000998   Data   RO          552    .constdata          wp_oled.o
    0x08008490   0x0000009d   Data   RO         4780    .constdata          inv_mpu.o
    0x0800852d   0x00000bf6   Data   RO         5050    .constdata          inv_mpu_dmp_motion_driver.o
    0x08009123   0x00000005   PAD
    0x08009128   0x00000050   Data   RO         5205    .constdata          m_ws.l(asin.o)
    0x08009178   0x00000098   Data   RO         5566    .constdata          m_ws.l(atan.o)
    0x08009210   0x00000008   Data   RO         5583    .constdata          m_ws.l(qnan.o)
    0x08009218   0x00000009   Data   RO          267    .conststring        wp_globle.o
    0x08009221   0x00000003   PAD
    0x08009224   0x00000020   Data   RO         5656    Region$$Table       anon$$obj.o


    Execution Region RW_IRAM1 (Base: 0x20000000, Size: 0x000009c0, Max: 0x0000c000, ABSOLUTE, COMPRESSED[0x00000038])

    Base Addr    Size         Type   Attr      Idx    E Section Name        Object

    0x20000000   0x00000014   Data   RW           20    .data               main.o
    0x20000014   0x00000001   Data   RW          198    .data               wp_adc.o
    0x20000015   0x00000003   PAD
    0x20000018   0x00000060   Data   RW          268    .data               wp_globle.o
    0x20000078   0x00000001   Data   RW          553    .data               wp_oled.o
    0x20000079   0x00000003   PAD
    0x2000007c   0x00000010   Data   RW          740    .data               wp_mpu6050.o
    0x2000008c   0x00000020   Data   RW          999    .data               wp_timer.o
    0x200000ac   0x00000001   Data   RW         1343    .data               wp_motor.o
    0x200000ad   0x00000001   PAD
    0x200000ae   0x00000024   Data   RW         1514    .data               wp_pwm.o
    0x200000d2   0x00000014   Data   RW         1756    .data               stm32f10x_rcc.o
    0x200000e6   0x00000002   PAD
    0x200000e8   0x00000014   Data   RW         4698    .data               system_stm32f10x.o
    0x200000fc   0x0000002c   Data   RW         4781    .data               inv_mpu.o
    0x20000128   0x00000004   Data   RW         5617    .data               mc_w.l(stdout.o)
    0x2000012c   0x00000004   Data   RW         5632    .data               mc_w.l(mvars.o)
    0x20000130   0x00000004   Data   RW         5633    .data               mc_w.l(mvars.o)
    0x20000134   0x00000004   Data   RW         5637    .data               mc_w.l(errno.o)
    0x20000138   0x000000f4   Zero   RW          266    .bss                wp_globle.o
    0x2000022c   0x00000040   Zero   RW          739    .bss                wp_mpu6050.o
    0x2000026c   0x00000090   Zero   RW         1089    .bss                uprobot.o
    0x200002fc   0x00000030   Zero   RW         1188    .bss                queue.o
    0x2000032c   0x00000080   Zero   RW         1342    .bss                wp_motor.o
    0x200003ac   0x00000010   Zero   RW         5049    .bss                inv_mpu_dmp_motion_driver.o
    0x200003bc   0x00000004   PAD
    0x200003c0   0x00000200   Zero   RW         4729    HEAP                startup_stm32f10x_hd.o
    0x200005c0   0x00000400   Zero   RW         4728    STACK               startup_stm32f10x_hd.o


==============================================================================

Image component sizes


      Code (inc. data)   RO Data    RW Data    ZI Data      Debug   Object Name

         0          0          0          0          0       4264   core_cm3.o
      5880        282        157         44          0      25247   inv_mpu.o
      3096        124       3062          0         16      19882   inv_mpu_dmp_motion_driver.o
      2904        284          0         20          0     286411   main.o
       136         24          0          0          0       1679   misc.o
       144          0          0          0         48       6577   queue.o
        36          8        304          0       1536        872   startup_stm32f10x_hd.o
       104          0          0          0          0       1787   stdlib.o
       390         10          0          0          0       7781   stm32f10x_adc.o
       534         38          0          0          0       5979   stm32f10x_dma.o
        52         12          0          0          0       1204   stm32f10x_exti.o
       462          6          0          0          0       5379   stm32f10x_gpio.o
       308         38          0         20          0       5238   stm32f10x_rcc.o
        84          0          0          0          0       2277   stm32f10x_spi.o
       440         62          0          0          0       5794   stm32f10x_tim.o
       542          6          0          0          0       9022   stm32f10x_usart.o
       324         26          0         20          0       2581   system_stm32f10x.o
         0          0          0          0        144       1392   uprobot.o
       196          8          0          0          0        655   wp_25f16.o
      1552        212          0          1          0       4742   wp_adc.o
       156         36          0          0          0       1540   wp_ble.o
       232         26          0          0          0       1140   wp_dma.o
       102          4          9         96        244       4410   wp_globle.o
       436         40          0          0          0       2130   wp_gpio.o
       854         36          0          0          0     280723   wp_iic.o
       752         38          0          0          0       8406   wp_it.o
       418         62          0          0          0       6163   wp_key.o
       838         62          0          1        128       6684   wp_motor.o
       944         16          0         16         64       5383   wp_mpu6050.o
       188          0          0          0          0        612   wp_nvic.o
      2280         68       2456          1          0      11874   wp_oled.o
       284         18          0         36          0       1449   wp_pwm.o
       544         50          0          0          0      16516   wp_sys.o
       670         26          0         32          0       2184   wp_timer.o
       600         64          0          0          0       5433   wp_uart.o

    ----------------------------------------------------------------------
     26518       1686       6028        296       2184     753410   Object Totals
         0          0         32          0          0          0   (incl. Generated)
        36          0          8          9          4          0   (incl. Padding)

    ----------------------------------------------------------------------

      Code (inc. data)   RO Data    RW Data    ZI Data      Debug   Library Member Name

       636         52         80          0          0        168   asin.o
       548         70        152          0          0        124   atan.o
       384         38          0          0          0        144   atan2.o
        16          6          0          0          0         68   dunder.o
        40          0          0          0          0         68   fpclassify.o
       170          0          0          0          0         96   poly.o
         0          0          8          0          0          0   qnan.o
        76          0          0          0          0         84   sqrt.o
        92          0          0          0          0          0   __dczerorl2.o
         0          0          0          0          0          0   entry.o
         0          0          0          0          0          0   entry10a.o
         0          0          0          0          0          0   entry11a.o
         8          4          0          0          0          0   entry2.o
         4          0          0          0          0          0   entry5.o
         0          0          0          0          0          0   entry7b.o
         0          0          0          0          0          0   entry8b.o
         8          4          0          0          0          0   entry9a.o
        12          6          0          4          0         68   errno.o
        30          0          0          0          0          0   handlers.o
        36          8          0          0          0         68   init.o
         0          0          0          0          0          0   iusefp.o
        90          0          0          0          0         84   ldiv.o
        30          0          0          0          0         68   llshl.o
        36          0          0          0          0         68   llsshr.o
        32          0          0          0          0         68   llushr.o
       108         16          0          0          0         84   malloc.o
        26          0          0          0          0         80   memcmp.o
        36          0          0          0          0        108   memseta.o
         0          0          0          8          0          0   mvars.o
        50          8          0          0          0        152   printfb.o
         0          0          0          4          0          0   stdout.o
        98          0          0          0          0         92   uldiv.o
        40          2          0          0          0         68   cdcmple.o
        40          2          0          0          0         68   cdrcmple.o
        20          0          0          0          0         68   cfcmple.o
        20          0          0          0          0         68   cfrcmple.o
        56          0          0          0          0         88   d2f.o
       334          0          0          0          0        148   dadd.o
       222          0          0          0          0        100   ddiv.o
       190          0          0          0          0        176   depilogue.o
        50          0          0          0          0         76   dfixui.o
       228          0          0          0          0         96   dmul.o
        46          0          0          0          0         80   dscalb.o
       162          0          0          0          0        100   dsqrt.o
        38          0          0          0          0         68   f2d.o
       176          0          0          0          0        140   fadd.o
       128          0          0          0          0         88   fdiv.o
       108          0          0          0          0        168   fepilogue.o
        50          0          0          0          0         68   ffixi.o
        40          0          0          0          0         68   ffixui.o
        18          0          0          0          0         68   fflti.o
        10          0          0          0          0         68   ffltui.o
       108          0          0          0          0         76   fmul.o

    ----------------------------------------------------------------------
      4658        216        240         16          0       3640   Library Totals
         8          0          0          0          0          0   (incl. Padding)

    ----------------------------------------------------------------------

      Code (inc. data)   RO Data    RW Data    ZI Data      Debug   Library Name

      1870        166        240          0          0        752   m_ws.l
       696         46          0         16          0        940   mc_w.l
      2084          4          0          0          0       1948   mf_w.l

    ----------------------------------------------------------------------
      4658        216        240         16          0       3640   Library Totals

    ----------------------------------------------------------------------

==============================================================================


      Code (inc. data)   RO Data    RW Data    ZI Data      Debug   

     31176       1902       6268        312       2184     743790   Grand Totals
     31176       1902       6268         56       2184     743790   ELF Image Totals (compressed)
     31176       1902       6268         56          0          0   ROM Totals

==============================================================================

    Total RO  Size (Code + RO Data)                37444 (  36.57kB)
    Total RW  Size (RW Data + ZI Data)              2496 (   2.44kB)
    Total ROM Size (Code + RO Data + RW Data)      37500 (  36.62kB)

==============================================================================

