ARM Linker, 5.03 [Build 76] [MDK-ARM Standard]

==============================================================================

Section Cross References

    main.o(i.Wp_Sev_TimerPro) refers to stm32f10x_tim.o(i.TIM_GetITStatus) for TIM_GetITStatus
    main.o(i.Wp_Sev_TimerPro) refers to stm32f10x_tim.o(i.TIM_ClearITPendingBit) for TIM_ClearITPendingBit
    main.o(i.Wp_Sev_TimerPro) refers to wp_key.o(i.Wp_KeyRefreshState) for Wp_KeyRefreshState
    main.o(i.Wp_Sev_TimerPro) refers to wp_key.o(i.Wp_KeyAccessTimes) for Wp_KeyAccessTimes
    main.o(i.Wp_Sev_TimerPro) refers to wp_uart.o(i.Wp_Usart2_SendStr) for Wp_Usart2_SendStr
    main.o(i.Wp_Sev_TimerPro) refers to wp_uart.o(i.Wp_Usart2_SendChar) for Wp_Usart2_SendChar
    main.o(i.Wp_Sev_TimerPro) refers to location.o(i.GetLocation) for GetLocation
    main.o(i.Wp_Sev_TimerPro) refers to wp_motor.o(i.Wp_SetMotorSpeed) for Wp_SetMotorSpeed
    main.o(i.Wp_Sev_TimerPro) refers to wp_globle.o(i.Wp_DelayUs) for Wp_DelayUs
    main.o(i.Wp_Sev_TimerPro) refers to wp_motor.o(i.UpMotorSlaveRxPacket) for UpMotorSlaveRxPacket
    main.o(i.Wp_Sev_TimerPro) refers to wp_globle.o(.data) for UART2_data
    main.o(i.Wp_Sev_TimerPro) refers to main.o(.data) for direction_command
    main.o(i.Wp_Sev_TimerPro) refers to uprobot.o(.bss) for str_cmd
    main.o(i.Wp_Sev_TimerPro) refers to wp_motor.o(.bss) for motor_data
    main.o(i.Wp_Sev_TimerPro) refers to queue.o(.bss) for motor_rx_buffer
    main.o(i.Wp_Sev_TimerPro) refers to wp_motor.o(i.Wp_ActiomMotorMode) for Wp_ActiomMotorMode
    main.o(i.Wp_Sev_TimerPro) refers to wp_gpio.o(i.Wp_GetInputValue) for Wp_GetInputValue
    main.o(i.Wp_Sev_TimerPro) refers to wp_gpio.o(i.Wp_GetOutputValue) for Wp_GetOutputValue
    main.o(i.Wp_Sev_TimerPro) refers to wp_adc.o(i.Wp_GetAdcVoltageValue) for Wp_GetAdcVoltageValue
    main.o(i.Wp_Sev_TimerPro) refers to wp_adc.o(i.Wp_FilterPower) for Wp_FilterPower
    main.o(i.Wp_Sev_TimerPro) refers to fmul.o(.text) for __aeabi_fmul
    main.o(i.Wp_Sev_TimerPro) refers to ffixui.o(.text) for __aeabi_f2uiz
    main.o(i.Wp_Sev_TimerPro) refers to wp_mpu6050.o(i.Wp_GetMpu6050Dmp) for Wp_GetMpu6050Dmp
    main.o(i.main) refers to wp_uart.o(i.Wp_SetUART1Hadler) for Wp_SetUART1Hadler
    main.o(i.main) refers to wp_uart.o(i.Wp_SetUART2Hadler) for Wp_SetUART2Hadler
    main.o(i.main) refers to wp_motor.o(i.Wp_SetUART3Hadler) for Wp_SetUART3Hadler
    main.o(i.main) refers to wp_sys.o(i.Wp_SystemConfigure) for Wp_SystemConfigure
    main.o(i.main) refers to wp_oled.o(i.Wp_ClearOled) for Wp_ClearOled
    main.o(i.main) refers to cfrcmple.o(.text) for __aeabi_cfrcmple
    main.o(i.main) refers to wp_oled.o(i.OLED_P8x16Str) for OLED_P8x16Str
    main.o(i.main) refers to wp_oled.o(i.Wp_Disfloat) for Wp_Disfloat
    main.o(i.main) refers to wp_oled.o(i.OLED_P8x16Char) for OLED_P8x16Char
    main.o(i.main) refers to wp_oled.o(i.Wp_DisfloatIntegerandDecimal) for Wp_DisfloatIntegerandDecimal
    main.o(i.main) refers to wp_oled.o(i.Wp_DisP16x16DotArray) for Wp_DisP16x16DotArray
    main.o(i.main) refers to printfb.o(i.__0printf$bare) for __2printf
    main.o(i.main) refers to wp_oled.o(i.OLED_Dis8x16CharNum) for OLED_Dis8x16CharNum
    main.o(i.main) refers to wp_oled.o(i.OLED_Dis6x8CharNum) for OLED_Dis6x8CharNum
    main.o(i.main) refers to wp_uart.o(i.ReceiveUart1Hadler) for ReceiveUart1Hadler
    main.o(i.main) refers to wp_uart.o(i.ReceiveUart2Hadler) for ReceiveUart2Hadler
    main.o(i.main) refers to wp_motor.o(i.ReceiveUart3Hadler) for ReceiveUart3Hadler
    main.o(i.main) refers to wp_globle.o(.data) for keyvalue
    main.o(i.main) refers to wp_mpu6050.o(.bss) for wp_dmp_data
    main.o(i.main) refers to wp_globle.o(.bss) for analogvalue
    main.o(i.main) refers to wp_oled.o(i.Wp_DisIntNum) for Wp_DisIntNum
    main.o(i.main) refers to wp_adc.o(i.Wp_CalculateDistanceChannel) for Wp_CalculateDistanceChannel
    main.o(i.main) refers to wp_adc.o(i.Wp_CalculateLuxChannel) for Wp_CalculateLuxChannel
    main.o(i.main) refers to d2f.o(.text) for __aeabi_d2f
    main.o(i.main) refers to fflti.o(.text) for __aeabi_i2f
    main.o(i.main) refers to wp_globle.o(i.Wp_DelayMs) for Wp_DelayMs
    wp_adc.o(i.Wp_AdcConfigure) refers to wp_adc.o(i.Wp_AdcDMAConfigure) for Wp_AdcDMAConfigure
    wp_adc.o(i.Wp_AdcConfigure) refers to stm32f10x_rcc.o(i.RCC_APB2PeriphClockCmd) for RCC_APB2PeriphClockCmd
    wp_adc.o(i.Wp_AdcConfigure) refers to stm32f10x_gpio.o(i.GPIO_Init) for GPIO_Init
    wp_adc.o(i.Wp_AdcConfigure) refers to stm32f10x_adc.o(i.ADC_Init) for ADC_Init
    wp_adc.o(i.Wp_AdcConfigure) refers to stm32f10x_adc.o(i.ADC_RegularChannelConfig) for ADC_RegularChannelConfig
    wp_adc.o(i.Wp_AdcConfigure) refers to stm32f10x_adc.o(i.ADC_DMACmd) for ADC_DMACmd
    wp_adc.o(i.Wp_AdcConfigure) refers to stm32f10x_adc.o(i.ADC_Cmd) for ADC_Cmd
    wp_adc.o(i.Wp_AdcConfigure) refers to stm32f10x_adc.o(i.ADC_ResetCalibration) for ADC_ResetCalibration
[...]
    i.i2cwrite                               0x08006f5e   Section        0  wp_iic.o(i.i2cwrite)
    i.inv_orientation_matrix_to_scalar       0x08006f84   Section        0  wp_mpu6050.o(i.inv_orientation_matrix_to_scalar)
    i.inv_row_2_scale                        0x08006fac   Section        0  wp_mpu6050.o(i.inv_row_2_scale)
    inv_row_2_scale                          0x08006fad   Thumb Code    78  wp_mpu6050.o(i.inv_row_2_scale)
    i.key_delay1ms                           0x08006ffa   Section        0  wp_key.o(i.key_delay1ms)
    key_delay1ms                             0x08006ffb   Thumb Code    26  wp_key.o(i.key_delay1ms)
    i.main                                   0x08007014   Section        0  main.o(i.main)
    i.malloc                                 0x080076e4   Section        0  malloc.o(i.malloc)
    i.mpu_configure_fifo                     0x08007750   Section        0  inv_mpu.o(i.mpu_configure_fifo)
    i.mpu_get_accel_fsr                      0x080077c0   Section        0  inv_mpu.o(i.mpu_get_accel_fsr)
    i.mpu_get_accel_sens                     0x0800780c   Section        0  inv_mpu.o(i.mpu_get_accel_sens)
    i.mpu_get_fifo_config                    0x08007860   Section        0  inv_mpu.o(i.mpu_get_fifo_config)
    i.mpu_get_gyro_fsr                       0x08007870   Section        0  inv_mpu.o(i.mpu_get_gyro_fsr)
    i.mpu_get_gyro_sens                      0x080078b4   Section        0  inv_mpu.o(i.mpu_get_gyro_sens)
    i.mpu_get_lpf                            0x08007904   Section        0  inv_mpu.o(i.mpu_get_lpf)
    i.mpu_get_sample_rate                    0x08007954   Section        0  inv_mpu.o(i.mpu_get_sample_rate)
    i.mpu_init                               0x08007974   Section        0  inv_mpu.o(i.mpu_init)
    i.mpu_load_firmware                      0x08007b64   Section        0  inv_mpu.o(i.mpu_load_firmware)
    i.mpu_lp_accel_mode                      0x08007c1c   Section        0  inv_mpu.o(i.mpu_lp_accel_mode)
    i.mpu_read_fifo_stream                   0x08007cfc   Section        0  inv_mpu.o(i.mpu_read_fifo_stream)
    i.mpu_read_mem                           0x08007dbc   Section        0  inv_mpu.o(i.mpu_read_mem)
    i.mpu_reset_fifo                         0x08007e3c   Section        0  inv_mpu.o(i.mpu_reset_fifo)
    i.mpu_run_self_test                      0x08008004   Section        0  inv_mpu.o(i.mpu_run_self_test)
    i.mpu_set_accel_fsr                      0x08008120   Section        0  inv_mpu.o(i.mpu_set_accel_fsr)
    i.mpu_set_bypass                         0x080081a4   Section        0  inv_mpu.o(i.mpu_set_bypass)
    i.mpu_set_dmp_state                      0x080082f0   Section        0  inv_mpu.o(i.mpu_set_dmp_state)
    i.mpu_set_gyro_fsr                       0x08008380   Section        0  inv_mpu.o(i.mpu_set_gyro_fsr)
    i.mpu_set_int_latched                    0x08008408   Section        0  inv_mpu.o(i.mpu_set_int_latched)
    i.mpu_set_lpf                            0x08008474   Section        0  inv_mpu.o(i.mpu_set_lpf)
    i.mpu_set_sample_rate                    0x080084f8   Section        0  inv_mpu.o(i.mpu_set_sample_rate)
    i.mpu_set_sensors                        0x08008594   Section        0  inv_mpu.o(i.mpu_set_sensors)
    i.mpu_write_mem                          0x08008664   Section        0  inv_mpu.o(i.mpu_write_mem)
    i.run_self_test                          0x080086e4   Section        0  wp_mpu6050.o(i.run_self_test)
    i.set_int_enable                         0x08008778   Section        0  inv_mpu.o(i.set_int_enable)
    set_int_enable                           0x08008779   Thumb Code   138  inv_mpu.o(i.set_int_enable)
    i.sin                                    0x08008808   Section        0  sin.o(i.sin)
    i.sqrt                                   0x080088b8   Section        0  sqrt.o(i.sqrt)
    i.strcat                                 0x08008904   Section        0  stdlib.o(i.strcat)
    i.strcpy                                 0x0800892e   Section        0  stdlib.o(i.strcpy)
    i.strlen                                 0x0800894e   Section        0  stdlib.o(i.strlen)
    .constdata                               0x0800896c   Section     2456  wp_oled.o(.constdata)
    .constdata                               0x08009304   Section      157  inv_mpu.o(.constdata)
    .constdata                               0x080093a1   Section     3062  inv_mpu_dmp_motion_driver.o(.constdata)
    dmp_memory                               0x080093a1   Data        3062  inv_mpu_dmp_motion_driver.o(.constdata)
    .constdata                               0x08009f98   Section       80  asin.o(.constdata)
    pS                                       0x08009f98   Data          48  asin.o(.constdata)
    qS                                       0x08009fc8   Data          32  asin.o(.constdata)
    .constdata                               0x08009fe8   Section      152  atan.o(.constdata)
    atanhi                                   0x08009fe8   Data          32  atan.o(.constdata)
    atanlo                                   0x0800a008   Data          32  atan.o(.constdata)
    aTodd                                    0x0800a028   Data          40  atan.o(.constdata)
    aTeven                                   0x0800a050   Data          48  atan.o(.constdata)
    .constdata                               0x0800a080   Section       48  cos_i.o(.constdata)
    C                                        0x0800a080   Data          48  cos_i.o(.constdata)
    .constdata                               0x0800a0b0   Section        8  qnan.o(.constdata)
    .constdata                               0x0800a0b8   Section      200  rred.o(.constdata)
    pio2s                                    0x0800a0b8   Data          48  rred.o(.constdata)
    twooverpi                                0x0800a0e8   Data         152  rred.o(.constdata)
    .constdata                               0x0800a180   Section       40  sin_i.o(.constdata)
    S                                        0x0800a180   Data          40  sin_i.o(.constdata)
    .conststring                             0x0800a1a8   Section        9  wp_globle.o(.conststring)
    .data                                    0x20000000   Section       72  main.o(.data)
    gyro_orientation                         0x20000000   Data           9  main.o(.data)
    this_direction_runtime                   0x2000000a   Data           2  main.o(.data)
    pre_direction                            0x2000000c   Data           4  main.o(.data)
    leftturnstate                            0x20000010   Data           4  main.o(.data)
    rightturnstate                           0x20000014   Data           4  main.o(.data)
    normalstate                              0x20000018   Data           4  main.o(.data)
    leftreassure                             0x2000001c   Data           4  main.o(.data)
    rightreassure                            0x20000020   Data           4  main.o(.data)
    leftonwork                               0x20000024   Data           4  main.o(.data)
    rightonwork                              0x20000028   Data           4  main.o(.data)
    backtonormal                             0x2000002c   Data           4  main.o(.data)
    counttime                                0x20000030   Data           4  main.o(.data)
    preState                                 0x20000034   Data           4  main.o(.data)
    i                                        0x20000038   Data           1  main.o(.data)
    j                                        0x2000003a   Data           2  main.o(.data)
    k                                        0x2000003c   Data           1  main.o(.data)
    h                                        0x2000003d   Data           1  main.o(.data)
    n                                        0x2000003e   Data           1  main.o(.data)
    floatleddismode                          0x2000003f   Data           1  main.o(.data)
    operation_speed                          0x20000040   Data           4  main.o(.data)
    direction_command                        0x20000044   Data           1  main.o(.data)
    runtimes                                 0x20000046   Data           2  main.o(.data)
    .data                                    0x20000048   Section        1  wp_adc.o(.data)
    i                                        0x20000048   Data           1  wp_adc.o(.data)
    .data                                    0x20000050   Section      128  wp_globle.o(.data)
    .data                                    0x200000d0   Section        1  wp_oled.o(.data)
    s_bClearScreen                           0x200000d0   Data           1  wp_oled.o(.data)
    .data                                    0x200000d4   Section       16  wp_mpu6050.o(.data)
    gyro_orientation                         0x200000d4   Data           9  wp_mpu6050.o(.data)
    .data                                    0x200000e4   Section       32  wp_timer.o(.data)
    .data                                    0x20000104   Section        1  wp_motor.o(.data)
    count                                    0x20000104   Data           1  wp_motor.o(.data)
    .data                                    0x20000106   Section       36  wp_pwm.o(.data)
    .data                                    0x2000012c   Section        8  location.o(.data)
    this_direction_runtime                   0x2000012c   Data           2  location.o(.data)
    pre_direction                            0x20000130   Data           4  location.o(.data)
    .data                                    0x20000134   Section       20  stm32f10x_rcc.o(.data)
    APBAHBPrescTable                         0x20000134   Data          16  stm32f10x_rcc.o(.data)
    ADCPrescTable                            0x20000144   Data           4  stm32f10x_rcc.o(.data)
    .data                                    0x20000148   Section       20  system_stm32f10x.o(.data)
    .data                                    0x2000015c   Section       44  inv_mpu.o(.data)
    st                                       0x2000015c   Data          44  inv_mpu.o(.data)
    .data                                    0x20000188   Section        4  stdout.o(.data)
    .data                                    0x2000018c   Section        4  mvars.o(.data)
    .data                                    0x20000190   Section        4  mvars.o(.data)
    .data                                    0x20000194   Section        4  errno.o(.data)
    _errno                                   0x20000194   Data           4  errno.o(.data)
    .bss                                     0x20000198   Section      244  wp_globle.o(.bss)
    .bss                                     0x2000028c   Section       64  wp_mpu6050.o(.bss)
    hal                                      0x2000028c   Data          14  wp_mpu6050.o(.bss)
    .bss                                     0x200002cc   Section      144  uprobot.o(.bss)
    hal                                      0x200002cc   Data          14  uprobot.o(.bss)
    .bss                                     0x2000035c   Section       48  queue.o(.bss)
    .bss                                     0x2000038c   Section      128  wp_motor.o(.bss)
    .bss                                     0x2000040c   Section       16  inv_mpu_dmp_motion_driver.o(.bss)
    dmp                                      0x2000040c   Data          16  inv_mpu_dmp_motion_driver.o(.bss)
    HEAP                                     0x20000420   Section      512  startup_stm32f10x_hd.o(HEAP)
    STACK                                    0x20000620   Section     1024  startup_stm32f10x_hd.o(STACK)

    Global Symbols

    Symbol Name                              Value     Ov Type        Size  Object(Section)

    BuildAttributes$$THM_ISAv4$P$D$K$B$S$PE$A:L22UL41UL21$X:L11$S22US41US21$IEEE1$IW$USESV6$~STKCKD$USESV7$~SHL$OTIME$ROPI$IEEEX$EBA8$MICROLIB$REQ8$PRES8$EABIv2 0x00000000   Number         0  anon$$obj.o ABSOLUTE
    __ARM_use_no_argv                        0x00000000   Number         0  main.o ABSOLUTE
    __cpp_initialize__aeabi_                  - Undefined Weak Reference
    __cxa_finalize                            - Undefined Weak Reference
    _clock_init                               - Undefined Weak Reference
    _microlib_exit                            - Undefined Weak Reference
    __Vectors_Size                           0x00000130   Number         0  startup_stm32f10x_hd.o ABSOLUTE
    __Vectors                                0x08000000   Data           4  startup_stm32f10x_hd.o(RESET)
    __Vectors_End                            0x08000130   Data           0  startup_stm32f10x_hd.o(RESET)
    __main                                   0x08000131   Thumb Code     0  entry.o(.ARM.Collect$$$$00000000)
    _main_stk                                0x08000131   Thumb Code     0  entry2.o(.ARM.Collect$$$$00000001)
    _main_scatterload                        0x08000135   Thumb Code     0  entry5.o(.ARM.Collect$$$$00000004)
    __main_after_scatterload                 0x08000139   Thumb Code     0  entry5.o(.ARM.Collect$$$$00000004)
    _main_clock                              0x08000139   Thumb Code     0  entry7b.o(.ARM.Collect$$$$00000008)
    _main_cpp_init                           0x08000139   Thumb Code     0  entry8b.o(.ARM.Collect$$$$0000000A)
    _main_init                               0x08000139   Thumb Code     0  entry9a.o(.ARM.Collect$$$$0000000B)
    __rt_final_cpp                           0x08000141   Thumb Code     0  entry10a.o(.ARM.Collect$$$$0000000D)
    __rt_final_exit                          0x08000141   Thumb Code     0  entry11a.o(.ARM.Collect$$$$0000000F)
    Reset_Handler                            0x08000145   Thumb Code     8  startup_stm32f10x_hd.o(.text)
    NMI_Handler                              0x0800014d   Thumb Code     2  startup_stm32f10x_hd.o(.text)
    HardFault_Handler                        0x0800014f   Thumb Code     2  startup_stm32f10x_hd.o(.text)
    MemManage_Handler                        0x08000151   Thumb Code     2  startup_stm32f10x_hd.o(.text)
    BusFault_Handler                         0x08000153   Thumb Code     2  startup_stm32f10x_hd.o(.text)
    UsageFault_Handler                       0x08000155   Thumb Code     2  startup_stm32f10x_hd.o(.text)
    SVC_Handler                              0x08000157   Thumb Code     2  startup_stm32f10x_hd.o(.text)
    DebugMon_Handler                         0x08000159   Thumb Code     2  startup_stm32f10x_hd.o(.text)
    PendSV_Handler                           0x0800015b   Thumb Code     2  startup_stm32f10x_hd.o(.text)
    ADC1_2_IRQHandler                        0x0800015f   Thumb Code     0  startup_stm32f10x_hd.o(.text)
    ADC3_IRQHandler                          0x0800015f   Thumb Code     0  startup_stm32f10x_hd.o(.text)
    CAN1_RX1_IRQHandler                      0x0800015f   Thumb Code     0  startup_stm32f10x_hd.o(.text)
    CAN1_SCE_IRQHandler                      0x0800015f   Thumb Code     0  startup_stm32f10x_hd.o(.text)
    DMA1_Channel2_IRQHandler                 0x0800015f   Thumb Code     0  startup_stm32f10x_hd.o(.text)
    DMA1_Channel3_IRQHandler                 0x0800015f   Thumb Code     0  startup_stm32f10x_hd.o(.text)
    DMA1_Channel6_IRQHandler                 0x0800015f   Thumb Code     0  startup_stm32f10x_hd.o(.text)
    DMA1_Channel7_IRQHandler                 0x0800015f   Thumb Code     0  startup_stm32f10x_hd.o(.text)
    DMA2_Channel1_IRQHandler                 0x0800015f   Thumb Code     0  startup_stm32f10x_hd.o(.text)
    DMA2_Channel2_IRQHandler                 0x0800015f   Thumb Code     0  startup_stm32f10x_hd.o(.text)
    DMA2_Channel3_IRQHandler                 0x0800015f   Thumb Code     0  startup_stm32f10x_hd.o(.text)
    DMA2_Channel4_5_IRQHandler               0x0800015f   Thumb Code     0  startup_stm32f10x_hd.o(.text)
    FLASH_IRQHandler                         0x0800015f   Thumb Code     0  startup_stm32f10x_hd.o(.text)
    FSMC_IRQHandler                          0x0800015f   Thumb Code     0  startup_stm32f10x_hd.o(.text)
    I2C1_ER_IRQHandler                       0x0800015f   Thumb Code     0  startup_stm32f10x_hd.o(.text)
    I2C1_EV_IRQHandler                       0x0800015f   Thumb Code     0  startup_stm32f10x_hd.o(.text)
    I2C2_ER_IRQHandler                       0x0800015f   Thumb Code     0  startup_stm32f10x_hd.o(.text)
    I2C2_EV_IRQHandler                       0x0800015f   Thumb Code     0  startup_stm32f10x_hd.o(.text)
    PVD_IRQHandler                           0x0800015f   Thumb Code     0  startup_stm32f10x_hd.o(.text)
    RCC_IRQHandler                           0x0800015f   Thumb Code     0  startup_stm32f10x_hd.o(.text)
    RTCAlarm_IRQHandler                      0x0800015f   Thumb Code     0  startup_stm32f10x_hd.o(.text)
    RTC_IRQHandler                           0x0800015f   Thumb Code     0  startup_stm32f10x_hd.o(.text)
    SDIO_IRQHandler                          0x0800015f   Thumb Code     0  startup_stm32f10x_hd.o(.text)
    SPI1_IRQHandler                          0x0800015f   Thumb Code     0  startup_stm32f10x_hd.o(.text)
    SPI2_IRQHandler                          0x0800015f   Thumb Code     0  startup_stm32f10x_hd.o(.text)
    SPI3_IRQHandler                          0x0800015f   Thumb Code     0  startup_stm32f10x_hd.o(.text)
    TAMPER_IRQHandler                        0x0800015f   Thumb Code     0  startup_stm32f10x_hd.o(.text)
    TIM1_BRK_IRQHandler                      0x0800015f   Thumb Code     0  startup_stm32f10x_hd.o(.text)
    TIM1_CC_IRQHandler                       0x0800015f   Thumb Code     0  startup_stm32f10x_hd.o(.text)
    TIM1_TRG_COM_IRQHandler                  0x0800015f   Thumb Code     0  startup_stm32f10x_hd.o(.text)
    TIM1_UP_IRQHandler                       0x0800015f   Thumb Code     0  startup_stm32f10x_hd.o(.text)
    TIM5_IRQHandler                          0x0800015f   Thumb Code     0  startup_stm32f10x_hd.o(.text)
    TIM6_IRQHandler                          0x0800015f   Thumb Code     0  startup_stm32f10x_hd.o(.text)
    TIM7_IRQHandler                          0x0800015f   Thumb Code     0  startup_stm32f10x_hd.o(.text)
    TIM8_BRK_IRQHandler                      0x0800015f   Thumb Code     0  startup_stm32f10x_hd.o(.text)
    TIM8_CC_IRQHandler                       0x0800015f   Thumb Code     0  startup_stm32f10x_hd.o(.text)
    TIM8_TRG_COM_IRQHandler                  0x0800015f   Thumb Code     0  startup_stm32f10x_hd.o(.text)
    TIM8_UP_IRQHandler                       0x0800015f   Thumb Code     0  startup_stm32f10x_hd.o(.text)
    UART4_IRQHandler                         0x0800015f   Thumb Code     0  startup_stm32f10x_hd.o(.text)
    UART5_IRQHandler                         0x0800015f   Thumb Code     0  startup_stm32f10x_hd.o(.text)
    USBWakeUp_IRQHandler                     0x0800015f   Thumb Code     0  startup_stm32f10x_hd.o(.text)
    USB_HP_CAN1_TX_IRQHandler                0x0800015f   Thumb Code     0  startup_stm32f10x_hd.o(.text)
    USB_LP_CAN1_RX0_IRQHandler               0x0800015f   Thumb Code     0  startup_stm32f10x_hd.o(.text)
    WWDG_IRQHandler                          0x0800015f   Thumb Code     0  startup_stm32f10x_hd.o(.text)
    __aeabi_ldivmod                          0x08000169   Thumb Code    90  ldiv.o(.text)
    __aeabi_memset                           0x080001c3   Thumb Code    14  memseta.o(.text)
    __aeabi_memset4                          0x080001c3   Thumb Code     0  memseta.o(.text)
    __aeabi_memset8                          0x080001c3   Thumb Code     0  memseta.o(.text)
    __aeabi_memclr                           0x080001d1   Thumb Code     4  memseta.o(.text)
    __aeabi_memclr4                          0x080001d1   Thumb Code     0  memseta.o(.text)
    __aeabi_memclr8                          0x080001d1   Thumb Code     0  memseta.o(.text)
    _memset$wrapper                          0x080001d5   Thumb Code    18  memseta.o(.text)
    memcmp                                   0x080001e7   Thumb Code    26  memcmp.o(.text)
    __aeabi_fadd                             0x08000201   Thumb Code   164  fadd.o(.text)
    __aeabi_fsub                             0x080002a5   Thumb Code     6  fadd.o(.text)
    __aeabi_frsub                            0x080002ab   Thumb Code     6  fadd.o(.text)
    __aeabi_fmul                             0x080002b1   Thumb Code   108  fmul.o(.text)
    __aeabi_fdiv                             0x0800031d   Thumb Code   128  fdiv.o(.text)
    __aeabi_dadd                             0x0800039d   Thumb Code   322  dadd.o(.text)
    __aeabi_dsub                             0x080004df   Thumb Code     6  dadd.o(.text)
    __aeabi_drsub                            0x080004e5   Thumb Code     6  dadd.o(.text)
    __aeabi_dmul                             0x080004eb   Thumb Code   228  dmul.o(.text)
    __aeabi_ddiv                             0x080005cf   Thumb Code   222  ddiv.o(.text)
    __aeabi_i2f                              0x080006ad   Thumb Code    18  fflti.o(.text)
    __aeabi_ui2f                             0x080006bf   Thumb Code    10  ffltui.o(.text)
    __aeabi_i2d                              0x080006c9   Thumb Code    34  dflti.o(.text)
    __aeabi_ui2d                             0x080006eb   Thumb Code    26  dfltui.o(.text)
    __aeabi_f2iz                             0x08000705   Thumb Code    50  ffixi.o(.text)
    __aeabi_f2uiz                            0x08000737   Thumb Code    40  ffixui.o(.text)
    __aeabi_d2iz                             0x0800075f   Thumb Code    62  dfixi.o(.text)
    __aeabi_d2uiz                            0x0800079d   Thumb Code    50  dfixui.o(.text)
    __aeabi_f2d                              0x080007cf   Thumb Code    38  f2d.o(.text)
    __aeabi_cdcmpeq                          0x080007f5   Thumb Code     0  cdcmple.o(.text)
    __aeabi_cdcmple                          0x080007f5   Thumb Code    38  cdcmple.o(.text)
    __aeabi_cdrcmple                         0x0800081d   Thumb Code    38  cdrcmple.o(.text)
    __aeabi_d2f                              0x08000845   Thumb Code    56  d2f.o(.text)
    __aeabi_cfcmpeq                          0x0800087d   Thumb Code     0  cfcmple.o(.text)
    __aeabi_cfcmple                          0x0800087d   Thumb Code    20  cfcmple.o(.text)
    __aeabi_cfrcmple                         0x08000891   Thumb Code    20  cfrcmple.o(.text)
    __aeabi_uldivmod                         0x080008a5   Thumb Code    98  uldiv.o(.text)
    __aeabi_llsl                             0x08000907   Thumb Code    30  llshl.o(.text)
    _ll_shift_l                              0x08000907   Thumb Code     0  llshl.o(.text)
    __aeabi_llsr                             0x08000925   Thumb Code    32  llushr.o(.text)
    _ll_ushift_r                             0x08000925   Thumb Code     0  llushr.o(.text)
    __aeabi_lasr                             0x08000945   Thumb Code    36  llsshr.o(.text)
    _ll_sshift_r                             0x08000945   Thumb Code     0  llsshr.o(.text)
    __I$use$fp                               0x08000969   Thumb Code     0  iusefp.o(.text)
    _float_round                             0x08000969   Thumb Code    18  fepilogue.o(.text)
    _float_epilogue                          0x0800097b   Thumb Code    90  fepilogue.o(.text)
    _double_round                            0x080009d5   Thumb Code    26  depilogue.o(.text)
    _double_epilogue                         0x080009ef   Thumb Code   164  depilogue.o(.text)
    __ARM_scalbn                             0x08000a93   Thumb Code    46  dscalb.o(.text)
    scalbn                                   0x08000a93   Thumb Code     0  dscalb.o(.text)
    __scatterload                            0x08000ac1   Thumb Code    28  init.o(.text)
    __scatterload_rt2                        0x08000ac1   Thumb Code     0  init.o(.text)
    _dsqrt                                   0x08000ae5   Thumb Code   162  dsqrt.o(.text)
    __decompress                             0x08000b87   Thumb Code     0  __dczerorl2.o(.text)
    __decompress1                            0x08000b87   Thumb Code    92  __dczerorl2.o(.text)
    ADC_Cmd                                  0x08000be3   Thumb Code    22  stm32f10x_adc.o(i.ADC_Cmd)
    ADC_DMACmd                               0x08000bf9   Thumb Code    22  stm32f10x_adc.o(i.ADC_DMACmd)
    ADC_GetCalibrationStatus                 0x08000c0f   Thumb Code    20  stm32f10x_adc.o(i.ADC_GetCalibrationStatus)
    ADC_GetResetCalibrationStatus            0x08000c23   Thumb Code    20  stm32f10x_adc.o(i.ADC_GetResetCalibrationStatus)
    ADC_Init                                 0x08000c39   Thumb Code    70  stm32f10x_adc.o(i.ADC_Init)
    ADC_RegularChannelConfig                 0x08000c89   Thumb Code   184  stm32f10x_adc.o(i.ADC_RegularChannelConfig)
    ADC_ResetCalibration                     0x08000d41   Thumb Code    10  stm32f10x_adc.o(i.ADC_ResetCalibration)
    ADC_SoftwareStartConvCmd                 0x08000d4b   Thumb Code    22  stm32f10x_adc.o(i.ADC_SoftwareStartConvCmd)
    ADC_StartCalibration                     0x08000d61   Thumb Code    10  stm32f10x_adc.o(i.ADC_StartCalibration)
    AddBufferQueue                           0x08000d6b   Thumb Code    28  queue.o(i.AddBufferQueue)
    DMA1_Channel1_IRQHandler                 0x08000d87   Thumb Code    18  wp_it.o(i.DMA1_Channel1_IRQHandler)
    DMA1_Channel4_IRQHandler                 0x08000d99   Thumb Code    20  wp_it.o(i.DMA1_Channel4_IRQHandler)
    DMA1_Channel5_IRQHandler                 0x08000db1   Thumb Code    12  wp_it.o(i.DMA1_Channel5_IRQHandler)
    DMA_ClearFlag                            0x08000dbd   Thumb Code    18  stm32f10x_dma.o(i.DMA_ClearFlag)
    DMA_ClearITPendingBit                    0x08000dd9   Thumb Code    18  stm32f10x_dma.o(i.DMA_ClearITPendingBit)
    DMA_Cmd                                  0x08000df5   Thumb Code    24  stm32f10x_dma.o(i.DMA_Cmd)
    DMA_DeInit                               0x08000e0d   Thumb Code   324  stm32f10x_dma.o(i.DMA_DeInit)
    DMA_GetITStatus                          0x08000f59   Thumb Code    34  stm32f10x_dma.o(i.DMA_GetITStatus)
    DMA_ITConfig                             0x08000f85   Thumb Code    18  stm32f10x_dma.o(i.DMA_ITConfig)
    DMA_Init                                 0x08000f97   Thumb Code    60  stm32f10x_dma.o(i.DMA_Init)
    EXTI0_IRQHandler                         0x08000fd3   Thumb Code    16  wp_it.o(i.EXTI0_IRQHandler)
    EXTI15_10_IRQHandler                     0x08000fe3   Thumb Code   170  wp_it.o(i.EXTI15_10_IRQHandler)
    EXTI1_IRQHandler                         0x0800108d   Thumb Code    16  wp_it.o(i.EXTI1_IRQHandler)
    EXTI2_IRQHandler                         0x0800109d   Thumb Code    16  wp_it.o(i.EXTI2_IRQHandler)
    EXTI3_IRQHandler                         0x080010ad   Thumb Code    16  wp_it.o(i.EXTI3_IRQHandler)
    EXTI4_IRQHandler                         0x080010bd   Thumb Code    16  wp_it.o(i.EXTI4_IRQHandler)
    EXTI9_5_IRQHandler                       0x080010cd   Thumb Code   124  wp_it.o(i.EXTI9_5_IRQHandler)
    EXTI_ClearITPendingBit                   0x08001149   Thumb Code     6  stm32f10x_exti.o(i.EXTI_ClearITPendingBit)
    EXTI_GetITStatus                         0x08001155   Thumb Code    34  stm32f10x_exti.o(i.EXTI_GetITStatus)
    EXTI_IRQHandler                          0x0800117d   Thumb Code    20  wp_it.o(i.EXTI_IRQHandler)
    GPIO_Init                                0x08001195   Thumb Code   274  stm32f10x_gpio.o(i.GPIO_Init)
    GPIO_PinRemapConfig                      0x080012a9   Thumb Code   138  stm32f10x_gpio.o(i.GPIO_PinRemapConfig)
    GPIO_ReadInputDataBit                    0x08001339   Thumb Code    18  stm32f10x_gpio.o(i.GPIO_ReadInputDataBit)
    GPIO_ReadOutputDataBit                   0x0800134b   Thumb Code    18  stm32f10x_gpio.o(i.GPIO_ReadOutputDataBit)
    GPIO_ResetBits                           0x0800135d   Thumb Code     4  stm32f10x_gpio.o(i.GPIO_ResetBits)
    GPIO_SetBits                             0x08001361   Thumb Code     4  stm32f10x_gpio.o(i.GPIO_SetBits)
    GetLocation                              0x08001365   Thumb Code  1348  location.o(i.GetLocation)
    InitBufferQueue                          0x08001acf   Thumb Code    48  queue.o(i.InitBufferQueue)
    NVIC_Init                                0x08001b71   Thumb Code   102  misc.o(i.NVIC_Init)
    NVIC_PriorityGroupConfig                 0x08001be5   Thumb Code    10  misc.o(i.NVIC_PriorityGroupConfig)
    OLED_Dis6x8CharNum                       0x08001c13   Thumb Code    40  wp_oled.o(i.OLED_Dis6x8CharNum)
    OLED_Dis8x16CharNum                      0x08001c3b   Thumb Code    40  wp_oled.o(i.OLED_Dis8x16CharNum)
    OLED_P6x8Char                            0x08001c65   Thumb Code    92  wp_oled.o(i.OLED_P6x8Char)
    OLED_P8x16Char                           0x08001cc5   Thumb Code   170  wp_oled.o(i.OLED_P8x16Char)
    OLED_P8x16Str                            0x08001d75   Thumb Code   206  wp_oled.o(i.OLED_P8x16Str)
    OutBufferQueue                           0x08001f35   Thumb Code    50  queue.o(i.OutBufferQueue)
    RCC_AHBPeriphClockCmd                    0x08001f69   Thumb Code    26  stm32f10x_rcc.o(i.RCC_AHBPeriphClockCmd)
    RCC_APB1PeriphClockCmd                   0x08001f89   Thumb Code    26  stm32f10x_rcc.o(i.RCC_APB1PeriphClockCmd)
    RCC_APB2PeriphClockCmd                   0x08001fa9   Thumb Code    26  stm32f10x_rcc.o(i.RCC_APB2PeriphClockCmd)
    RCC_GetClocksFreq                        0x0800203d   Thumb Code   192  stm32f10x_rcc.o(i.RCC_GetClocksFreq)
    ReceiveUart1Hadler                       0x08002111   Thumb Code    14  wp_uart.o(i.ReceiveUart1Hadler)
    ReceiveUart2Hadler                       0x08002125   Thumb Code     6  wp_uart.o(i.ReceiveUart2Hadler)
    ReceiveUart3Hadler                       0x08002131   Thumb Code    14  wp_motor.o(i.ReceiveUart3Hadler)
    SPI_Cmd                                  0x08002145   Thumb Code    24  stm32f10x_spi.o(i.SPI_Cmd)
    SPI_Init                                 0x0800215d   Thumb Code    60  stm32f10x_spi.o(i.SPI_Init)
    SimulateI2cInit                          0x0800227d   Thumb Code    32  wp_iic.o(i.SimulateI2cInit)
    SysTick_Handler                          0x080022a1   Thumb Code    18  wp_it.o(i.SysTick_Handler)
    SystemInit                               0x080022b9   Thumb Code    78  system_stm32f10x.o(i.SystemInit)
    TIM2_IRQHandler                          0x08002319   Thumb Code     8  wp_it.o(i.TIM2_IRQHandler)
    TIM3_IRQHandler                          0x08002321   Thumb Code     8  wp_it.o(i.TIM3_IRQHandler)
    TIM4_IRQHandler                          0x08002329   Thumb Code     8  wp_it.o(i.TIM4_IRQHandler)
    TIM_ARRPreloadConfig                     0x08002331   Thumb Code    24  stm32f10x_tim.o(i.TIM_ARRPreloadConfig)
    TIM_ClearITPendingBit                    0x08002349   Thumb Code     6  stm32f10x_tim.o(i.TIM_ClearITPendingBit)
    TIM_Cmd                                  0x0800234f   Thumb Code    24  stm32f10x_tim.o(i.TIM_Cmd)
    TIM_GetITStatus                          0x08002367   Thumb Code    34  stm32f10x_tim.o(i.TIM_GetITStatus)
    TIM_ITConfig                             0x08002389   Thumb Code    18  stm32f10x_tim.o(i.TIM_ITConfig)
    TIM_OC1Init                              0x0800239d   Thumb Code   132  stm32f10x_tim.o(i.TIM_OC1Init)
    TIM_OC1PreloadConfig                     0x08002435   Thumb Code    18  stm32f10x_tim.o(i.TIM_OC1PreloadConfig)
    TIM_TimeBaseInit                         0x08002449   Thumb Code   122  stm32f10x_tim.o(i.TIM_TimeBaseInit)
    TestEmptyBufferQueue                     0x080024ed   Thumb Code    18  queue.o(i.TestEmptyBufferQueue)
    USART1_IRQHandler                        0x08002501   Thumb Code    76  wp_it.o(i.USART1_IRQHandler)
    USART2_IRQHandler                        0x08002555   Thumb Code    76  wp_it.o(i.USART2_IRQHandler)
    USART3_IRQHandler                        0x080025a9   Thumb Code    76  wp_it.o(i.USART3_IRQHandler)
    USART_ClearFlag                          0x080025fd   Thumb Code    18  stm32f10x_usart.o(i.USART_ClearFlag)
    USART_ClearITPendingBit                  0x0800260f   Thumb Code    30  stm32f10x_usart.o(i.USART_ClearITPendingBit)
    USART_ClockInit                          0x0800262d   Thumb Code    34  stm32f10x_usart.o(i.USART_ClockInit)
    USART_Cmd                                0x0800264f   Thumb Code    24  stm32f10x_usart.o(i.USART_Cmd)
    USART_DMACmd                             0x08002667   Thumb Code    18  stm32f10x_usart.o(i.USART_DMACmd)
    USART_GetFlagStatus                      0x08002679   Thumb Code    26  stm32f10x_usart.o(i.USART_GetFlagStatus)
    USART_GetITStatus                        0x08002693   Thumb Code    84  stm32f10x_usart.o(i.USART_GetITStatus)
    USART_ITConfig                           0x080026e7   Thumb Code    74  stm32f10x_usart.o(i.USART_ITConfig)
    USART_Init                               0x08002731   Thumb Code   210  stm32f10x_usart.o(i.USART_Init)
    USART_ReceiveData                        0x08002809   Thumb Code    10  stm32f10x_usart.o(i.USART_ReceiveData)
    USART_SendData                           0x08002813   Thumb Code     8  stm32f10x_usart.o(i.USART_SendData)
    UpMotorSlaveRxPacket                     0x0800281d   Thumb Code   228  wp_motor.o(i.UpMotorSlaveRxPacket)
    UpMotorSlaveTxPacket                     0x08002905   Thumb Code   122  wp_motor.o(i.UpMotorSlaveTxPacket)
    Wp_ActiomMotorMode                       0x08002981   Thumb Code    66  wp_motor.o(i.Wp_ActiomMotorMode)
    Wp_AdcConfigure                          0x080029cd   Thumb Code   382  wp_adc.o(i.Wp_AdcConfigure)
    Wp_BleKeyInit                            0x08002bbd   Thumb Code    44  wp_ble.o(i.Wp_BleKeyInit)
    Wp_CalculateDistanceChannel              0x08002bed   Thumb Code   516  wp_adc.o(i.Wp_CalculateDistanceChannel)
    Wp_CalculateLuxChannel                   0x08002e59   Thumb Code   102  wp_adc.o(i.Wp_CalculateLuxChannel)
    Wp_ClearOled                             0x08002ed9   Thumb Code    70  wp_oled.o(i.Wp_ClearOled)
    Wp_DelayMs                               0x08002f29   Thumb Code    16  wp_globle.o(i.Wp_DelayMs)
    Wp_DelayUs                               0x08002f3d   Thumb Code    26  wp_globle.o(i.Wp_DelayUs)
    Wp_DisIntNum                             0x08002f57   Thumb Code   156  wp_oled.o(i.Wp_DisIntNum)
    Wp_DisP16x16DotArray                     0x08002ff5   Thumb Code   136  wp_oled.o(i.Wp_DisP16x16DotArray)
    Wp_DisP16x16HanZiArray                   0x08003081   Thumb Code   138  wp_oled.o(i.Wp_DisP16x16HanZiArray)
    Wp_Disfloat                              0x0800310d   Thumb Code   266  wp_oled.o(i.Wp_Disfloat)
    Wp_DisfloatIntegerandDecimal             0x0800321d   Thumb Code   408  wp_oled.o(i.Wp_DisfloatIntegerandDecimal)
    Wp_FilterPower                           0x080033b9   Thumb Code   110  wp_adc.o(i.Wp_FilterPower)
    Wp_FlashSpiConfigure                     0x0800343d   Thumb Code   188  wp_25f16.o(i.Wp_FlashSpiConfigure)
    Wp_GetAdcChannelSamplingValue            0x08003501   Thumb Code    18  wp_adc.o(i.Wp_GetAdcChannelSamplingValue)
    Wp_GetAdcVoltageValue                    0x08003519   Thumb Code    88  wp_adc.o(i.Wp_GetAdcVoltageValue)
    Wp_GetInputValue                         0x0800357d   Thumb Code    64  wp_gpio.o(i.Wp_GetInputValue)
    Wp_GetMpu6050Dmp                         0x080035c1   Thumb Code   544  wp_mpu6050.o(i.Wp_GetMpu6050Dmp)
    Wp_GetOutputValue                        0x080037e9   Thumb Code   120  wp_gpio.o(i.Wp_GetOutputValue)
    Wp_GpioConfigure                         0x0800389d   Thumb Code   134  wp_gpio.o(i.Wp_GpioConfigure)
    Wp_KeyAccessTimes                        0x08003935   Thumb Code    78  wp_key.o(i.Wp_KeyAccessTimes)
    Wp_KeyInit                               0x08003985   Thumb Code    66  wp_key.o(i.Wp_KeyInit)
    Wp_KeyObjectInit                         0x080039ed   Thumb Code    12  wp_key.o(i.Wp_KeyObjectInit)
    Wp_KeyRefreshState                       0x080039f9   Thumb Code    86  wp_key.o(i.Wp_KeyRefreshState)
    Wp_MPU6050DMP_Init                       0x08003a51   Thumb Code    80  wp_mpu6050.o(i.Wp_MPU6050DMP_Init)
    Wp_NVIC_Configuration                    0x08003ad1   Thumb Code   188  wp_nvic.o(i.Wp_NVIC_Configuration)
    Wp_OledInit                              0x08003b8d   Thumb Code   238  wp_oled.o(i.Wp_OledInit)
    Wp_Pwm_TimerPro                          0x08003c81   Thumb Code   266  wp_pwm.o(i.Wp_Pwm_TimerPro)
    Wp_SetBleBaud                            0x08003d9d   Thumb Code    36  wp_ble.o(i.Wp_SetBleBaud)
    Wp_SetBleName                            0x08003dd9   Thumb Code    40  wp_ble.o(i.Wp_SetBleName)
    Wp_SetMotorSpeed                         0x08003e09   Thumb Code   106  wp_motor.o(i.Wp_SetMotorSpeed)
    Wp_SetUART1Hadler                        0x08003e7d   Thumb Code     8  wp_uart.o(i.Wp_SetUART1Hadler)
    Wp_SetUART2Hadler                        0x08003e89   Thumb Code     8  wp_uart.o(i.Wp_SetUART2Hadler)
    Wp_SetUART3Hadler                        0x08003e95   Thumb Code     8  wp_motor.o(i.Wp_SetUART3Hadler)
    Wp_Sev_TimerPro                          0x08003ea1   Thumb Code  1588  main.o(i.Wp_Sev_TimerPro)
    Wp_SystemConfigure                       0x080044f9   Thumb Code   392  wp_sys.o(i.Wp_SystemConfigure)
    Wp_Timer2Configure                       0x080046a5   Thumb Code   118  wp_timer.o(i.Wp_Timer2Configure)
    Wp_Uart1RxDmaInit                        0x0800471d   Thumb Code   102  wp_dma.o(i.Wp_Uart1RxDmaInit)
    Wp_Uart1TxDmaInit                        0x08004791   Thumb Code   104  wp_dma.o(i.Wp_Uart1TxDmaInit)
    Wp_Usart1Configure                       0x08004805   Thumb Code   202  wp_uart.o(i.Wp_Usart1Configure)
    Wp_Usart1_SendStr                        0x080048dd   Thumb Code    38  wp_uart.o(i.Wp_Usart1_SendStr)
    Wp_Usart2Configure                       0x08004909   Thumb Code   174  wp_uart.o(i.Wp_Usart2Configure)
    Wp_Usart2_SendChar                       0x080049c5   Thumb Code    28  wp_uart.o(i.Wp_Usart2_SendChar)
    Wp_Usart2_SendStr                        0x080049e5   Thumb Code    38  wp_uart.o(i.Wp_Usart2_SendStr)
    Wp_Usart3Configure                       0x08004a11   Thumb Code   210  wp_motor.o(i.Wp_Usart3Configure)
    Wp_Usart3_SendChar                       0x08004af5   Thumb Code    28  wp_motor.o(i.Wp_Usart3_SendChar)
    Wp_User_TimerPro                         0x08004b15   Thumb Code   526  wp_timer.o(i.Wp_User_TimerPro)
    __0printf$bare                           0x08004d3d   Thumb Code     8  printfb.o(i.__0printf$bare)
    __1printf$bare                           0x08004d3d   Thumb Code     0  printfb.o(i.__0printf$bare)
    __2printf                                0x08004d3d   Thumb Code     0  printfb.o(i.__0printf$bare)
    __ARM_fpclassify                         0x08004d4d   Thumb Code    40  fpclassify.o(i.__ARM_fpclassify)
    __ieee754_rem_pio2                       0x08004d75   Thumb Code   832  rred.o(i.__ieee754_rem_pio2)
    __kernel_cos                             0x080050fd   Thumb Code   230  cos_i.o(i.__kernel_cos)
    __kernel_poly                            0x080051f9   Thumb Code   170  poly.o(i.__kernel_poly)
    __kernel_sin                             0x080052a5   Thumb Code   224  sin_i.o(i.__kernel_sin)
    __mathlib_dbl_underflow                  0x08005391   Thumb Code    10  dunder.o(i.__mathlib_dbl_underflow)
    __scatterload_copy                       0x080053a1   Thumb Code    14  handlers.o(i.__scatterload_copy)
    __scatterload_null                       0x080053af   Thumb Code     2  handlers.o(i.__scatterload_null)
    __scatterload_zeroinit                   0x080053b1   Thumb Code    14  handlers.o(i.__scatterload_zeroinit)
    __set_errno                              0x080053c1   Thumb Code     6  errno.o(i.__set_errno)
    asin                                     0x08005495   Thumb Code   584  asin.o(i.asin)
    atan                                     0x08005711   Thumb Code   478  atan.o(i.atan)
    atan2                                    0x08005935   Thumb Code   346  atan2.o(i.atan2)
    cos                                      0x08005ab5   Thumb Code   164  cos.o(i.cos)
    delay_ms                                 0x08005bc5   Thumb Code    24  wp_globle.o(i.delay_ms)
    delay_us                                 0x08005bdd   Thumb Code    30  wp_globle.o(i.delay_us)
    dmp_enable_6x_lp_quat                    0x08005bfb   Thumb Code    60  inv_mpu_dmp_motion_driver.o(i.dmp_enable_6x_lp_quat)
    dmp_enable_feature                       0x08005c39   Thumb Code   530  inv_mpu_dmp_motion_driver.o(i.dmp_enable_feature)
    dmp_enable_gyro_cal                      0x08005e55   Thumb Code    62  inv_mpu_dmp_motion_driver.o(i.dmp_enable_gyro_cal)
    dmp_enable_lp_quat                       0x08005ead   Thumb Code    60  inv_mpu_dmp_motion_driver.o(i.dmp_enable_lp_quat)
    dmp_load_motion_driver_firmware          0x08005ee9   Thumb Code    20  inv_mpu_dmp_motion_driver.o(i.dmp_load_motion_driver_firmware)
    dmp_read_fifo                            0x08005f01   Thumb Code   454  inv_mpu_dmp_motion_driver.o(i.dmp_read_fifo)
    dmp_set_accel_bias                       0x080060cd   Thumb Code   300  inv_mpu_dmp_motion_driver.o(i.dmp_set_accel_bias)
    dmp_set_fifo_rate                        0x080061fd   Thumb Code    96  inv_mpu_dmp_motion_driver.o(i.dmp_set_fifo_rate)
    dmp_set_gyro_bias                        0x0800626d   Thumb Code   294  inv_mpu_dmp_motion_driver.o(i.dmp_set_gyro_bias)
    dmp_set_orientation                      0x0800639d   Thumb Code   290  inv_mpu_dmp_motion_driver.o(i.dmp_set_orientation)
    dmp_set_shake_reject_thresh              0x080064d5   Thumb Code    56  inv_mpu_dmp_motion_driver.o(i.dmp_set_shake_reject_thresh)
    dmp_set_shake_reject_time                0x0800650d   Thumb Code    38  inv_mpu_dmp_motion_driver.o(i.dmp_set_shake_reject_time)
    dmp_set_shake_reject_timeout             0x08006533   Thumb Code    38  inv_mpu_dmp_motion_driver.o(i.dmp_set_shake_reject_timeout)
    dmp_set_tap_axes                         0x08006559   Thumb Code    70  inv_mpu_dmp_motion_driver.o(i.dmp_set_tap_axes)
    dmp_set_tap_count                        0x0800659f   Thumb Code    38  inv_mpu_dmp_motion_driver.o(i.dmp_set_tap_count)
    dmp_set_tap_thresh                       0x080065c5   Thumb Code   396  inv_mpu_dmp_motion_driver.o(i.dmp_set_tap_thresh)
    dmp_set_tap_time                         0x08006765   Thumb Code    38  inv_mpu_dmp_motion_driver.o(i.dmp_set_tap_time)
    dmp_set_tap_time_multi                   0x0800678b   Thumb Code    38  inv_mpu_dmp_motion_driver.o(i.dmp_set_tap_time_multi)
    fputc                                    0x080067b1   Thumb Code   104  wp_oled.o(i.fputc)
    get_ms                                   0x080068d9   Thumb Code     2  wp_globle.o(i.get_ms)
    i2cread                                  0x08006f39   Thumb Code    38  wp_iic.o(i.i2cread)
    i2cwrite                                 0x08006f5f   Thumb Code    38  wp_iic.o(i.i2cwrite)
    inv_orientation_matrix_to_scalar         0x08006f85   Thumb Code    40  wp_mpu6050.o(i.inv_orientation_matrix_to_scalar)
    main                                     0x08007015   Thumb Code  1660  main.o(i.main)
    malloc                                   0x080076e5   Thumb Code    92  malloc.o(i.malloc)
    mpu_configure_fifo                       0x08007751   Thumb Code   106  inv_mpu.o(i.mpu_configure_fifo)
    mpu_get_accel_fsr                        0x080077c1   Thumb Code    72  inv_mpu.o(i.mpu_get_accel_fsr)
    mpu_get_accel_sens                       0x0800780d   Thumb Code    78  inv_mpu.o(i.mpu_get_accel_sens)
    mpu_get_fifo_config                      0x08007861   Thumb Code    12  inv_mpu.o(i.mpu_get_fifo_config)
    mpu_get_gyro_fsr                         0x08007871   Thumb Code    64  inv_mpu.o(i.mpu_get_gyro_fsr)
    mpu_get_gyro_sens                        0x080078b5   Thumb Code    58  inv_mpu.o(i.mpu_get_gyro_sens)
    mpu_get_lpf                              0x08007905   Thumb Code    74  inv_mpu.o(i.mpu_get_lpf)
    mpu_get_sample_rate                      0x08007955   Thumb Code    26  inv_mpu.o(i.mpu_get_sample_rate)
    mpu_init                                 0x08007975   Thumb Code   414  inv_mpu.o(i.mpu_init)
    mpu_load_firmware                        0x08007b65   Thumb Code   180  inv_mpu.o(i.mpu_load_firmware)
    mpu_lp_accel_mode                        0x08007c1d   Thumb Code   218  inv_mpu.o(i.mpu_lp_accel_mode)
    mpu_read_fifo_stream                     0x08007cfd   Thumb Code   186  inv_mpu.o(i.mpu_read_fifo_stream)
    mpu_read_mem                             0x08007dbd   Thumb Code   122  inv_mpu.o(i.mpu_read_mem)
    mpu_reset_fifo                           0x08007e3d   Thumb Code   450  inv_mpu.o(i.mpu_reset_fifo)
    mpu_run_self_test                        0x08008005   Thumb Code   278  inv_mpu.o(i.mpu_run_self_test)
    mpu_set_accel_fsr                        0x08008121   Thumb Code   126  inv_mpu.o(i.mpu_set_accel_fsr)
    mpu_set_bypass                           0x080081a5   Thumb Code   328  inv_mpu.o(i.mpu_set_bypass)
    mpu_set_dmp_state                        0x080082f1   Thumb Code   138  inv_mpu.o(i.mpu_set_dmp_state)
    mpu_set_gyro_fsr                         0x08008381   Thumb Code   132  inv_mpu.o(i.mpu_set_gyro_fsr)
    mpu_set_int_latched                      0x08008409   Thumb Code   102  inv_mpu.o(i.mpu_set_int_latched)
    mpu_set_lpf                              0x08008475   Thumb Code   126  inv_mpu.o(i.mpu_set_lpf)
    mpu_set_sample_rate                      0x080084f9   Thumb Code   152  inv_mpu.o(i.mpu_set_sample_rate)
    mpu_set_sensors                          0x08008595   Thumb Code   202  inv_mpu.o(i.mpu_set_sensors)
    mpu_write_mem                            0x08008665   Thumb Code   122  inv_mpu.o(i.mpu_write_mem)
    run_self_test                            0x080086e5   Thumb Code   146  wp_mpu6050.o(i.run_self_test)
    sin                                      0x08008809   Thumb Code   166  sin.o(i.sin)
    sqrt                                     0x080088b9   Thumb Code    76  sqrt.o(i.sqrt)
    strcat                                   0x08008905   Thumb Code    42  stdlib.o(i.strcat)
    strcpy                                   0x0800892f   Thumb Code    32  stdlib.o(i.strcpy)
    strlen                                   0x0800894f   Thumb Code    30  stdlib.o(i.strlen)
    Name16x16                                0x0800896c   Data         256  wp_oled.o(.constdata)
    Atti16x16                                0x08008a6c   Data         128  wp_oled.o(.constdata)
    F6x8                                     0x08008aec   Data         552  wp_oled.o(.constdata)
    F8X16                                    0x08008d14   Data        1520  wp_oled.o(.constdata)
    hw                                       0x08009304   Data          12  inv_mpu.o(.constdata)
    reg                                      0x08009310   Data          27  inv_mpu.o(.constdata)
    test                                     0x0800932c   Data          40  inv_mpu.o(.constdata)
    __mathlib_zero                           0x0800a0b0   Data           8  qnan.o(.constdata)
    Region$$Table$$Base                      0x0800a1b4   Number         0  anon$$obj.o(Region$$Table)
    Region$$Table$$Limit                     0x0800a1d4   Number         0  anon$$obj.o(Region$$Table)
    g_SysTickTimer                           0x20000050   Data           4  wp_globle.o(.data)
    g_UP_Uart1ITAddress                      0x20000054   Data           4  wp_globle.o(.data)
    g_UP_Uart2ITAddress                      0x20000058   Data           4  wp_globle.o(.data)
    g_UP_Uart3ITAddress                      0x2000005c   Data           4  wp_globle.o(.data)
    g_UP_ExtiFlag                            0x20000060   Data           4  wp_globle.o(.data)
    g_UP_ExtiITAddress                       0x20000064   Data           4  wp_globle.o(.data)
    g_UP_bTimerIT                            0x20000068   Data           4  wp_globle.o(.data)
    g_UP_TimerITAddress                      0x2000006c   Data           4  wp_globle.o(.data)
    powervalue                               0x20000070   Data           4  wp_globle.o(.data)
    powervalueint                            0x20000074   Data           2  wp_globle.o(.data)
    positionvalue                            0x20000076   Data           6  wp_globle.o(.data)
    sendtemp                                 0x2000007c   Data           8  wp_globle.o(.data)
    keyvalue                                 0x20000084   Data           1  wp_globle.o(.data)
    UART2_data                               0x20000085   Data           1  wp_globle.o(.data)
    gpioinputvalue                           0x20000086   Data           1  wp_globle.o(.data)
    gpiooutputvalue                          0x20000087   Data           1  wp_globle.o(.data)
    blename                                  0x20000088   Data           4  wp_globle.o(.data)
    oled_x                                   0x2000008c   Data           1  wp_globle.o(.data)
    oled_y                                   0x2000008d   Data           1  wp_globle.o(.data)
    exflashid                                0x2000008e   Data           2  wp_globle.o(.data)
    direction                                0x20000090   Data           4  wp_globle.o(.data)
    speed                                    0x20000094   Data           4  wp_globle.o(.data)
    location_x                               0x20000098   Data           8  wp_globle.o(.data)
    location_y                               0x200000a0   Data           8  wp_globle.o(.data)
    angle                                    0x200000a8   Data           4  wp_globle.o(.data)
    runflag                                  0x200000ac   Data           1  wp_globle.o(.data)
    key_up                                   0x200000b0   Data           8  wp_globle.o(.data)
    key_down                                 0x200000b8   Data           8  wp_globle.o(.data)
    key_back                                 0x200000c0   Data           8  wp_globle.o(.data)
    key_ok                                   0x200000c8   Data           8  wp_globle.o(.data)
    type_conv                                0x200000e0   Data           4  wp_mpu6050.o(.data)
    g_UP_TimerCCRVal_L16                     0x200000e4   Data           8  wp_timer.o(.data)
    g_UP_TimerCCRVal_H16                     0x200000ec   Data           8  wp_timer.o(.data)
    g_UP_TempCCRVal_L16                      0x200000f4   Data           8  wp_timer.o(.data)
    g_UP_TempCCRVal_H16                      0x200000fc   Data           8  wp_timer.o(.data)
    g_UP_PWMDutyTime                         0x20000106   Data           8  wp_pwm.o(.data)
    g_UP_bPWM_L                              0x2000010e   Data           4  wp_pwm.o(.data)
    g_UP_PWMCCRVal_H                         0x20000112   Data           8  wp_pwm.o(.data)
    g_UP_PWMCCRVal_L                         0x2000011a   Data           8  wp_pwm.o(.data)
    g_UP_bPWMMode                            0x20000122   Data           4  wp_pwm.o(.data)
    g_UP_PWMIOVal                            0x20000126   Data           4  wp_pwm.o(.data)
    SystemCoreClock                          0x20000148   Data           4  system_stm32f10x.o(.data)
    AHBPrescTable                            0x2000014c   Data          16  system_stm32f10x.o(.data)
    __stdout                                 0x20000188   Data           4  stdout.o(.data)
    __microlib_freelist                      0x2000018c   Data           4  mvars.o(.data)
    __microlib_freelist_initialised          0x20000190   Data           4  mvars.o(.data)
    g_ADValue                                0x20000198   Data          32  wp_globle.o(.bss)
    analogvalue                              0x200001b8   Data          60  wp_globle.o(.bss)
    powertemp                                0x200001f4   Data          64  wp_globle.o(.bss)
    receivebuf                               0x20000234   Data          20  wp_globle.o(.bss)
    luxvalue                                 0x20000248   Data          12  wp_globle.o(.bss)
    grayscaleSensor                          0x20000254   Data          24  wp_globle.o(.bss)
    infrareddistance                         0x2000026c   Data          16  wp_globle.o(.bss)
    motorspeedbuffer                         0x2000027c   Data          16  wp_globle.o(.bss)
    wp_dmp_data                              0x2000029c   Data          48  wp_mpu6050.o(.bss)
    str_cmd                                  0x200002dc   Data          64  uprobot.o(.bss)
    str_reply                                0x2000031c   Data          64  uprobot.o(.bss)
    str_rx_buffer                            0x2000035c   Data          16  queue.o(.bss)
    ble_rx_buffer                            0x2000036c   Data          16  queue.o(.bss)
    motor_rx_buffer                          0x2000037c   Data          16  queue.o(.bss)
    str_motor_cmd                            0x2000038c   Data          40  wp_motor.o(.bss)
    str_motor_reply                          0x200003b4   Data          40  wp_motor.o(.bss)
    motor_data                               0x200003dc   Data          48  wp_motor.o(.bss)
    __heap_base                              0x20000420   Data           0  startup_stm32f10x_hd.o(HEAP)
    __heap_limit                             0x20000620   Data           0  startup_stm32f10x_hd.o(HEAP)
    __initial_sp                             0x20000a20   Data           0  startup_stm32f10x_hd.o(STACK)



==============================================================================

Memory Map of the image

  Image Entry point : 0x08000145

  Load Region LR_1 (Base: 0x08000000, Size: 0x0000a36c, Max: 0xffffffff, ABSOLUTE, COMPRESSED[0x0000a214])

    Execution Region ER_RO (Base: 0x08000000, Size: 0x0000a1d4, Max: 0xffffffff, ABSOLUTE)

    Base Addr    Size         Type   Attr      Idx    E Section Name        Object

    0x08000000   0x00000130   Data   RO         4693    RESET               startup_stm32f10x_hd.o
    0x08000130   0x00000000   Code   RO         5200  * .ARM.Collect$$$$00000000  mc_w.l(entry.o)
    0x08000130   0x00000004   Code   RO         5576    .ARM.Collect$$$$00000001  mc_w.l(entry2.o)
    0x08000134   0x00000004   Code   RO         5579    .ARM.Collect$$$$00000004  mc_w.l(entry5.o)
    0x08000138   0x00000000   Code   RO         5581    .ARM.Collect$$$$00000008  mc_w.l(entry7b.o)
    0x08000138   0x00000000   Code   RO         5583    .ARM.Collect$$$$0000000A  mc_w.l(entry8b.o)
    0x08000138   0x00000008   Code   RO         5584    .ARM.Collect$$$$0000000B  mc_w.l(entry9a.o)
    0x08000140   0x00000000   Code   RO         5586    .ARM.Collect$$$$0000000D  mc_w.l(entry10a.o)
    0x08000140   0x00000000   Code   RO         5588    .ARM.Collect$$$$0000000F  mc_w.l(entry11a.o)
    0x08000140   0x00000004   Code   RO         5577    .ARM.Collect$$$$00002712  mc_w.l(entry2.o)
    0x08000144   0x00000024   Code   RO         4694  * .text               startup_stm32f10x_hd.o
    0x08000168   0x0000005a   Code   RO         5203    .text               mc_w.l(ldiv.o)
    0x080001c2   0x00000024   Code   RO         5205    .text               mc_w.l(memseta.o)
    0x080001e6   0x0000001a   Code   RO         5207    .text               mc_w.l(memcmp.o)
    0x08000200   0x000000b0   Code   RO         5497    .text               mf_w.l(fadd.o)
    0x080002b0   0x0000006c   Code   RO         5499    .text               mf_w.l(fmul.o)
    0x0800031c   0x00000080   Code   RO         5501    .text               mf_w.l(fdiv.o)
    0x0800039c   0x0000014e   Code   RO         5503    .text               mf_w.l(dadd.o)
    0x080004ea   0x000000e4   Code   RO         5505    .text               mf_w.l(dmul.o)
    0x080005ce   0x000000de   Code   RO         5507    .text               mf_w.l(ddiv.o)
    0x080006ac   0x00000012   Code   RO         5509    .text               mf_w.l(fflti.o)
    0x080006be   0x0000000a   Code   RO         5511    .text               mf_w.l(ffltui.o)
    0x080006c8   0x00000022   Code   RO         5513    .text               mf_w.l(dflti.o)
    0x080006ea   0x0000001a   Code   RO         5515    .text               mf_w.l(dfltui.o)
    0x08000704   0x00000032   Code   RO         5517    .text               mf_w.l(ffixi.o)
    0x08000736   0x00000028   Code   RO         5519    .text               mf_w.l(ffixui.o)
    0x0800075e   0x0000003e   Code   RO         5521    .text               mf_w.l(dfixi.o)
    0x0800079c   0x00000032   Code   RO         5523    .text               mf_w.l(dfixui.o)
    0x080007ce   0x00000026   Code   RO         5525    .text               mf_w.l(f2d.o)
    0x080007f4   0x00000028   Code   RO         5527    .text               mf_w.l(cdcmple.o)
    0x0800081c   0x00000028   Code   RO         5529    .text               mf_w.l(cdrcmple.o)
    0x08000844   0x00000038   Code   RO         5531    .text               mf_w.l(d2f.o)
    0x0800087c   0x00000014   Code   RO         5533    .text               mf_w.l(cfcmple.o)
    0x08000890   0x00000014   Code   RO         5535    .text               mf_w.l(cfrcmple.o)
    0x080008a4   0x00000062   Code   RO         5593    .text               mc_w.l(uldiv.o)
    0x08000906   0x0000001e   Code   RO         5595    .text               mc_w.l(llshl.o)
    0x08000924   0x00000020   Code   RO         5597    .text               mc_w.l(llushr.o)
    0x08000944   0x00000024   Code   RO         5599    .text               mc_w.l(llsshr.o)
    0x08000968   0x00000000   Code   RO         5614    .text               mc_w.l(iusefp.o)
    0x08000968   0x0000006c   Code   RO         5615    .text               mf_w.l(fepilogue.o)
    0x080009d4   0x000000be   Code   RO         5617    .text               mf_w.l(depilogue.o)
    0x08000a92   0x0000002e   Code   RO         5619    .text               mf_w.l(dscalb.o)
    0x08000ac0   0x00000024   Code   RO         5623    .text               mc_w.l(init.o)
    0x08000ae4   0x000000a2   Code   RO         5625    .text               mf_w.l(dsqrt.o)
    0x08000b86   0x0000005c   Code   RO         5635    .text               mc_w.l(__dczerorl2.o)
    0x08000be2   0x00000016   Code   RO         2280    i.ADC_Cmd           stm32f10x_adc.o
    0x08000bf8   0x00000016   Code   RO         2281    i.ADC_DMACmd        stm32f10x_adc.o
    0x08000c0e   0x00000014   Code   RO         2288    i.ADC_GetCalibrationStatus  stm32f10x_adc.o
    0x08000c22   0x00000014   Code   RO         2294    i.ADC_GetResetCalibrationStatus  stm32f10x_adc.o
    0x08000c36   0x00000002   PAD
    0x08000c38   0x00000050   Code   RO         2298    i.ADC_Init          stm32f10x_adc.o
    0x08000c88   0x000000b8   Code   RO         2302    i.ADC_RegularChannelConfig  stm32f10x_adc.o
    0x08000d40   0x0000000a   Code   RO         2303    i.ADC_ResetCalibration  stm32f10x_adc.o
    0x08000d4a   0x00000016   Code   RO         2305    i.ADC_SoftwareStartConvCmd  stm32f10x_adc.o
    0x08000d60   0x0000000a   Code   RO         2307    i.ADC_StartCalibration  stm32f10x_adc.o
    0x08000d6a   0x0000001c   Code   RO         1143    i.AddBufferQueue    queue.o
    0x08000d86   0x00000012   Code   RO          748    i.DMA1_Channel1_IRQHandler  wp_it.o
    0x08000d98   0x00000018   Code   RO          749    i.DMA1_Channel4_IRQHandler  wp_it.o
    0x08000db0   0x0000000c   Code   RO          750    i.DMA1_Channel5_IRQHandler  wp_it.o
    0x08000dbc   0x0000001c   Code   RO         2496    i.DMA_ClearFlag     stm32f10x_dma.o
    0x08000dd8   0x0000001c   Code   RO         2497    i.DMA_ClearITPendingBit  stm32f10x_dma.o
    0x08000df4   0x00000018   Code   RO         2498    i.DMA_Cmd           stm32f10x_dma.o
    0x08000e0c   0x0000014c   Code   RO         2499    i.DMA_DeInit        stm32f10x_dma.o
    0x08000f58   0x0000002c   Code   RO         2502    i.DMA_GetITStatus   stm32f10x_dma.o
    0x08000f84   0x00000012   Code   RO         2503    i.DMA_ITConfig      stm32f10x_dma.o
    0x08000f96   0x0000003c   Code   RO         2504    i.DMA_Init          stm32f10x_dma.o
    0x08000fd2   0x00000010   Code   RO          752    i.EXTI0_IRQHandler  wp_it.o
    0x08000fe2   0x000000aa   Code   RO          753    i.EXTI15_10_IRQHandler  wp_it.o
    0x0800108c   0x00000010   Code   RO          754    i.EXTI1_IRQHandler  wp_it.o
    0x0800109c   0x00000010   Code   RO          755    i.EXTI2_IRQHandler  wp_it.o
    0x080010ac   0x00000010   Code   RO          756    i.EXTI3_IRQHandler  wp_it.o
    0x080010bc   0x00000010   Code   RO          757    i.EXTI4_IRQHandler  wp_it.o
    0x080010cc   0x0000007c   Code   RO          758    i.EXTI9_5_IRQHandler  wp_it.o
    0x08001148   0x0000000c   Code   RO         3024    i.EXTI_ClearITPendingBit  stm32f10x_exti.o
    0x08001154   0x00000028   Code   RO         3028    i.EXTI_GetITStatus  stm32f10x_exti.o
    0x0800117c   0x00000018   Code   RO          759    i.EXTI_IRQHandler   wp_it.o
    0x08001194   0x00000112   Code   RO         1929    i.GPIO_Init         stm32f10x_gpio.o
    0x080012a6   0x00000002   PAD
    0x080012a8   0x00000090   Code   RO         1931    i.GPIO_PinRemapConfig  stm32f10x_gpio.o
    0x08001338   0x00000012   Code   RO         1933    i.GPIO_ReadInputDataBit  stm32f10x_gpio.o
    0x0800134a   0x00000012   Code   RO         1935    i.GPIO_ReadOutputDataBit  stm32f10x_gpio.o
    0x0800135c   0x00000004   Code   RO         1936    i.GPIO_ResetBits    stm32f10x_gpio.o
    0x08001360   0x00000004   Code   RO         1937    i.GPIO_SetBits      stm32f10x_gpio.o
    0x08001364   0x00000564   Code   RO         1670    i.GetLocation       location.o
    0x080018c8   0x00000038   Code   RO          409    i.I2C_Ack           wp_iic.o
    0x08001900   0x00000038   Code   RO          410    i.I2C_NoAck         wp_iic.o
    0x08001938   0x00000054   Code   RO          411    i.I2C_ReceiveByte   wp_iic.o
    0x0800198c   0x00000058   Code   RO          412    i.I2C_SendByte      wp_iic.o
    0x080019e4   0x00000058   Code   RO          413    i.I2C_Start         wp_iic.o
    0x08001a3c   0x00000038   Code   RO          414    i.I2C_Stop          wp_iic.o
    0x08001a74   0x0000004c   Code   RO          415    i.I2C_WaitAck       wp_iic.o
    0x08001ac0   0x0000000e   Code   RO          416    i.I2C_delay         wp_iic.o
    0x08001ace   0x00000030   Code   RO         1147    i.InitBufferQueue   queue.o
    0x08001afe   0x00000002   PAD
    0x08001b00   0x0000001c   Code   RO         1197    i.KeyBack_state     wp_key.o
    0x08001b1c   0x0000001c   Code   RO         1198    i.KeyDown_state     wp_key.o
    0x08001b38   0x0000001c   Code   RO         1199    i.KeyOk_state       wp_key.o
    0x08001b54   0x0000001c   Code   RO         1200    i.KeyUp_state       wp_key.o
    0x08001b70   0x00000074   Code   RO         1887    i.NVIC_Init         misc.o
    0x08001be4   0x00000014   Code   RO         1888    i.NVIC_PriorityGroupConfig  misc.o
    0x08001bf8   0x0000001a   Code   RO          495    i.OLED_DLY_ms       wp_oled.o
    0x08001c12   0x00000028   Code   RO          496    i.OLED_Dis6x8CharNum  wp_oled.o
    0x08001c3a   0x00000028   Code   RO          497    i.OLED_Dis8x16CharNum  wp_oled.o
    0x08001c62   0x00000002   PAD
    0x08001c64   0x00000060   Code   RO          498    i.OLED_P6x8Char     wp_oled.o
    0x08001cc4   0x000000b0   Code   RO          500    i.OLED_P8x16Char    wp_oled.o
    0x08001d74   0x000000d4   Code   RO          501    i.OLED_P8x16Str     wp_oled.o
    0x08001e48   0x00000028   Code   RO          502    i.OLED_Set_Pos      wp_oled.o
    0x08001e70   0x00000060   Code   RO          503    i.OLED_WrCmd        wp_oled.o
    0x08001ed0   0x00000064   Code   RO          504    i.OLED_WrDat        wp_oled.o
    0x08001f34   0x00000032   Code   RO         1148    i.OutBufferQueue    queue.o
    0x08001f66   0x00000002   PAD
    0x08001f68   0x00000020   Code   RO         1688    i.RCC_AHBPeriphClockCmd  stm32f10x_rcc.o
    0x08001f88   0x00000020   Code   RO         1689    i.RCC_APB1PeriphClockCmd  stm32f10x_rcc.o
    0x08001fa8   0x00000020   Code   RO         1691    i.RCC_APB2PeriphClockCmd  stm32f10x_rcc.o
    0x08001fc8   0x00000074   Code   RO          928    i.RCC_Configuration  wp_sys.o
    0x0800203c   0x000000d4   Code   RO         1699    i.RCC_GetClocksFreq  stm32f10x_rcc.o
    0x08002110   0x00000014   Code   RO          321    i.ReceiveUart1Hadler  wp_uart.o
    0x08002124   0x0000000c   Code   RO          322    i.ReceiveUart2Hadler  wp_uart.o
    0x08002130   0x00000014   Code   RO         1278    i.ReceiveUart3Hadler  wp_motor.o
    0x08002144   0x00000018   Code   RO         3970    i.SPI_Cmd           stm32f10x_spi.o
    0x0800215c   0x0000003c   Code   RO         3983    i.SPI_Init          stm32f10x_spi.o
    0x08002198   0x00000008   Code   RO         4657    i.SetSysClock       system_stm32f10x.o
    0x080021a0   0x000000dc   Code   RO         4658    i.SetSysClockTo72   system_stm32f10x.o
    0x0800227c   0x00000024   Code   RO          417    i.SimulateI2cInit   wp_iic.o
    0x080022a0   0x00000018   Code   RO          765    i.SysTick_Handler   wp_it.o
    0x080022b8   0x00000060   Code   RO         4660    i.SystemInit        system_stm32f10x.o
    0x08002318   0x00000008   Code   RO          766    i.TIM2_IRQHandler   wp_it.o
    0x08002320   0x00000008   Code   RO          767    i.TIM3_IRQHandler   wp_it.o
    0x08002328   0x00000008   Code   RO          768    i.TIM4_IRQHandler   wp_it.o
    0x08002330   0x00000018   Code   RO         4113    i.TIM_ARRPreloadConfig  stm32f10x_tim.o
    0x08002348   0x00000006   Code   RO         4120    i.TIM_ClearITPendingBit  stm32f10x_tim.o
    0x0800234e   0x00000018   Code   RO         4125    i.TIM_Cmd           stm32f10x_tim.o
    0x08002366   0x00000022   Code   RO         4146    i.TIM_GetITStatus   stm32f10x_tim.o
    0x08002388   0x00000012   Code   RO         4150    i.TIM_ITConfig      stm32f10x_tim.o
    0x0800239a   0x00000002   PAD
    0x0800239c   0x00000098   Code   RO         4154    i.TIM_OC1Init       stm32f10x_tim.o
    0x08002434   0x00000012   Code   RO         4157    i.TIM_OC1PreloadConfig  stm32f10x_tim.o
    0x08002446   0x00000002   PAD
    0x08002448   0x000000a4   Code   RO         4196    i.TIM_TimeBaseInit  stm32f10x_tim.o
    0x080024ec   0x00000012   Code   RO         1149    i.TestEmptyBufferQueue  queue.o
    0x080024fe   0x00000002   PAD
    0x08002500   0x00000054   Code   RO          769    i.USART1_IRQHandler  wp_it.o
    0x08002554   0x00000054   Code   RO          770    i.USART2_IRQHandler  wp_it.o
    0x080025a8   0x00000054   Code   RO          771    i.USART3_IRQHandler  wp_it.o
    0x080025fc   0x00000012   Code   RO         2094    i.USART_ClearFlag   stm32f10x_usart.o
    0x0800260e   0x0000001e   Code   RO         2095    i.USART_ClearITPendingBit  stm32f10x_usart.o
    0x0800262c   0x00000022   Code   RO         2096    i.USART_ClockInit   stm32f10x_usart.o
    0x0800264e   0x00000018   Code   RO         2098    i.USART_Cmd         stm32f10x_usart.o
    0x08002666   0x00000012   Code   RO         2099    i.USART_DMACmd      stm32f10x_usart.o
    0x08002678   0x0000001a   Code   RO         2101    i.USART_GetFlagStatus  stm32f10x_usart.o
    0x08002692   0x00000054   Code   RO         2102    i.USART_GetITStatus  stm32f10x_usart.o
    0x080026e6   0x0000004a   Code   RO         2104    i.USART_ITConfig    stm32f10x_usart.o
    0x08002730   0x000000d8   Code   RO         2105    i.USART_Init        stm32f10x_usart.o
    0x08002808   0x0000000a   Code   RO         2112    i.USART_ReceiveData  stm32f10x_usart.o
    0x08002812   0x00000008   Code   RO         2115    i.USART_SendData    stm32f10x_usart.o
    0x0800281a   0x00000002   PAD
    0x0800281c   0x000000e8   Code   RO         1279    i.UpMotorSlaveRxPacket  wp_motor.o
    0x08002904   0x0000007a   Code   RO         1280    i.UpMotorSlaveTxPacket  wp_motor.o
    0x0800297e   0x00000002   PAD
    0x08002980   0x0000004c   Code   RO         1282    i.Wp_ActiomMotorMode  wp_motor.o
    0x080029cc   0x00000190   Code   RO          187    i.Wp_AdcConfigure   wp_adc.o
    0x08002b5c   0x00000060   Code   RO          188    i.Wp_AdcDMAConfigure  wp_adc.o
    0x08002bbc   0x00000030   Code   RO         1253    i.Wp_BleKeyInit     wp_ble.o
    0x08002bec   0x0000026c   Code   RO          191    i.Wp_CalculateDistanceChannel  wp_adc.o
    0x08002e58   0x00000080   Code   RO          192    i.Wp_CalculateLuxChannel  wp_adc.o
    0x08002ed8   0x00000050   Code   RO          505    i.Wp_ClearOled      wp_oled.o
    0x08002f28   0x00000014   Code   RO          258    i.Wp_DelayMs        wp_globle.o
    0x08002f3c   0x0000001a   Code   RO          259    i.Wp_DelayUs        wp_globle.o
    0x08002f56   0x0000009c   Code   RO          506    i.Wp_DisIntNum      wp_oled.o
    0x08002ff2   0x00000002   PAD
    0x08002ff4   0x0000008c   Code   RO          507    i.Wp_DisP16x16DotArray  wp_oled.o
    0x08003080   0x0000008a   Code   RO          508    i.Wp_DisP16x16HanZiArray  wp_oled.o
    0x0800310a   0x00000002   PAD
    0x0800310c   0x00000110   Code   RO          509    i.Wp_Disfloat       wp_oled.o
    0x0800321c   0x0000019c   Code   RO          510    i.Wp_DisfloatIntegerandDecimal  wp_oled.o
    0x080033b8   0x00000084   Code   RO          193    i.Wp_FilterPower    wp_adc.o
    0x0800343c   0x000000c4   Code   RO         1524    i.Wp_FlashSpiConfigure  wp_25f16.o
    0x08003500   0x00000018   Code   RO          194    i.Wp_GetAdcChannelSamplingValue  wp_adc.o
    0x08003518   0x00000064   Code   RO          195    i.Wp_GetAdcVoltageValue  wp_adc.o
    0x0800357c   0x00000044   Code   RO          616    i.Wp_GetInputValue  wp_gpio.o
    0x080035c0   0x00000228   Code   RO          695    i.Wp_GetMpu6050Dmp  wp_mpu6050.o
    0x080037e8   0x00000080   Code   RO          617    i.Wp_GetOutputValue  wp_gpio.o
    0x08003868   0x00000034   Code   RO          197    i.Wp_GetPowerSamplingValue  wp_adc.o
    0x0800389c   0x00000098   Code   RO          620    i.Wp_GpioConfigure  wp_gpio.o
    0x08003934   0x0000004e   Code   RO         1201    i.Wp_KeyAccessTimes  wp_key.o
    0x08003982   0x00000002   PAD
    0x08003984   0x00000068   Code   RO         1202    i.Wp_KeyInit        wp_key.o
    0x080039ec   0x0000000c   Code   RO         1203    i.Wp_KeyObjectInit  wp_key.o
    0x080039f8   0x00000056   Code   RO         1204    i.Wp_KeyRefreshState  wp_key.o
    0x08003a4e   0x00000002   PAD
    0x08003a50   0x00000054   Code   RO          696    i.Wp_MPU6050DMP_Init  wp_mpu6050.o
    0x08003aa4   0x0000002c   Code   RO          697    i.Wp_Mpu6050Gpio    wp_mpu6050.o
    0x08003ad0   0x000000bc   Code   RO          916    i.Wp_NVIC_Configuration  wp_nvic.o
    0x08003b8c   0x000000f4   Code   RO          512    i.Wp_OledInit       wp_oled.o
    0x08003c80   0x0000011c   Code   RO         1458    i.Wp_Pwm_TimerPro   wp_pwm.o
    0x08003d9c   0x0000003c   Code   RO         1254    i.Wp_SetBleBaud     wp_ble.o
    0x08003dd8   0x00000030   Code   RO         1255    i.Wp_SetBleName     wp_ble.o
    0x08003e08   0x00000074   Code   RO         1283    i.Wp_SetMotorSpeed  wp_motor.o
    0x08003e7c   0x0000000c   Code   RO          323    i.Wp_SetUART1Hadler  wp_uart.o
    0x08003e88   0x0000000c   Code   RO          324    i.Wp_SetUART2Hadler  wp_uart.o
    0x08003e94   0x0000000c   Code   RO         1284    i.Wp_SetUART3Hadler  wp_motor.o
    0x08003ea0   0x00000658   Code   RO           17    i.Wp_Sev_TimerPro   main.o
    0x080044f8   0x000001ac   Code   RO          929    i.Wp_SystemConfigure  wp_sys.o
    0x080046a4   0x00000076   Code   RO          953    i.Wp_Timer2Configure  wp_timer.o
    0x0800471a   0x00000002   PAD
    0x0800471c   0x00000074   Code   RO         1649    i.Wp_Uart1RxDmaInit  wp_dma.o
    0x08004790   0x00000074   Code   RO         1650    i.Wp_Uart1TxDmaInit  wp_dma.o
    0x08004804   0x000000d8   Code   RO          325    i.Wp_Usart1Configure  wp_uart.o
    0x080048dc   0x0000002c   Code   RO          328    i.Wp_Usart1_SendStr  wp_uart.o
    0x08004908   0x000000bc   Code   RO          329    i.Wp_Usart2Configure  wp_uart.o
    0x080049c4   0x00000020   Code   RO          330    i.Wp_Usart2_SendChar  wp_uart.o
    0x080049e4   0x0000002c   Code   RO          332    i.Wp_Usart2_SendStr  wp_uart.o
    0x08004a10   0x000000e4   Code   RO         1285    i.Wp_Usart3Configure  wp_motor.o
    0x08004af4   0x00000020   Code   RO         1286    i.Wp_Usart3_SendChar  wp_motor.o
    0x08004b14   0x00000228   Code   RO          959    i.Wp_User_TimerPro  wp_timer.o
    0x08004d3c   0x00000010   Code   RO         5210    i.__0printf$bare    mc_w.l(printfb.o)
    0x08004d4c   0x00000028   Code   RO         5552    i.__ARM_fpclassify  m_ws.l(fpclassify.o)
    0x08004d74   0x00000388   Code   RO         5557    i.__ieee754_rem_pio2  m_ws.l(rred.o)
    0x080050fc   0x000000fc   Code   RO         5547    i.__kernel_cos      m_ws.l(cos_i.o)
    0x080051f8   0x000000aa   Code   RO         5554    i.__kernel_poly     m_ws.l(poly.o)
    0x080052a2   0x00000002   PAD
    0x080052a4   0x000000ec   Code   RO         5562    i.__kernel_sin      m_ws.l(sin_i.o)
    0x08005390   0x00000010   Code   RO         5550    i.__mathlib_dbl_underflow  m_ws.l(dunder.o)
    0x080053a0   0x0000000e   Code   RO         5629    i.__scatterload_copy  mc_w.l(handlers.o)
    0x080053ae   0x00000002   Code   RO         5630    i.__scatterload_null  mc_w.l(handlers.o)
    0x080053b0   0x0000000e   Code   RO         5631    i.__scatterload_zeroinit  mc_w.l(handlers.o)
    0x080053be   0x00000002   PAD
    0x080053c0   0x0000000c   Code   RO         5609    i.__set_errno       mc_w.l(errno.o)
    0x080053cc   0x00000022   Code   RO         5217    i._printf_core      mc_w.l(printfb.o)
    0x080053ee   0x00000002   PAD
    0x080053f0   0x000000a4   Code   RO         4698    i.accel_self_test   inv_mpu.o
    0x08005494   0x0000027c   Code   RO         5167    i.asin              m_ws.l(asin.o)
    0x08005710   0x00000224   Code   RO         5538    i.atan              m_ws.l(atan.o)
    0x08005934   0x00000180   Code   RO         5177    i.atan2             m_ws.l(atan2.o)
    0x08005ab4   0x000000ac   Code   RO         5185    i.cos               m_ws.l(cos.o)
    0x08005b60   0x00000064   Code   RO         4984    i.decode_gesture    inv_mpu_dmp_motion_driver.o
    0x08005bc4   0x00000018   Code   RO          262    i.delay_ms          wp_globle.o
    0x08005bdc   0x0000001e   Code   RO          263    i.delay_us          wp_globle.o
    0x08005bfa   0x0000003c   Code   RO         4985    i.dmp_enable_6x_lp_quat  inv_mpu_dmp_motion_driver.o
    0x08005c36   0x00000002   PAD
    0x08005c38   0x0000021c   Code   RO         4986    i.dmp_enable_feature  inv_mpu_dmp_motion_driver.o
    0x08005e54   0x00000058   Code   RO         4987    i.dmp_enable_gyro_cal  inv_mpu_dmp_motion_driver.o
    0x08005eac   0x0000003c   Code   RO         4988    i.dmp_enable_lp_quat  inv_mpu_dmp_motion_driver.o
    0x08005ee8   0x00000018   Code   RO         4993    i.dmp_load_motion_driver_firmware  inv_mpu_dmp_motion_driver.o
    0x08005f00   0x000001cc   Code   RO         4994    i.dmp_read_fifo     inv_mpu_dmp_motion_driver.o
    0x080060cc   0x00000130   Code   RO         4997    i.dmp_set_accel_bias  inv_mpu_dmp_motion_driver.o
    0x080061fc   0x00000070   Code   RO         4998    i.dmp_set_fifo_rate  inv_mpu_dmp_motion_driver.o
    0x0800626c   0x00000130   Code   RO         4999    i.dmp_set_gyro_bias  inv_mpu_dmp_motion_driver.o
    0x0800639c   0x00000138   Code   RO         5001    i.dmp_set_orientation  inv_mpu_dmp_motion_driver.o
    0x080064d4   0x00000038   Code   RO         5004    i.dmp_set_shake_reject_thresh  inv_mpu_dmp_motion_driver.o
    0x0800650c   0x00000026   Code   RO         5005    i.dmp_set_shake_reject_time  inv_mpu_dmp_motion_driver.o
    0x08006532   0x00000026   Code   RO         5006    i.dmp_set_shake_reject_timeout  inv_mpu_dmp_motion_driver.o
    0x08006558   0x00000046   Code   RO         5007    i.dmp_set_tap_axes  inv_mpu_dmp_motion_driver.o
    0x0800659e   0x00000026   Code   RO         5008    i.dmp_set_tap_count  inv_mpu_dmp_motion_driver.o
    0x080065c4   0x000001a0   Code   RO         5009    i.dmp_set_tap_thresh  inv_mpu_dmp_motion_driver.o
    0x08006764   0x00000026   Code   RO         5010    i.dmp_set_tap_time  inv_mpu_dmp_motion_driver.o
    0x0800678a   0x00000026   Code   RO         5011    i.dmp_set_tap_time_multi  inv_mpu_dmp_motion_driver.o
    0x080067b0   0x00000074   Code   RO          513    i.fputc             wp_oled.o
    0x08006824   0x000000b4   Code   RO         4699    i.get_accel_prod_shift  inv_mpu.o
    0x080068d8   0x00000002   Code   RO          265    i.get_ms            wp_globle.o
    0x080068da   0x00000002   PAD
    0x080068dc   0x00000470   Code   RO         4700    i.get_st_biases     inv_mpu.o
    0x08006d4c   0x0000010c   Code   RO         4701    i.gyro_self_test    inv_mpu.o
    0x08006e58   0x00000078   Code   RO          419    i.i2cRead           wp_iic.o
    0x08006ed0   0x00000068   Code   RO          421    i.i2cWriteBuffer    wp_iic.o
    0x08006f38   0x00000026   Code   RO          422    i.i2cread           wp_iic.o
    0x08006f5e   0x00000026   Code   RO          423    i.i2cwrite          wp_iic.o
    0x08006f84   0x00000028   Code   RO          698    i.inv_orientation_matrix_to_scalar  wp_mpu6050.o
    0x08006fac   0x0000004e   Code   RO          699    i.inv_row_2_scale   wp_mpu6050.o
    0x08006ffa   0x0000001a   Code   RO         1205    i.key_delay1ms      wp_key.o
    0x08007014   0x000006d0   Code   RO           18    i.main              main.o
    0x080076e4   0x0000006c   Code   RO         5470    i.malloc            mc_w.l(malloc.o)
    0x08007750   0x00000070   Code   RO         4702    i.mpu_configure_fifo  inv_mpu.o
    0x080077c0   0x0000004c   Code   RO         4703    i.mpu_get_accel_fsr  inv_mpu.o
    0x0800780c   0x00000054   Code   RO         4705    i.mpu_get_accel_sens  inv_mpu.o
    0x08007860   0x00000010   Code   RO         4710    i.mpu_get_fifo_config  inv_mpu.o
    0x08007870   0x00000044   Code   RO         4711    i.mpu_get_gyro_fsr  inv_mpu.o
    0x080078b4   0x00000050   Code   RO         4713    i.mpu_get_gyro_sens  inv_mpu.o
    0x08007904   0x00000050   Code   RO         4715    i.mpu_get_lpf       inv_mpu.o
    0x08007954   0x00000020   Code   RO         4717    i.mpu_get_sample_rate  inv_mpu.o
    0x08007974   0x000001f0   Code   RO         4719    i.mpu_init          inv_mpu.o
    0x08007b64   0x000000b8   Code   RO         4720    i.mpu_load_firmware  inv_mpu.o
    0x08007c1c   0x000000e0   Code   RO         4721    i.mpu_lp_accel_mode  inv_mpu.o
    0x08007cfc   0x000000c0   Code   RO         4724    i.mpu_read_fifo_stream  inv_mpu.o
    0x08007dbc   0x00000080   Code   RO         4725    i.mpu_read_mem      inv_mpu.o
    0x08007e3c   0x000001c8   Code   RO         4728    i.mpu_reset_fifo    inv_mpu.o
    0x08008004   0x0000011c   Code   RO         4729    i.mpu_run_self_test  inv_mpu.o
    0x08008120   0x00000084   Code   RO         4731    i.mpu_set_accel_fsr  inv_mpu.o
    0x080081a4   0x0000014c   Code   RO         4732    i.mpu_set_bypass    inv_mpu.o
    0x080082f0   0x00000090   Code   RO         4734    i.mpu_set_dmp_state  inv_mpu.o
    0x08008380   0x00000088   Code   RO         4735    i.mpu_set_gyro_fsr  inv_mpu.o
    0x08008408   0x0000006c   Code   RO         4736    i.mpu_set_int_latched  inv_mpu.o
    0x08008474   0x00000084   Code   RO         4738    i.mpu_set_lpf       inv_mpu.o
    0x080084f8   0x0000009c   Code   RO         4739    i.mpu_set_sample_rate  inv_mpu.o
    0x08008594   0x000000d0   Code   RO         4740    i.mpu_set_sensors   inv_mpu.o
    0x08008664   0x00000080   Code   RO         4741    i.mpu_write_mem     inv_mpu.o
    0x080086e4   0x00000092   Code   RO          700    i.run_self_test     wp_mpu6050.o
    0x08008776   0x00000002   PAD
    0x08008778   0x00000090   Code   RO         4742    i.set_int_enable    inv_mpu.o
    0x08008808   0x000000b0   Code   RO         5193    i.sin               m_ws.l(sin.o)
    0x080088b8   0x0000004c   Code   RO         5569    i.sqrt              m_ws.l(sqrt.o)
    0x08008904   0x0000002a   Code   RO         1362    i.strcat            stdlib.o
    0x0800892e   0x00000020   Code   RO         1364    i.strcpy            stdlib.o
    0x0800894e   0x0000001e   Code   RO         1365    i.strlen            stdlib.o
    0x0800896c   0x00000998   Data   RO          514    .constdata          wp_oled.o
    0x08009304   0x0000009d   Data   RO         4743    .constdata          inv_mpu.o
    0x080093a1   0x00000bf6   Data   RO         5013    .constdata          inv_mpu_dmp_motion_driver.o
    0x08009f97   0x00000001   PAD
    0x08009f98   0x00000050   Data   RO         5168    .constdata          m_ws.l(asin.o)
    0x08009fe8   0x00000098   Data   RO         5539    .constdata          m_ws.l(atan.o)
    0x0800a080   0x00000030   Data   RO         5548    .constdata          m_ws.l(cos_i.o)
    0x0800a0b0   0x00000008   Data   RO         5556    .constdata          m_ws.l(qnan.o)
    0x0800a0b8   0x000000c8   Data   RO         5559    .constdata          m_ws.l(rred.o)
    0x0800a180   0x00000028   Data   RO         5563    .constdata          m_ws.l(sin_i.o)
    0x0800a1a8   0x00000009   Data   RO          267    .conststring        wp_globle.o
    0x0800a1b1   0x00000003   PAD
    0x0800a1b4   0x00000020   Data   RO         5627    Region$$Table       anon$$obj.o


    Execution Region ER_RW (Base: 0x20000000, Size: 0x00000198, Max: 0xffffffff, ABSOLUTE, COMPRESSED[0x00000040])

    Base Addr    Size         Type   Attr      Idx    E Section Name        Object

    0x20000000   0x00000048   Data   RW           20    .data               main.o
    0x20000048   0x00000001   Data   RW          198    .data               wp_adc.o
    0x20000049   0x00000007   PAD
    0x20000050   0x00000080   Data   RW          268    .data               wp_globle.o
    0x200000d0   0x00000001   Data   RW          515    .data               wp_oled.o
    0x200000d1   0x00000003   PAD
    0x200000d4   0x00000010   Data   RW          702    .data               wp_mpu6050.o
    0x200000e4   0x00000020   Data   RW          961    .data               wp_timer.o
    0x20000104   0x00000001   Data   RW         1289    .data               wp_motor.o
    0x20000105   0x00000001   PAD
    0x20000106   0x00000024   Data   RW         1460    .data               wp_pwm.o
    0x2000012a   0x00000002   PAD
    0x2000012c   0x00000008   Data   RW         1671    .data               location.o
    0x20000134   0x00000014   Data   RW         1719    .data               stm32f10x_rcc.o
    0x20000148   0x00000014   Data   RW         4661    .data               system_stm32f10x.o
    0x2000015c   0x0000002c   Data   RW         4744    .data               inv_mpu.o
    0x20000188   0x00000004   Data   RW         5590    .data               mc_w.l(stdout.o)
    0x2000018c   0x00000004   Data   RW         5605    .data               mc_w.l(mvars.o)
    0x20000190   0x00000004   Data   RW         5606    .data               mc_w.l(mvars.o)
    0x20000194   0x00000004   Data   RW         5610    .data               mc_w.l(errno.o)


    Execution Region ER_ZI (Base: 0x20000198, Size: 0x00000888, Max: 0xffffffff, ABSOLUTE)

    Base Addr    Size         Type   Attr      Idx    E Section Name        Object

    0x20000198   0x000000f4   Zero   RW          266    .bss                wp_globle.o
    0x2000028c   0x00000040   Zero   RW          701    .bss                wp_mpu6050.o
    0x200002cc   0x00000090   Zero   RW         1051    .bss                uprobot.o
    0x2000035c   0x00000030   Zero   RW         1150    .bss                queue.o
    0x2000038c   0x00000080   Zero   RW         1288    .bss                wp_motor.o
    0x2000040c   0x00000010   Zero   RW         5012    .bss                inv_mpu_dmp_motion_driver.o
    0x2000041c   0x00000004   PAD
    0x20000420   0x00000200   Zero   RW         4692    HEAP                startup_stm32f10x_hd.o
    0x20000620   0x00000400   Zero   RW         4691    STACK               startup_stm32f10x_hd.o


==============================================================================

Image component sizes


      Code (inc. data)   RO Data    RW Data    ZI Data      Debug   Object Name

         0          0          0          0          0       4264   core_cm3.o
      5880        282        157         44          0      25255   inv_mpu.o
      3096        124       3062          0         16      19890   inv_mpu_dmp_motion_driver.o
      1380         72          0          8          0        910   location.o
      3368        316          0         72          0     284187   main.o
       136         24          0          0          0       1679   misc.o
       144          0          0          0         48       3325   queue.o
        36          8        304          0       1536        872   startup_stm32f10x_hd.o
       104          0          0          0          0       1787   stdlib.o
       390         10          0          0          0       7781   stm32f10x_adc.o
       534         38          0          0          0       5979   stm32f10x_dma.o
        52         12          0          0          0       1204   stm32f10x_exti.o
       462          6          0          0          0       5379   stm32f10x_gpio.o
       308         38          0         20          0       5238   stm32f10x_rcc.o
        84          0          0          0          0       2277   stm32f10x_spi.o
       440         62          0          0          0       5794   stm32f10x_tim.o
       542          6          0          0          0       9022   stm32f10x_usart.o
       324         26          0         20          0       2581   system_stm32f10x.o
         0          0          0          0        144       1392   uprobot.o
       196          8          0          0          0        655   wp_25f16.o
      1552        212          0          1          0       4742   wp_adc.o
       156         36          0          0          0       1540   wp_ble.o
       232         26          0          0          0       1140   wp_dma.o
       102          4          9        128        244       4642   wp_globle.o
       348         30          0          0          0       1570   wp_gpio.o
       854         36          0          0          0       7127   wp_iic.o
       752         38          0          0          0       8406   wp_it.o
       418         62          0          0          0       4915   wp_key.o
       838         62          0          1        128       6692   wp_motor.o
       944         16          0         16         64       5391   wp_mpu6050.o
       188          0          0          0          0        612   wp_nvic.o
      2384         66       2456          1          0      11898   wp_oled.o
       284         18          0         36          0       1449   wp_pwm.o
       544         50          0          0          0      16524   wp_sys.o
       670         26          0         32          0       2184   wp_timer.o
       580         64          0          0          0       4941   wp_uart.o

    ----------------------------------------------------------------------
     28358       1778       6024        392       2184     473244   Object Totals
         0          0         32          0          0          0   (incl. Generated)
        36          0          4         13          4          0   (incl. Padding)

    ----------------------------------------------------------------------

      Code (inc. data)   RO Data    RW Data    ZI Data      Debug   Library Member Name

       636         52         80          0          0        168   asin.o
       548         70        152          0          0        124   atan.o
       384         38          0          0          0        144   atan2.o
       172          8          0          0          0        112   cos.o
       252         22         48          0          0        124   cos_i.o
        16          6          0          0          0         68   dunder.o
        40          0          0          0          0         68   fpclassify.o
       170          0          0          0          0         96   poly.o
         0          0          8          0          0          0   qnan.o
       904         72        200          0          0        140   rred.o
       176         10          0          0          0        116   sin.o
       236         12         40          0          0        128   sin_i.o
        76          0          0          0          0         84   sqrt.o
        92          0          0          0          0          0   __dczerorl2.o
         0          0          0          0          0          0   entry.o
         0          0          0          0          0          0   entry10a.o
         0          0          0          0          0          0   entry11a.o
         8          4          0          0          0          0   entry2.o
         4          0          0          0          0          0   entry5.o
         0          0          0          0          0          0   entry7b.o
         0          0          0          0          0          0   entry8b.o
         8          4          0          0          0          0   entry9a.o
        12          6          0          4          0         68   errno.o
        30          0          0          0          0          0   handlers.o
        36          8          0          0          0         68   init.o
         0          0          0          0          0          0   iusefp.o
        90          0          0          0          0         84   ldiv.o
        30          0          0          0          0         68   llshl.o
        36          0          0          0          0         68   llsshr.o
        32          0          0          0          0         68   llushr.o
       108         16          0          0          0         84   malloc.o
        26          0          0          0          0         80   memcmp.o
        36          0          0          0          0        108   memseta.o
         0          0          0          8          0          0   mvars.o
        50          8          0          0          0        152   printfb.o
         0          0          0          4          0          0   stdout.o
        98          0          0          0          0         92   uldiv.o
        40          2          0          0          0         68   cdcmple.o
        40          2          0          0          0         68   cdrcmple.o
        20          0          0          0          0         68   cfcmple.o
        20          0          0          0          0         68   cfrcmple.o
        56          0          0          0          0         88   d2f.o
       334          0          0          0          0        148   dadd.o
       222          0          0          0          0        100   ddiv.o
       190          0          0          0          0        176   depilogue.o
        62          0          0          0          0         80   dfixi.o
        50          0          0          0          0         76   dfixui.o
        34          0          0          0          0         76   dflti.o
        26          0          0          0          0         76   dfltui.o
       228          0          0          0          0         96   dmul.o
        46          0          0          0          0         80   dscalb.o
       162          0          0          0          0        100   dsqrt.o
        38          0          0          0          0         68   f2d.o
       176          0          0          0          0        140   fadd.o
       128          0          0          0          0         88   fdiv.o
       108          0          0          0          0        168   fepilogue.o
        50          0          0          0          0         68   ffixi.o
        40          0          0          0          0         68   ffixui.o
        18          0          0          0          0         68   fflti.o
        10          0          0          0          0         68   ffltui.o
       108          0          0          0          0         76   fmul.o

    ----------------------------------------------------------------------
      6518        340        528         16          0       4492   Library Totals
         6          0          0          0          0          0   (incl. Padding)

    ----------------------------------------------------------------------

      Code (inc. data)   RO Data    RW Data    ZI Data      Debug   Library Name

      3610        290        528          0          0       1372   m_ws.l
       696         46          0         16          0        940   mc_w.l
      2206          4          0          0          0       2180   mf_w.l

    ----------------------------------------------------------------------
      6518        340        528         16          0       4492   Library Totals

    ----------------------------------------------------------------------

==============================================================================


      Code (inc. data)   RO Data    RW Data    ZI Data      Debug   

     34876       2118       6552        408       2184     464112   Grand Totals
     34876       2118       6552         64       2184     464112   ELF Image Totals (compressed)
     34876       2118       6552         64          0          0   ROM Totals

==============================================================================

    Total RO  Size (Code + RO Data)                41428 (  40.46kB)
    Total RW  Size (RW Data + ZI Data)              2592 (   2.53kB)
    Total ROM Size (Code + RO Data + RW Data)      41492 (  40.52kB)

==============================================================================

